Archive member included to satisfy reference by file (symbol)

c:/st/stm32cubeide_1.8.0/stm32cubeide/plugins/com.st.stm32cube.ide.mcu.externaltools.gnu-tools-for-stm32.9-2020-q2-update.win32_2.0.0.202105311346/tools/bin/../lib/gcc/arm-none-eabi/9.3.1/../../../../arm-none-eabi/lib/thumb/v7e-m+fp/hard\libc_nano.a(lib_a-errno.o)
                              ./Core/Src/sysmem.o (__errno)
c:/st/stm32cubeide_1.8.0/stm32cubeide/plugins/com.st.stm32cube.ide.mcu.externaltools.gnu-tools-for-stm32.9-2020-q2-update.win32_2.0.0.202105311346/tools/bin/../lib/gcc/arm-none-eabi/9.3.1/../../../../arm-none-eabi/lib/thumb/v7e-m+fp/hard\libc_nano.a(lib_a-exit.o)
                              c:/st/stm32cubeide_1.8.0/stm32cubeide/plugins/com.st.stm32cube.ide.mcu.externaltools.gnu-tools-for-stm32.9-2020-q2-update.win32_2.0.0.202105311346/tools/bin/../lib/gcc/arm-none-eabi/9.3.1/../../../../arm-none-eabi/lib/thumb/v7e-m+fp/hard/rdimon-crt0.o (exit)
c:/st/stm32cubeide_1.8.0/stm32cubeide/plugins/com.st.stm32cube.ide.mcu.externaltools.gnu-tools-for-stm32.9-2020-q2-update.win32_2.0.0.202105311346/tools/bin/../lib/gcc/arm-none-eabi/9.3.1/../../../../arm-none-eabi/lib/thumb/v7e-m+fp/hard\libc_nano.a(lib_a-impure.o)
                              c:/st/stm32cubeide_1.8.0/stm32cubeide/plugins/com.st.stm32cube.ide.mcu.externaltools.gnu-tools-for-stm32.9-2020-q2-update.win32_2.0.0.202105311346/tools/bin/../lib/gcc/arm-none-eabi/9.3.1/../../../../arm-none-eabi/lib/thumb/v7e-m+fp/hard\libc_nano.a(lib_a-exit.o) (_global_impure_ptr)
c:/st/stm32cubeide_1.8.0/stm32cubeide/plugins/com.st.stm32cube.ide.mcu.externaltools.gnu-tools-for-stm32.9-2020-q2-update.win32_2.0.0.202105311346/tools/bin/../lib/gcc/arm-none-eabi/9.3.1/../../../../arm-none-eabi/lib/thumb/v7e-m+fp/hard\libc_nano.a(lib_a-init.o)
                              c:/st/stm32cubeide_1.8.0/stm32cubeide/plugins/com.st.stm32cube.ide.mcu.externaltools.gnu-tools-for-stm32.9-2020-q2-update.win32_2.0.0.202105311346/tools/bin/../lib/gcc/arm-none-eabi/9.3.1/../../../../arm-none-eabi/lib/thumb/v7e-m+fp/hard/rdimon-crt0.o (__libc_init_array)
c:/st/stm32cubeide_1.8.0/stm32cubeide/plugins/com.st.stm32cube.ide.mcu.externaltools.gnu-tools-for-stm32.9-2020-q2-update.win32_2.0.0.202105311346/tools/bin/../lib/gcc/arm-none-eabi/9.3.1/../../../../arm-none-eabi/lib/thumb/v7e-m+fp/hard\libc_nano.a(lib_a-memset.o)
                              c:/st/stm32cubeide_1.8.0/stm32cubeide/plugins/com.st.stm32cube.ide.mcu.externaltools.gnu-tools-for-stm32.9-2020-q2-update.win32_2.0.0.202105311346/tools/bin/../lib/gcc/arm-none-eabi/9.3.1/../../../../arm-none-eabi/lib/thumb/v7e-m+fp/hard/rdimon-crt0.o (memset)
c:/st/stm32cubeide_1.8.0/stm32cubeide/plugins/com.st.stm32cube.ide.mcu.externaltools.gnu-tools-for-stm32.9-2020-q2-update.win32_2.0.0.202105311346/tools/bin/../lib/gcc/arm-none-eabi/9.3.1/../../../../arm-none-eabi/lib/thumb/v7e-m+fp/hard\libc_nano.a(lib_a-sprintf.o)
                              ./Core/Src/interrupts.o (sprintf)
c:/st/stm32cubeide_1.8.0/stm32cubeide/plugins/com.st.stm32cube.ide.mcu.externaltools.gnu-tools-for-stm32.9-2020-q2-update.win32_2.0.0.202105311346/tools/bin/../lib/gcc/arm-none-eabi/9.3.1/../../../../arm-none-eabi/lib/thumb/v7e-m+fp/hard\libc_nano.a(lib_a-strcat.o)
                              ./Core/Src/main.o (strcat)
c:/st/stm32cubeide_1.8.0/stm32cubeide/plugins/com.st.stm32cube.ide.mcu.externaltools.gnu-tools-for-stm32.9-2020-q2-update.win32_2.0.0.202105311346/tools/bin/../lib/gcc/arm-none-eabi/9.3.1/../../../../arm-none-eabi/lib/thumb/v7e-m+fp/hard\libc_nano.a(lib_a-strncpy.o)
                              ./Core/Src/main.o (strncpy)
c:/st/stm32cubeide_1.8.0/stm32cubeide/plugins/com.st.stm32cube.ide.mcu.externaltools.gnu-tools-for-stm32.9-2020-q2-update.win32_2.0.0.202105311346/tools/bin/../lib/gcc/arm-none-eabi/9.3.1/../../../../arm-none-eabi/lib/thumb/v7e-m+fp/hard\libc_nano.a(lib_a-nano-svfprintf.o)
                              c:/st/stm32cubeide_1.8.0/stm32cubeide/plugins/com.st.stm32cube.ide.mcu.externaltools.gnu-tools-for-stm32.9-2020-q2-update.win32_2.0.0.202105311346/tools/bin/../lib/gcc/arm-none-eabi/9.3.1/../../../../arm-none-eabi/lib/thumb/v7e-m+fp/hard\libc_nano.a(lib_a-sprintf.o) (_svfprintf_r)
c:/st/stm32cubeide_1.8.0/stm32cubeide/plugins/com.st.stm32cube.ide.mcu.externaltools.gnu-tools-for-stm32.9-2020-q2-update.win32_2.0.0.202105311346/tools/bin/../lib/gcc/arm-none-eabi/9.3.1/../../../../arm-none-eabi/lib/thumb/v7e-m+fp/hard\libc_nano.a(lib_a-nano-vfprintf_i.o)
                              c:/st/stm32cubeide_1.8.0/stm32cubeide/plugins/com.st.stm32cube.ide.mcu.externaltools.gnu-tools-for-stm32.9-2020-q2-update.win32_2.0.0.202105311346/tools/bin/../lib/gcc/arm-none-eabi/9.3.1/../../../../arm-none-eabi/lib/thumb/v7e-m+fp/hard\libc_nano.a(lib_a-nano-svfprintf.o) (_printf_i)
[...]
Memory Configuration

Name             Origin             Length             Attributes
RAM              0x0000000020000000 0x0000000000018000 xrw
FLASH            0x0000000008000000 0x0000000000080000 xr
*default*        0x0000000000000000 0xffffffffffffffff

Linker script and memory map

LOAD c:/st/stm32cubeide_1.8.0/stm32cubeide/plugins/com.st.stm32cube.ide.mcu.externaltools.gnu-tools-for-stm32.9-2020-q2-update.win32_2.0.0.202105311346/tools/bin/../lib/gcc/arm-none-eabi/9.3.1/thumb/v7e-m+fp/hard/crti.o
LOAD c:/st/stm32cubeide_1.8.0/stm32cubeide/plugins/com.st.stm32cube.ide.mcu.externaltools.gnu-tools-for-stm32.9-2020-q2-update.win32_2.0.0.202105311346/tools/bin/../lib/gcc/arm-none-eabi/9.3.1/thumb/v7e-m+fp/hard/crtbegin.o
LOAD c:/st/stm32cubeide_1.8.0/stm32cubeide/plugins/com.st.stm32cube.ide.mcu.externaltools.gnu-tools-for-stm32.9-2020-q2-update.win32_2.0.0.202105311346/tools/bin/../lib/gcc/arm-none-eabi/9.3.1/../../../../arm-none-eabi/lib/thumb/v7e-m+fp/hard/rdimon-crt0.o
LOAD ./Core/Src/EXTI_lib.o
LOAD ./Core/Src/GPIO_Lib.o
LOAD ./Core/Src/I2c_lib.o
LOAD ./Core/Src/NVIC_lib.o
LOAD ./Core/Src/RTC.o
LOAD ./Core/Src/UART_lib.o
LOAD ./Core/Src/clocks_lib.o
LOAD ./Core/Src/delay_timer_lib.o
LOAD ./Core/Src/dht22.o
LOAD ./Core/Src/interrupts.o
LOAD ./Core/Src/lcd.o
LOAD ./Core/Src/main.o
LOAD ./Core/Src/sysmem.o
LOAD ./Core/Src/system_stm32f4xx.o
LOAD ./Core/Src/systick_IR_ timer_lib.o
LOAD ./Core/Startup/startup_stm32f401retx.o
LOAD c:/st/stm32cubeide_1.8.0/stm32cubeide/plugins/com.st.stm32cube.ide.mcu.externaltools.gnu-tools-for-stm32.9-2020-q2-update.win32_2.0.0.202105311346/tools/bin/../lib/gcc/arm-none-eabi/9.3.1/../../../../arm-none-eabi/lib/thumb/v7e-m+fp/hard\libc_nano.a
LOAD c:/st/stm32cubeide_1.8.0/stm32cubeide/plugins/com.st.stm32cube.ide.mcu.externaltools.gnu-tools-for-stm32.9-2020-q2-update.win32_2.0.0.202105311346/tools/bin/../lib/gcc/arm-none-eabi/9.3.1/../../../../arm-none-eabi/lib/thumb/v7e-m+fp/hard\librdimon_nano.a
START GROUP
LOAD c:/st/stm32cubeide_1.8.0/stm32cubeide/plugins/com.st.stm32cube.ide.mcu.externaltools.gnu-tools-for-stm32.9-2020-q2-update.win32_2.0.0.202105311346/tools/bin/../lib/gcc/arm-none-eabi/9.3.1/../../../../arm-none-eabi/lib/thumb/v7e-m+fp/hard\libc_nano.a
LOAD c:/st/stm32cubeide_1.8.0/stm32cubeide/plugins/com.st.stm32cube.ide.mcu.externaltools.gnu-tools-for-stm32.9-2020-q2-update.win32_2.0.0.202105311346/tools/bin/../lib/gcc/arm-none-eabi/9.3.1/../../../../arm-none-eabi/lib/thumb/v7e-m+fp/hard\libm.a
END GROUP
START GROUP
LOAD c:/st/stm32cubeide_1.8.0/stm32cubeide/plugins/com.st.stm32cube.ide.mcu.externaltools.gnu-tools-for-stm32.9-2020-q2-update.win32_2.0.0.202105311346/tools/bin/../lib/gcc/arm-none-eabi/9.3.1/thumb/v7e-m+fp/hard\libgcc.a
LOAD c:/st/stm32cubeide_1.8.0/stm32cubeide/plugins/com.st.stm32cube.ide.mcu.externaltools.gnu-tools-for-stm32.9-2020-q2-update.win32_2.0.0.202105311346/tools/bin/../lib/gcc/arm-none-eabi/9.3.1/../../../../arm-none-eabi/lib/thumb/v7e-m+fp/hard\libc_nano.a
END GROUP
START GROUP
LOAD c:/st/stm32cubeide_1.8.0/stm32cubeide/plugins/com.st.stm32cube.ide.mcu.externaltools.gnu-tools-for-stm32.9-2020-q2-update.win32_2.0.0.202105311346/tools/bin/../lib/gcc/arm-none-eabi/9.3.1/thumb/v7e-m+fp/hard\libgcc.a
LOAD c:/st/stm32cubeide_1.8.0/stm32cubeide/plugins/com.st.stm32cube.ide.mcu.externaltools.gnu-tools-for-stm32.9-2020-q2-update.win32_2.0.0.202105311346/tools/bin/../lib/gcc/arm-none-eabi/9.3.1/../../../../arm-none-eabi/lib/thumb/v7e-m+fp/hard\libc_nano.a
LOAD c:/st/stm32cubeide_1.8.0/stm32cubeide/plugins/com.st.stm32cube.ide.mcu.externaltools.gnu-tools-for-stm32.9-2020-q2-update.win32_2.0.0.202105311346/tools/bin/../lib/gcc/arm-none-eabi/9.3.1/../../../../arm-none-eabi/lib/thumb/v7e-m+fp/hard\libnosys.a
END GROUP
START GROUP
LOAD c:/st/stm32cubeide_1.8.0/stm32cubeide/plugins/com.st.stm32cube.ide.mcu.externaltools.gnu-tools-for-stm32.9-2020-q2-update.win32_2.0.0.202105311346/tools/bin/../lib/gcc/arm-none-eabi/9.3.1/thumb/v7e-m+fp/hard\libgcc.a
LOAD c:/st/stm32cubeide_1.8.0/stm32cubeide/plugins/com.st.stm32cube.ide.mcu.externaltools.gnu-tools-for-stm32.9-2020-q2-update.win32_2.0.0.202105311346/tools/bin/../lib/gcc/arm-none-eabi/9.3.1/../../../../arm-none-eabi/lib/thumb/v7e-m+fp/hard\libc_nano.a
LOAD c:/st/stm32cubeide_1.8.0/stm32cubeide/plugins/com.st.stm32cube.ide.mcu.externaltools.gnu-tools-for-stm32.9-2020-q2-update.win32_2.0.0.202105311346/tools/bin/../lib/gcc/arm-none-eabi/9.3.1/../../../../arm-none-eabi/lib/thumb/v7e-m+fp/hard\librdimon_nano.a
END GROUP
START GROUP
LOAD c:/st/stm32cubeide_1.8.0/stm32cubeide/plugins/com.st.stm32cube.ide.mcu.externaltools.gnu-tools-for-stm32.9-2020-q2-update.win32_2.0.0.202105311346/tools/bin/../lib/gcc/arm-none-eabi/9.3.1/thumb/v7e-m+fp/hard\libgcc.a
LOAD c:/st/stm32cubeide_1.8.0/stm32cubeide/plugins/com.st.stm32cube.ide.mcu.externaltools.gnu-tools-for-stm32.9-2020-q2-update.win32_2.0.0.202105311346/tools/bin/../lib/gcc/arm-none-eabi/9.3.1/../../../../arm-none-eabi/lib/thumb/v7e-m+fp/hard\libc_nano.a
LOAD c:/st/stm32cubeide_1.8.0/stm32cubeide/plugins/com.st.stm32cube.ide.mcu.externaltools.gnu-tools-for-stm32.9-2020-q2-update.win32_2.0.0.202105311346/tools/bin/../lib/gcc/arm-none-eabi/9.3.1/../../../../arm-none-eabi/lib/thumb/v7e-m+fp/hard\librdimon_nano.a
LOAD c:/st/stm32cubeide_1.8.0/stm32cubeide/plugins/com.st.stm32cube.ide.mcu.externaltools.gnu-tools-for-stm32.9-2020-q2-update.win32_2.0.0.202105311346/tools/bin/../lib/gcc/arm-none-eabi/9.3.1/../../../../arm-none-eabi/lib/thumb/v7e-m+fp/hard\libnosys.a
END GROUP
LOAD c:/st/stm32cubeide_1.8.0/stm32cubeide/plugins/com.st.stm32cube.ide.mcu.externaltools.gnu-tools-for-stm32.9-2020-q2-update.win32_2.0.0.202105311346/tools/bin/../lib/gcc/arm-none-eabi/9.3.1/thumb/v7e-m+fp/hard/crtend.o
LOAD c:/st/stm32cubeide_1.8.0/stm32cubeide/plugins/com.st.stm32cube.ide.mcu.externaltools.gnu-tools-for-stm32.9-2020-q2-update.win32_2.0.0.202105311346/tools/bin/../lib/gcc/arm-none-eabi/9.3.1/thumb/v7e-m+fp/hard/crtn.o
                0x0000000020018000                _estack = (ORIGIN (RAM) + LENGTH (RAM))
                0x0000000000000200                _Min_Heap_Size = 0x200
                0x0000000000000400                _Min_Stack_Size = 0x400

.isr_vector     0x0000000008000000      0x194
                0x0000000008000000                . = ALIGN (0x4)
 *(.isr_vector)
 .isr_vector    0x0000000008000000      0x194 ./Core/Startup/startup_stm32f401retx.o
                0x0000000008000000                g_pfnVectors
                0x0000000008000194                . = ALIGN (0x4)

.text           0x00000000080001a0     0x2a70
                0x00000000080001a0                . = ALIGN (0x4)
 *(.text)
 .text          0x00000000080001a0       0x40 c:/st/stm32cubeide_1.8.0/stm32cubeide/plugins/com.st.stm32cube.ide.mcu.externaltools.gnu-tools-for-stm32.9-2020-q2-update.win32_2.0.0.202105311346/tools/bin/../lib/gcc/arm-none-eabi/9.3.1/thumb/v7e-m+fp/hard/crtbegin.o
 .text          0x00000000080001e0       0xa0 c:/st/stm32cubeide_1.8.0/stm32cubeide/plugins/com.st.stm32cube.ide.mcu.externaltools.gnu-tools-for-stm32.9-2020-q2-update.win32_2.0.0.202105311346/tools/bin/../lib/gcc/arm-none-eabi/9.3.1/../../../../arm-none-eabi/lib/thumb/v7e-m+fp/hard\libc_nano.a(lib_a-memchr.o)
                0x00000000080001e0                memchr
 *(.text*)
 .text.calculate_SYSCFG_values
                0x0000000008000280       0x38 ./Core/Src/EXTI_lib.o
 .text.enable_EXTI_GPIO
                0x00000000080002b8       0x64 ./Core/Src/EXTI_lib.o
                0x00000000080002b8                enable_EXTI_GPIO
 .text.disable_EXTI_GPIO
                0x000000000800031c       0x4c ./Core/Src/EXTI_lib.o
                0x000000000800031c                disable_EXTI_GPIO
 .text.enable_EXTI
                0x0000000008000368       0x94 ./Core/Src/EXTI_lib.o
                0x0000000008000368                enable_EXTI
 .text.disable_EXTI
                0x00000000080003fc       0x58 ./Core/Src/EXTI_lib.o
                0x00000000080003fc                disable_EXTI
 .text.enable_GPIOx_clock
                0x0000000008000454       0xb4 ./Core/Src/GPIO_Lib.o
 .text.init_pin
                0x0000000008000508       0x5c ./Core/Src/GPIO_Lib.o
                0x0000000008000508                init_pin
 .text.change_mode
                0x0000000008000564       0xc4 ./Core/Src/GPIO_Lib.o
                0x0000000008000564                change_mode
 .text.write_pin
                0x0000000008000628       0x56 ./Core/Src/GPIO_Lib.o
                0x0000000008000628                write_pin
 .text.read_pin
                0x000000000800067e       0x32 ./Core/Src/GPIO_Lib.o
                0x000000000800067e                read_pin
 .text.I2C_enable_clock
                0x00000000080006b0       0x6c ./Core/Src/I2c_lib.o
 .text.I2C_disable_IR
                0x000000000800071c       0x64 ./Core/Src/I2c_lib.o
 .text.I2C_init
                0x0000000008000780       0x78 ./Core/Src/I2c_lib.o
                0x0000000008000780                I2C_init
 .text.enable_peripheral
                0x00000000080007f8       0x24 ./Core/Src/I2c_lib.o
 .text.disable_peripheral
                0x000000000800081c       0x24 ./Core/Src/I2c_lib.o
 .text.generate_start_condition
                0x0000000008000840       0x24 ./Core/Src/I2c_lib.o
 .text.start_communication
                0x0000000008000864       0x2a ./Core/Src/I2c_lib.o
 .text.handle_start_condition
                0x000000000800088e       0x62 ./Core/Src/I2c_lib.o
 .text.handle_transmitting
                0x00000000080008f0       0xa8 ./Core/Src/I2c_lib.o
 .text.I2C_transmit_data_polling
                0x0000000008000998       0xda ./Core/Src/I2c_lib.o
                0x0000000008000998                I2C_transmit_data_polling
 *fill*         0x0000000008000a72        0x2 
 .text.handle_receiving
                0x0000000008000a74      0x13c ./Core/Src/I2c_lib.o
 .text.I2C_handle_EV
                0x0000000008000bb0       0x2e ./Core/Src/I2c_lib.o
                0x0000000008000bb0                I2C_handle_EV
 .text.I2C_handle_ER
                0x0000000008000bde       0x7a ./Core/Src/I2c_lib.o
                0x0000000008000bde                I2C_handle_ER
 .text.calculate_register_values
                0x0000000008000c58       0x4e ./Core/Src/NVIC_lib.o
 .text.calculate_ISER_values
                0x0000000008000ca6       0x20 ./Core/Src/NVIC_lib.o
 *fill*         0x0000000008000cc6        0x2 
 .text.set_priority
                0x0000000008000cc8       0x54 ./Core/Src/NVIC_lib.o
                0x0000000008000cc8                set_priority
 .text.enable_IR
                0x0000000008000d1c       0x40 ./Core/Src/NVIC_lib.o
                0x0000000008000d1c                enable_IR
 .text.disable_IR
                0x0000000008000d5c       0x40 ./Core/Src/NVIC_lib.o
                0x0000000008000d5c                disable_IR
 .text.bin2bcd  0x0000000008000d9c       0x68 ./Core/Src/RTC.o
 .text.bcd2bin  0x0000000008000e04       0x52 ./Core/Src/RTC.o
 *fill*         0x0000000008000e56        0x2 
 .text.unlock_write_protection
                0x0000000008000e58       0x20 ./Core/Src/RTC.o
 .text.enable_write_protection
                0x0000000008000e78       0x20 ./Core/Src/RTC.o
 .text.RTC_init
                0x0000000008000e98      0x160 ./Core/Src/RTC.o
                0x0000000008000e98                RTC_init
 .text.get_date_time
                0x0000000008000ff8       0xe0 ./Core/Src/RTC.o
                0x0000000008000ff8                get_date_time
 .text.set_alarm
                0x00000000080010d8      0x184 ./Core/Src/RTC.o
                0x00000000080010d8                set_alarm
 .text.enable_uart_clock
                0x000000000800125c       0x64 ./Core/Src/UART_lib.o
 .text.set_BRR  0x00000000080012c0       0x38 ./Core/Src/UART_lib.o
 .text.uart_init
                0x00000000080012f8       0x60 ./Core/Src/UART_lib.o
                0x00000000080012f8                uart_init
 .text.uart_transmit_data
                0x0000000008001358       0x7a ./Core/Src/UART_lib.o
                0x0000000008001358                uart_transmit_data
 *fill*         0x00000000080013d2        0x2 
 .text.get_AHB_prescaler
                0x00000000080013d4       0x98 ./Core/Src/clocks_lib.o
 .text.get_PLLM
                0x000000000800146c       0x20 ./Core/Src/clocks_lib.o
 .text.get_PLLN
                0x000000000800148c       0x20 ./Core/Src/clocks_lib.o
 .text.get_PLLP
                0x00000000080014ac       0x58 ./Core/Src/clocks_lib.o
 .text.get_clk_value
                0x0000000008001504       0x38 ./Core/Src/clocks_lib.o
 .text.calculate_PLL_clk
                0x000000000800153c       0x3a ./Core/Src/clocks_lib.o
 *fill*         0x0000000008001576        0x2 
 .text.get_APB1_prescaler
                0x0000000008001578       0x6c ./Core/Src/clocks_lib.o
                0x0000000008001578                get_APB1_prescaler
 .text.get_APB2_prescaler
                0x00000000080015e4       0x68 ./Core/Src/clocks_lib.o
                0x00000000080015e4                get_APB2_prescaler
 .text.get_SYSCLK
                0x000000000800164c       0x7c ./Core/Src/clocks_lib.o
                0x000000000800164c                get_SYSCLK
 .text.get_AHB_clock
                0x00000000080016c8       0x18 ./Core/Src/clocks_lib.o
                0x00000000080016c8                get_AHB_clock
 .text.get_APB1_clock
                0x00000000080016e0       0x18 ./Core/Src/clocks_lib.o
                0x00000000080016e0                get_APB1_clock
 .text.get_APB2_clock
                0x00000000080016f8       0x18 ./Core/Src/clocks_lib.o
                0x00000000080016f8                get_APB2_clock
 .text.enable_timer_clock
                0x0000000008001710       0xe4 ./Core/Src/delay_timer_lib.o
 .text.get_timer_base_clock
                0x00000000080017f4       0x68 ./Core/Src/delay_timer_lib.o
 .text.get_timer_clock
                0x000000000800185c       0x26 ./Core/Src/delay_timer_lib.o
 *fill*         0x0000000008001882        0x2 
 .text.init_timer
                0x0000000008001884       0x34 ./Core/Src/delay_timer_lib.o
                0x0000000008001884                init_timer
 .text.delay    0x00000000080018b8       0xb0 ./Core/Src/delay_timer_lib.o
                0x00000000080018b8                delay
 .text.read_bit
                0x0000000008001968       0xcc ./Core/Src/dht22.o
 .text.dht22_handle_data_pin_IT
                0x0000000008001a34        0xe ./Core/Src/dht22.o
                0x0000000008001a34                dht22_handle_data_pin_IT
 *fill*         0x0000000008001a42        0x2 
 .text.dht22_handle_delay_IT
                0x0000000008001a44       0x58 ./Core/Src/dht22.o
                0x0000000008001a44                dht22_handle_delay_IT
 .text.init_dht22
                0x0000000008001a9c       0x34 ./Core/Src/dht22.o
                0x0000000008001a9c                init_dht22
 .text.dht22_get_data
                0x0000000008001ad0       0x40 ./Core/Src/dht22.o
                0x0000000008001ad0                dht22_get_data
 .text.dht22_get_data_and_wait
                0x0000000008001b10       0x1c ./Core/Src/dht22.o
                0x0000000008001b10                dht22_get_data_and_wait
 .text.SysTick_Handler
                0x0000000008001b2c       0x18 ./Core/Src/interrupts.o
                0x0000000008001b2c                SysTick_Handler
 .text.EXTI15_10_IRQHandler
                0x0000000008001b44       0x1c ./Core/Src/interrupts.o
                0x0000000008001b44                EXTI15_10_IRQHandler
 .text.I2C1_EV_IRQHandler
                0x0000000008001b60       0x14 ./Core/Src/interrupts.o
                0x0000000008001b60                I2C1_EV_IRQHandler
 .text.I2C1_ER_IRQHandler
                0x0000000008001b74       0x38 ./Core/Src/interrupts.o
                0x0000000008001b74                I2C1_ER_IRQHandler
 .text.format_date_time
                0x0000000008001bac       0x5c ./Core/Src/interrupts.o
                0x0000000008001bac                format_date_time
 .text.RTC_Alarm_IRQHandler
                0x0000000008001c08       0x40 ./Core/Src/interrupts.o
                0x0000000008001c08                RTC_Alarm_IRQHandler
 .text.send_data
                0x0000000008001c48       0x8e ./Core/Src/lcd.o
 .text.send_command
                0x0000000008001cd6       0x20 ./Core/Src/lcd.o
 .text.send_char
                0x0000000008001cf6       0x20 ./Core/Src/lcd.o
 .text.send_string
                0x0000000008001d16       0x3c ./Core/Src/lcd.o
 .text.send_init_command
                0x0000000008001d52       0x44 ./Core/Src/lcd.o
 .text.send_commands
                0x0000000008001d96       0x3c ./Core/Src/lcd.o
 .text.set_cursor
                0x0000000008001dd2       0x3a ./Core/Src/lcd.o
 .text.LCD_init
                0x0000000008001e0c       0x7c ./Core/Src/lcd.o
                0x0000000008001e0c                LCD_init
 .text.LCD_write
                0x0000000008001e88       0x36 ./Core/Src/lcd.o
                0x0000000008001e88                LCD_write
 *fill*         0x0000000008001ebe        0x2 
 .text.int2string
                0x0000000008001ec0       0x24 ./Core/Src/main.o
                0x0000000008001ec0                int2string
 .text.format_dht22_values
                0x0000000008001ee4       0x94 ./Core/Src/main.o
                0x0000000008001ee4                format_dht22_values
 .text.dht22_application_callback
                0x0000000008001f78       0x58 ./Core/Src/main.o
                0x0000000008001f78                dht22_application_callback
 .text.uart_pins_init
                0x0000000008001fd0       0x4c ./Core/Src/main.o
                0x0000000008001fd0                uart_pins_init
 .text.I2C_pins_init
                0x000000000800201c       0x4c ./Core/Src/main.o
                0x000000000800201c                I2C_pins_init
 .text.init_time
                0x0000000008002068       0x78 ./Core/Src/main.o
                0x0000000008002068                init_time
 .text.main     0x00000000080020e0       0x80 ./Core/Src/main.o
                0x00000000080020e0                main
 .text._sbrk    0x0000000008002160       0x6c ./Core/Src/sysmem.o
                0x0000000008002160                _sbrk
 .text.SystemInit
                0x00000000080021cc       0x24 ./Core/Src/system_stm32f4xx.o
                0x00000000080021cc                SystemInit
 .text.timer    0x00000000080021f0       0x4c ./Core/Src/systick_IR_ timer_lib.o
 .text.init_systick
                0x000000000800223c       0x44 ./Core/Src/systick_IR_ timer_lib.o
                0x000000000800223c                init_systick
 .text.IR_timer_micros
                0x0000000008002280       0x20 ./Core/Src/systick_IR_ timer_lib.o
                0x0000000008002280                IR_timer_micros
 .text.Reset_Handler
                0x00000000080022a0       0x50 ./Core/Startup/startup_stm32f401retx.o
                0x00000000080022a0                Reset_Handler
 .text.Default_Handler
                0x00000000080022f0        0x2 ./Core/Startup/startup_stm32f401retx.o
                0x00000000080022f0                EXTI2_IRQHandler
                0x00000000080022f0                DebugMon_Handler
                0x00000000080022f0                SPI4_IRQHandler
                0x00000000080022f0                TIM1_CC_IRQHandler
                0x00000000080022f0                DMA2_Stream5_IRQHandler
                0x00000000080022f0                HardFault_Handler
                0x00000000080022f0                DMA1_Stream5_IRQHandler
                0x00000000080022f0                PVD_IRQHandler
                0x00000000080022f0                SDIO_IRQHandler
                0x00000000080022f0                TAMP_STAMP_IRQHandler
                0x00000000080022f0                PendSV_Handler
                0x00000000080022f0                NMI_Handler
                0x00000000080022f0                EXTI3_IRQHandler
                0x00000000080022f0                TIM1_UP_TIM10_IRQHandler
                0x00000000080022f0                I2C3_ER_IRQHandler
                0x00000000080022f0                EXTI0_IRQHandler
                0x00000000080022f0                I2C2_EV_IRQHandler
                0x00000000080022f0                DMA1_Stream2_IRQHandler
                0x00000000080022f0                FPU_IRQHandler
                0x00000000080022f0                UsageFault_Handler
                0x00000000080022f0                DMA2_Stream2_IRQHandler
                0x00000000080022f0                SPI1_IRQHandler
                0x00000000080022f0                TIM1_BRK_TIM9_IRQHandler
                0x00000000080022f0                DMA2_Stream3_IRQHandler
                0x00000000080022f0                USART6_IRQHandler
                0x00000000080022f0                DMA2_Stream0_IRQHandler
                0x00000000080022f0                TIM4_IRQHandler
                0x00000000080022f0                DMA1_Stream6_IRQHandler
                0x00000000080022f0                DMA1_Stream1_IRQHandler
                0x00000000080022f0                TIM3_IRQHandler
                0x00000000080022f0                RCC_IRQHandler
                0x00000000080022f0                Default_Handler
                0x00000000080022f0                ADC_IRQHandler
                0x00000000080022f0                DMA1_Stream7_IRQHandler
                0x00000000080022f0                TIM5_IRQHandler
                0x00000000080022f0                DMA2_Stream7_IRQHandler
                0x00000000080022f0                I2C3_EV_IRQHandler
                0x00000000080022f0                EXTI9_5_IRQHandler
                0x00000000080022f0                RTC_WKUP_IRQHandler
                0x00000000080022f0                SPI2_IRQHandler
                0x00000000080022f0                MemManage_Handler
                0x00000000080022f0                DMA1_Stream0_IRQHandler
                0x00000000080022f0                SVC_Handler
                0x00000000080022f0                EXTI4_IRQHandler
                0x00000000080022f0                WWDG_IRQHandler
                0x00000000080022f0                TIM2_IRQHandler
                0x00000000080022f0                OTG_FS_WKUP_IRQHandler
                0x00000000080022f0                TIM1_TRG_COM_TIM11_IRQHandler
                0x00000000080022f0                EXTI1_IRQHandler
                0x00000000080022f0                USART2_IRQHandler
                0x00000000080022f0                I2C2_ER_IRQHandler
                0x00000000080022f0                DMA2_Stream1_IRQHandler
                0x00000000080022f0                FLASH_IRQHandler
                0x00000000080022f0                DMA2_Stream4_IRQHandler
                0x00000000080022f0                BusFault_Handler
                0x00000000080022f0                USART1_IRQHandler
                0x00000000080022f0                OTG_FS_IRQHandler
                0x00000000080022f0                SPI3_IRQHandler
                0x00000000080022f0                DMA1_Stream4_IRQHandler
                0x00000000080022f0                DMA2_Stream6_IRQHandler
                0x00000000080022f0                DMA1_Stream3_IRQHandler
 *fill*         0x00000000080022f2        0x2 
 .text.__errno  0x00000000080022f4        0xc c:/st/stm32cubeide_1.8.0/stm32cubeide/plugins/com.st.stm32cube.ide.mcu.externaltools.gnu-tools-for-stm32.9-2020-q2-update.win32_2.0.0.202105311346/tools/bin/../lib/gcc/arm-none-eabi/9.3.1/../../../../arm-none-eabi/lib/thumb/v7e-m+fp/hard\libc_nano.a(lib_a-errno.o)
                0x00000000080022f4                __errno
 .text.__libc_init_array
                0x0000000008002300       0x48 c:/st/stm32cubeide_1.8.0/stm32cubeide/plugins/com.st.stm32cube.ide.mcu.externaltools.gnu-tools-for-stm32.9-2020-q2-update.win32_2.0.0.202105311346/tools/bin/../lib/gcc/arm-none-eabi/9.3.1/../../../../arm-none-eabi/lib/thumb/v7e-m+fp/hard\libc_nano.a(lib_a-init.o)
                0x0000000008002300                __libc_init_array
 .text.memset   0x0000000008002348       0x10 c:/st/stm32cubeide_1.8.0/stm32cubeide/plugins/com.st.stm32cube.ide.mcu.externaltools.gnu-tools-for-stm32.9-2020-q2-update.win32_2.0.0.202105311346/tools/bin/../lib/gcc/arm-none-eabi/9.3.1/../../../../arm-none-eabi/lib/thumb/v7e-m+fp/hard\libc_nano.a(lib_a-memset.o)
                0x0000000008002348                memset
 .text.sprintf  0x0000000008002358       0x40 c:/st/stm32cubeide_1.8.0/stm32cubeide/plugins/com.st.stm32cube.ide.mcu.externaltools.gnu-tools-for-stm32.9-2020-q2-update.win32_2.0.0.202105311346/tools/bin/../lib/gcc/arm-none-eabi/9.3.1/../../../../arm-none-eabi/lib/thumb/v7e-m+fp/hard\libc_nano.a(lib_a-sprintf.o)
                0x0000000008002358                siprintf
                0x0000000008002358                sprintf
 .text.strcat   0x0000000008002398       0x1e c:/st/stm32cubeide_1.8.0/stm32cubeide/plugins/com.st.stm32cube.ide.mcu.externaltools.gnu-tools-for-stm32.9-2020-q2-update.win32_2.0.0.202105311346/tools/bin/../lib/gcc/arm-none-eabi/9.3.1/../../../../arm-none-eabi/lib/thumb/v7e-m+fp/hard\libc_nano.a(lib_a-strcat.o)
                0x0000000008002398                strcat
 .text.strncpy  0x00000000080023b6       0x26 c:/st/stm32cubeide_1.8.0/stm32cubeide/plugins/com.st.stm32cube.ide.mcu.externaltools.gnu-tools-for-stm32.9-2020-q2-update.win32_2.0.0.202105311346/tools/bin/../lib/gcc/arm-none-eabi/9.3.1/../../../../arm-none-eabi/lib/thumb/v7e-m+fp/hard\libc_nano.a(lib_a-strncpy.o)
                0x00000000080023b6                strncpy
 .text.__ssputs_r
                0x00000000080023dc       0xb6 c:/st/stm32cubeide_1.8.0/stm32cubeide/plugins/com.st.stm32cube.ide.mcu.externaltools.gnu-tools-for-stm32.9-2020-q2-update.win32_2.0.0.202105311346/tools/bin/../lib/gcc/arm-none-eabi/9.3.1/../../../../arm-none-eabi/lib/thumb/v7e-m+fp/hard\libc_nano.a(lib_a-nano-svfprintf.o)
                0x00000000080023dc                __ssputs_r
 *fill*         0x0000000008002492        0x2 
 .text._svfprintf_r
                0x0000000008002494      0x200 c:/st/stm32cubeide_1.8.0/stm32cubeide/plugins/com.st.stm32cube.ide.mcu.externaltools.gnu-tools-for-stm32.9-2020-q2-update.win32_2.0.0.202105311346/tools/bin/../lib/gcc/arm-none-eabi/9.3.1/../../../../arm-none-eabi/lib/thumb/v7e-m+fp/hard\libc_nano.a(lib_a-nano-svfprintf.o)
                0x0000000008002494                _svfiprintf_r
                0x0000000008002494                _svfprintf_r
 .text._printf_common
                0x0000000008002694       0xda c:/st/stm32cubeide_1.8.0/stm32cubeide/plugins/com.st.stm32cube.ide.mcu.externaltools.gnu-tools-for-stm32.9-2020-q2-update.win32_2.0.0.202105311346/tools/bin/../lib/gcc/arm-none-eabi/9.3.1/../../../../arm-none-eabi/lib/thumb/v7e-m+fp/hard\libc_nano.a(lib_a-nano-vfprintf_i.o)
                0x0000000008002694                _printf_common
 *fill*         0x000000000800276e        0x2 
 .text._printf_i
                0x0000000008002770      0x24c c:/st/stm32cubeide_1.8.0/stm32cubeide/plugins/com.st.stm32cube.ide.mcu.externaltools.gnu-tools-for-stm32.9-2020-q2-update.win32_2.0.0.202105311346/tools/bin/../lib/gcc/arm-none-eabi/9.3.1/../../../../arm-none-eabi/lib/thumb/v7e-m+fp/hard\libc_nano.a(lib_a-nano-vfprintf_i.o)
                0x0000000008002770                _printf_i
 .text.memcpy   0x00000000080029bc       0x1c c:/st/stm32cubeide_1.8.0/stm32cubeide/plugins/com.st.stm32cube.ide.mcu.externaltools.gnu-tools-for-stm32.9-2020-q2-update.win32_2.0.0.202105311346/tools/bin/../lib/gcc/arm-none-eabi/9.3.1/../../../../arm-none-eabi/lib/thumb/v7e-m+fp/hard\libc_nano.a(lib_a-memcpy-stub.o)
                0x00000000080029bc                memcpy
 .text.memmove  0x00000000080029d8       0x34 c:/st/stm32cubeide_1.8.0/stm32cubeide/plugins/com.st.stm32cube.ide.mcu.externaltools.gnu-tools-for-stm32.9-2020-q2-update.win32_2.0.0.202105311346/tools/bin/../lib/gcc/arm-none-eabi/9.3.1/../../../../arm-none-eabi/lib/thumb/v7e-m+fp/hard\libc_nano.a(lib_a-memmove.o)
                0x00000000080029d8                memmove
 .text._free_r  0x0000000008002a0c       0xa0 c:/st/stm32cubeide_1.8.0/stm32cubeide/plugins/com.st.stm32cube.ide.mcu.externaltools.gnu-tools-for-stm32.9-2020-q2-update.win32_2.0.0.202105311346/tools/bin/../lib/gcc/arm-none-eabi/9.3.1/../../../../arm-none-eabi/lib/thumb/v7e-m+fp/hard\libc_nano.a(lib_a-nano-freer.o)
                0x0000000008002a0c                _free_r
 .text._malloc_r
                0x0000000008002aac       0xb4 c:/st/stm32cubeide_1.8.0/stm32cubeide/plugins/com.st.stm32cube.ide.mcu.externaltools.gnu-tools-for-stm32.9-2020-q2-update.win32_2.0.0.202105311346/tools/bin/../lib/gcc/arm-none-eabi/9.3.1/../../../../arm-none-eabi/lib/thumb/v7e-m+fp/hard\libc_nano.a(lib_a-nano-mallocr.o)
                0x0000000008002aac                _malloc_r
 .text._realloc_r
                0x0000000008002b60       0x4c c:/st/stm32cubeide_1.8.0/stm32cubeide/plugins/com.st.stm32cube.ide.mcu.externaltools.gnu-tools-for-stm32.9-2020-q2-update.win32_2.0.0.202105311346/tools/bin/../lib/gcc/arm-none-eabi/9.3.1/../../../../arm-none-eabi/lib/thumb/v7e-m+fp/hard\libc_nano.a(lib_a-nano-reallocr.o)
                0x0000000008002b60                _realloc_r
 .text._sbrk_r  0x0000000008002bac       0x20 c:/st/stm32cubeide_1.8.0/stm32cubeide/plugins/com.st.stm32cube.ide.mcu.externaltools.gnu-tools-for-stm32.9-2020-q2-update.win32_2.0.0.202105311346/tools/bin/../lib/gcc/arm-none-eabi/9.3.1/../../../../arm-none-eabi/lib/thumb/v7e-m+fp/hard\libc_nano.a(lib_a-sbrkr.o)
                0x0000000008002bac                _sbrk_r
 .text.__malloc_lock
                0x0000000008002bcc        0xc c:/st/stm32cubeide_1.8.0/stm32cubeide/plugins/com.st.stm32cube.ide.mcu.externaltools.gnu-tools-for-stm32.9-2020-q2-update.win32_2.0.0.202105311346/tools/bin/../lib/gcc/arm-none-eabi/9.3.1/../../../../arm-none-eabi/lib/thumb/v7e-m+fp/hard\libc_nano.a(lib_a-mlock.o)
                0x0000000008002bcc                __malloc_lock
 .text.__malloc_unlock
                0x0000000008002bd8        0xc c:/st/stm32cubeide_1.8.0/stm32cubeide/plugins/com.st.stm32cube.ide.mcu.externaltools.gnu-tools-for-stm32.9-2020-q2-update.win32_2.0.0.202105311346/tools/bin/../lib/gcc/arm-none-eabi/9.3.1/../../../../arm-none-eabi/lib/thumb/v7e-m+fp/hard\libc_nano.a(lib_a-mlock.o)
                0x0000000008002bd8                __malloc_unlock
 .text._malloc_usable_size_r
                0x0000000008002be4       0x10 c:/st/stm32cubeide_1.8.0/stm32cubeide/plugins/com.st.stm32cube.ide.mcu.externaltools.gnu-tools-for-stm32.9-2020-q2-update.win32_2.0.0.202105311346/tools/bin/../lib/gcc/arm-none-eabi/9.3.1/../../../../arm-none-eabi/lib/thumb/v7e-m+fp/hard\libc_nano.a(lib_a-nano-msizer.o)
                0x0000000008002be4                _malloc_usable_size_r
 .text.__retarget_lock_acquire_recursive
                0x0000000008002bf4        0x2 c:/st/stm32cubeide_1.8.0/stm32cubeide/plugins/com.st.stm32cube.ide.mcu.externaltools.gnu-tools-for-stm32.9-2020-q2-update.win32_2.0.0.202105311346/tools/bin/../lib/gcc/arm-none-eabi/9.3.1/../../../../arm-none-eabi/lib/thumb/v7e-m+fp/hard\libc_nano.a(lib_a-lock.o)
                0x0000000008002bf4                __retarget_lock_acquire_recursive
 .text.__retarget_lock_release_recursive
                0x0000000008002bf6        0x2 c:/st/stm32cubeide_1.8.0/stm32cubeide/plugins/com.st.stm32cube.ide.mcu.externaltools.gnu-tools-for-stm32.9-2020-q2-update.win32_2.0.0.202105311346/tools/bin/../lib/gcc/arm-none-eabi/9.3.1/../../../../arm-none-eabi/lib/thumb/v7e-m+fp/hard\libc_nano.a(lib_a-lock.o)
                0x0000000008002bf6                __retarget_lock_release_recursive
 *(.glue_7)
 .glue_7        0x0000000008002bf8        0x0 linker stubs
 *(.glue_7t)
 .glue_7t       0x0000000008002bf8        0x0 linker stubs
 *(.eh_frame)
 .eh_frame      0x0000000008002bf8        0x0 c:/st/stm32cubeide_1.8.0/stm32cubeide/plugins/com.st.stm32cube.ide.mcu.externaltools.gnu-tools-for-stm32.9-2020-q2-update.win32_2.0.0.202105311346/tools/bin/../lib/gcc/arm-none-eabi/9.3.1/thumb/v7e-m+fp/hard/crtbegin.o
 *(.init)
 .init          0x0000000008002bf8        0x4 c:/st/stm32cubeide_1.8.0/stm32cubeide/plugins/com.st.stm32cube.ide.mcu.externaltools.gnu-tools-for-stm32.9-2020-q2-update.win32_2.0.0.202105311346/tools/bin/../lib/gcc/arm-none-eabi/9.3.1/thumb/v7e-m+fp/hard/crti.o
                0x0000000008002bf8                _init
 .init          0x0000000008002bfc        0x8 c:/st/stm32cubeide_1.8.0/stm32cubeide/plugins/com.st.stm32cube.ide.mcu.externaltools.gnu-tools-for-stm32.9-2020-q2-update.win32_2.0.0.202105311346/tools/bin/../lib/gcc/arm-none-eabi/9.3.1/thumb/v7e-m+fp/hard/crtn.o
 *(.fini)
 .fini          0x0000000008002c04        0x4 c:/st/stm32cubeide_1.8.0/stm32cubeide/plugins/com.st.stm32cube.ide.mcu.externaltools.gnu-tools-for-stm32.9-2020-q2-update.win32_2.0.0.202105311346/tools/bin/../lib/gcc/arm-none-eabi/9.3.1/thumb/v7e-m+fp/hard/crti.o
                0x0000000008002c04                _fini
 .fini          0x0000000008002c08        0x8 c:/st/stm32cubeide_1.8.0/stm32cubeide/plugins/com.st.stm32cube.ide.mcu.externaltools.gnu-tools-for-stm32.9-2020-q2-update.win32_2.0.0.202105311346/tools/bin/../lib/gcc/arm-none-eabi/9.3.1/thumb/v7e-m+fp/hard/crtn.o
                0x0000000008002c10                . = ALIGN (0x4)
                0x0000000008002c10                _etext = .

.vfp11_veneer   0x0000000008002c10        0x0
 .vfp11_veneer  0x0000000008002c10        0x0 linker stubs

.v4_bx          0x0000000008002c10        0x0
 .v4_bx         0x0000000008002c10        0x0 linker stubs

.iplt           0x0000000008002c10        0x0
 .iplt          0x0000000008002c10        0x0 c:/st/stm32cubeide_1.8.0/stm32cubeide/plugins/com.st.stm32cube.ide.mcu.externaltools.gnu-tools-for-stm32.9-2020-q2-update.win32_2.0.0.202105311346/tools/bin/../lib/gcc/arm-none-eabi/9.3.1/thumb/v7e-m+fp/hard/crtbegin.o

.rodata         0x0000000008002c10       0xc0
                0x0000000008002c10                . = ALIGN (0x4)
 *(.rodata)
 .rodata        0x0000000008002c10       0x1d ./Core/Src/interrupts.o
 *fill*         0x0000000008002c2d        0x3 
 .rodata        0x0000000008002c30        0x5 ./Core/Src/lcd.o
 *fill*         0x0000000008002c35        0x3 
 .rodata        0x0000000008002c38        0x3 ./Core/Src/main.o
 *(.rodata*)
 .rodata._svfprintf_r.str1.1
                0x0000000008002c3b       0x11 c:/st/stm32cubeide_1.8.0/stm32cubeide/plugins/com.st.stm32cube.ide.mcu.externaltools.gnu-tools-for-stm32.9-2020-q2-update.win32_2.0.0.202105311346/tools/bin/../lib/gcc/arm-none-eabi/9.3.1/../../../../arm-none-eabi/lib/thumb/v7e-m+fp/hard\libc_nano.a(lib_a-nano-svfprintf.o)
 .rodata._printf_i.str1.1
                0x0000000008002c4c       0x22 c:/st/stm32cubeide_1.8.0/stm32cubeide/plugins/com.st.stm32cube.ide.mcu.externaltools.gnu-tools-for-stm32.9-2020-q2-update.win32_2.0.0.202105311346/tools/bin/../lib/gcc/arm-none-eabi/9.3.1/../../../../arm-none-eabi/lib/thumb/v7e-m+fp/hard\libc_nano.a(lib_a-nano-vfprintf_i.o)
 *fill*         0x0000000008002c6e        0x2 
 .rodata.__sf_fake_stderr
                0x0000000008002c70       0x20 c:/st/stm32cubeide_1.8.0/stm32cubeide/plugins/com.st.stm32cube.ide.mcu.externaltools.gnu-tools-for-stm32.9-2020-q2-update.win32_2.0.0.202105311346/tools/bin/../lib/gcc/arm-none-eabi/9.3.1/../../../../arm-none-eabi/lib/thumb/v7e-m+fp/hard\libc_nano.a(lib_a-findfp.o)
                0x0000000008002c70                __sf_fake_stderr
 .rodata.__sf_fake_stdin
                0x0000000008002c90       0x20 c:/st/stm32cubeide_1.8.0/stm32cubeide/plugins/com.st.stm32cube.ide.mcu.externaltools.gnu-tools-for-stm32.9-2020-q2-update.win32_2.0.0.202105311346/tools/bin/../lib/gcc/arm-none-eabi/9.3.1/../../../../arm-none-eabi/lib/thumb/v7e-m+fp/hard\libc_nano.a(lib_a-findfp.o)
                0x0000000008002c90                __sf_fake_stdin
 .rodata.__sf_fake_stdout
                0x0000000008002cb0       0x20 c:/st/stm32cubeide_1.8.0/stm32cubeide/plugins/com.st.stm32cube.ide.mcu.externaltools.gnu-tools-for-stm32.9-2020-q2-update.win32_2.0.0.202105311346/tools/bin/../lib/gcc/arm-none-eabi/9.3.1/../../../../arm-none-eabi/lib/thumb/v7e-m+fp/hard\libc_nano.a(lib_a-findfp.o)
                0x0000000008002cb0                __sf_fake_stdout
                0x0000000008002cd0                . = ALIGN (0x4)

.rel.dyn        0x0000000008002cd0        0x0
 .rel.iplt      0x0000000008002cd0        0x0 c:/st/stm32cubeide_1.8.0/stm32cubeide/plugins/com.st.stm32cube.ide.mcu.externaltools.gnu-tools-for-stm32.9-2020-q2-update.win32_2.0.0.202105311346/tools/bin/../lib/gcc/arm-none-eabi/9.3.1/thumb/v7e-m+fp/hard/crtbegin.o

.ARM.extab      0x0000000008002cd0        0x0
                0x0000000008002cd0                . = ALIGN (0x4)
 *(.ARM.extab* .gnu.linkonce.armextab.*)
                0x0000000008002cd0                . = ALIGN (0x4)

.ARM            0x0000000008002cd0        0x0
                0x0000000008002cd0                . = ALIGN (0x4)
                0x0000000008002cd0                __exidx_start = .
 *(.ARM.exidx*)
                0x0000000008002cd0                __exidx_end = .
                0x0000000008002cd0                . = ALIGN (0x4)

.preinit_array  0x0000000008002cd0        0x0
                0x0000000008002cd0                . = ALIGN (0x4)
                0x0000000008002cd0                PROVIDE (__preinit_array_start = .)
 *(.preinit_array*)
                0x0000000008002cd0                PROVIDE (__preinit_array_end = .)
                0x0000000008002cd0                . = ALIGN (0x4)

.init_array     0x0000000008002cd0        0x4
                0x0000000008002cd0                . = ALIGN (0x4)
                0x0000000008002cd0                PROVIDE (__init_array_start = .)
 *(SORT_BY_NAME(.init_array.*))
 *(.init_array*)
 .init_array    0x0000000008002cd0        0x4 c:/st/stm32cubeide_1.8.0/stm32cubeide/plugins/com.st.stm32cube.ide.mcu.externaltools.gnu-tools-for-stm32.9-2020-q2-update.win32_2.0.0.202105311346/tools/bin/../lib/gcc/arm-none-eabi/9.3.1/thumb/v7e-m+fp/hard/crtbegin.o
                0x0000000008002cd4                PROVIDE (__init_array_end = .)
                0x0000000008002cd4                . = ALIGN (0x4)

.fini_array     0x0000000008002cd4        0x4
                0x0000000008002cd4                . = ALIGN (0x4)
                [!provide]                        PROVIDE (__fini_array_start = .)
 *(SORT_BY_NAME(.fini_array.*))
 *(.fini_array*)
 .fini_array    0x0000000008002cd4        0x4 c:/st/stm32cubeide_1.8.0/stm32cubeide/plugins/com.st.stm32cube.ide.mcu.externaltools.gnu-tools-for-stm32.9-2020-q2-update.win32_2.0.0.202105311346/tools/bin/../lib/gcc/arm-none-eabi/9.3.1/thumb/v7e-m+fp/hard/crtbegin.o
                [!provide]                        PROVIDE (__fini_array_end = .)
                0x0000000008002cd8                . = ALIGN (0x4)
                0x0000000008002cd8                _sidata = LOADADDR (.data)

.data           0x0000000020000000       0x64 load address 0x0000000008002cd8
                0x0000000020000000                . = ALIGN (0x4)
                0x0000000020000000                _sdata = .
 *(.data)
 *(.data*)
 .data._impure_ptr
                0x0000000020000000        0x4 c:/st/stm32cubeide_1.8.0/stm32cubeide/plugins/com.st.stm32cube.ide.mcu.externaltools.gnu-tools-for-stm32.9-2020-q2-update.win32_2.0.0.202105311346/tools/bin/../lib/gcc/arm-none-eabi/9.3.1/../../../../arm-none-eabi/lib/thumb/v7e-m+fp/hard\libc_nano.a(lib_a-impure.o)
                0x0000000020000000                _impure_ptr
 .data.impure_data
                0x0000000020000004       0x60 c:/st/stm32cubeide_1.8.0/stm32cubeide/plugins/com.st.stm32cube.ide.mcu.externaltools.gnu-tools-for-stm32.9-2020-q2-update.win32_2.0.0.202105311346/tools/bin/../lib/gcc/arm-none-eabi/9.3.1/../../../../arm-none-eabi/lib/thumb/v7e-m+fp/hard\libc_nano.a(lib_a-impure.o)
 *(.RamFunc)
 *(.RamFunc*)
                0x0000000020000064                . = ALIGN (0x4)
                0x0000000020000064                _edata = .

.igot.plt       0x0000000020000064        0x0 load address 0x0000000008002d3c
 .igot.plt      0x0000000020000064        0x0 c:/st/stm32cubeide_1.8.0/stm32cubeide/plugins/com.st.stm32cube.ide.mcu.externaltools.gnu-tools-for-stm32.9-2020-q2-update.win32_2.0.0.202105311346/tools/bin/../lib/gcc/arm-none-eabi/9.3.1/thumb/v7e-m+fp/hard/crtbegin.o
                0x0000000020000064                . = ALIGN (0x4)

.bss            0x0000000020000064       0x8c load address 0x0000000008002d3c
                0x0000000020000064                _sbss = .
                0x0000000020000064                __bss_start__ = _sbss
 *(.bss)
 .bss           0x0000000020000064       0x1c c:/st/stm32cubeide_1.8.0/stm32cubeide/plugins/com.st.stm32cube.ide.mcu.externaltools.gnu-tools-for-stm32.9-2020-q2-update.win32_2.0.0.202105311346/tools/bin/../lib/gcc/arm-none-eabi/9.3.1/thumb/v7e-m+fp/hard/crtbegin.o
 *(.bss*)
 .bss.repeated_start.6900
                0x0000000020000080        0x1 ./Core/Src/I2c_lib.o
 *fill*         0x0000000020000081        0x3 
 .bss.__sbrk_heap_end
                0x0000000020000084        0x4 ./Core/Src/sysmem.o
 .bss.__malloc_free_list
                0x0000000020000088        0x4 c:/st/stm32cubeide_1.8.0/stm32cubeide/plugins/com.st.stm32cube.ide.mcu.externaltools.gnu-tools-for-stm32.9-2020-q2-update.win32_2.0.0.202105311346/tools/bin/../lib/gcc/arm-none-eabi/9.3.1/../../../../arm-none-eabi/lib/thumb/v7e-m+fp/hard\libc_nano.a(lib_a-nano-mallocr.o)
                0x0000000020000088                __malloc_free_list
 .bss.__malloc_sbrk_start
                0x000000002000008c        0x4 c:/st/stm32cubeide_1.8.0/stm32cubeide/plugins/com.st.stm32cube.ide.mcu.externaltools.gnu-tools-for-stm32.9-2020-q2-update.win32_2.0.0.202105311346/tools/bin/../lib/gcc/arm-none-eabi/9.3.1/../../../../arm-none-eabi/lib/thumb/v7e-m+fp/hard\libc_nano.a(lib_a-nano-mallocr.o)
                0x000000002000008c                __malloc_sbrk_start
 *(COMMON)
 COMMON         0x0000000020000090        0x4 ./Core/Src/delay_timer_lib.o
                0x0000000020000090                timer_clock
 COMMON         0x0000000020000094       0x20 ./Core/Src/dht22.o
                0x0000000020000094                humidity_tmp
                0x0000000020000098                MILLIS
                0x000000002000009c                dht22_data
                0x00000000200000a0                MICROS
                0x00000000200000a1                bits_read
                0x00000000200000a2                dht_status
                0x00000000200000a4                temperature_tmp
                0x00000000200000a8                dht22
 COMMON         0x00000000200000b4       0x2c ./Core/Src/interrupts.o
                0x00000000200000b4                date_time
                0x00000000200000c0                I2C_handle
                0x00000000200000d4                internal_led_pin
 COMMON         0x00000000200000e0        0x4 c:/st/stm32cubeide_1.8.0/stm32cubeide/plugins/com.st.stm32cube.ide.mcu.externaltools.gnu-tools-for-stm32.9-2020-q2-update.win32_2.0.0.202105311346/tools/bin/../lib/gcc/arm-none-eabi/9.3.1/../../../../arm-none-eabi/lib/thumb/v7e-m+fp/hard\libc_nano.a(lib_a-reent.o)
                0x00000000200000e0                errno
 COMMON         0x00000000200000e4        0x9 c:/st/stm32cubeide_1.8.0/stm32cubeide/plugins/com.st.stm32cube.ide.mcu.externaltools.gnu-tools-for-stm32.9-2020-q2-update.win32_2.0.0.202105311346/tools/bin/../lib/gcc/arm-none-eabi/9.3.1/../../../../arm-none-eabi/lib/thumb/v7e-m+fp/hard\libc_nano.a(lib_a-lock.o)
                0x00000000200000e4                __lock___atexit_recursive_mutex
                0x00000000200000e5                __lock___arc4random_mutex
                0x00000000200000e6                __lock___env_recursive_mutex
                0x00000000200000e7                __lock___sinit_recursive_mutex
                0x00000000200000e8                __lock___malloc_recursive_mutex
                0x00000000200000e9                __lock___at_quick_exit_mutex
                0x00000000200000ea                __lock___dd_hash_mutex
                0x00000000200000eb                __lock___tz_mutex
                0x00000000200000ec                __lock___sfp_recursive_mutex
                0x00000000200000f0                . = ALIGN (0x4)
 *fill*         0x00000000200000ed        0x3 
                0x00000000200000f0                _ebss = .
                0x00000000200000f0                __bss_end__ = _ebss

._user_heap_stack
                0x00000000200000f0      0x600 load address 0x0000000008002d3c
                0x00000000200000f0                . = ALIGN (0x8)
                0x00000000200000f0                PROVIDE (end = .)
                0x00000000200000f0                PROVIDE (_end = .)
                0x00000000200002f0                . = (. + _Min_Heap_Size)
 *fill*         0x00000000200000f0      0x200 
                0x00000000200006f0                . = (. + _Min_Stack_Size)
 *fill*         0x00000000200002f0      0x400 
                0x00000000200006f0                . = ALIGN (0x8)

/DISCARD/
 libc.a(*)
 libm.a(*)
 libgcc.a(*)

.ARM.attributes
                0x0000000000000000       0x30
 *(.ARM.attributes)
 .ARM.attributes
                0x0000000000000000       0x1e c:/st/stm32cubeide_1.8.0/stm32cubeide/plugins/com.st.stm32cube.ide.mcu.externaltools.gnu-tools-for-stm32.9-2020-q2-update.win32_2.0.0.202105311346/tools/bin/../lib/gcc/arm-none-eabi/9.3.1/thumb/v7e-m+fp/hard/crti.o
 .ARM.attributes
                0x000000000000001e       0x34 c:/st/stm32cubeide_1.8.0/stm32cubeide/plugins/com.st.stm32cube.ide.mcu.externaltools.gnu-tools-for-stm32.9-2020-q2-update.win32_2.0.0.202105311346/tools/bin/../lib/gcc/arm-none-eabi/9.3.1/thumb/v7e-m+fp/hard/crtbegin.o
 .ARM.attributes
                0x0000000000000052       0x34 ./Core/Src/EXTI_lib.o
 .ARM.attributes
                0x0000000000000086       0x34 ./Core/Src/GPIO_Lib.o
 .ARM.attributes
                0x00000000000000ba       0x34 ./Core/Src/I2c_lib.o
 .ARM.attributes
                0x00000000000000ee       0x34 ./Core/Src/NVIC_lib.o
 .ARM.attributes
                0x0000000000000122       0x34 ./Core/Src/RTC.o
 .ARM.attributes
                0x0000000000000156       0x34 ./Core/Src/UART_lib.o
 .ARM.attributes
                0x000000000000018a       0x34 ./Core/Src/clocks_lib.o
 .ARM.attributes
                0x00000000000001be       0x34 ./Core/Src/delay_timer_lib.o
 .ARM.attributes
                0x00000000000001f2       0x34 ./Core/Src/dht22.o
 .ARM.attributes
                0x0000000000000226       0x34 ./Core/Src/interrupts.o
 .ARM.attributes
                0x000000000000025a       0x34 ./Core/Src/lcd.o
 .ARM.attributes
                0x000000000000028e       0x34 ./Core/Src/main.o
 .ARM.attributes
                0x00000000000002c2       0x34 ./Core/Src/sysmem.o
 .ARM.attributes
                0x00000000000002f6       0x34 ./Core/Src/system_stm32f4xx.o
 .ARM.attributes
                0x000000000000032a       0x34 ./Core/Src/systick_IR_ timer_lib.o
 .ARM.attributes
                0x000000000000035e       0x21 ./Core/Startup/startup_stm32f401retx.o
 .ARM.attributes
                0x000000000000037f       0x34 c:/st/stm32cubeide_1.8.0/stm32cubeide/plugins/com.st.stm32cube.ide.mcu.externaltools.gnu-tools-for-stm32.9-2020-q2-update.win32_2.0.0.202105311346/tools/bin/../lib/gcc/arm-none-eabi/9.3.1/../../../../arm-none-eabi/lib/thumb/v7e-m+fp/hard\libc_nano.a(lib_a-errno.o)
 .ARM.attributes
                0x00000000000003b3       0x32 c:/st/stm32cubeide_1.8.0/stm32cubeide/plugins/com.st.stm32cube.ide.mcu.externaltools.gnu-tools-for-stm32.9-2020-q2-update.win32_2.0.0.202105311346/tools/bin/../lib/gcc/arm-none-eabi/9.3.1/../../../../arm-none-eabi/lib/thumb/v7e-m+fp/hard\libc_nano.a(lib_a-impure.o)
 .ARM.attributes
                0x00000000000003e5       0x34 c:/st/stm32cubeide_1.8.0/stm32cubeide/plugins/com.st.stm32cube.ide.mcu.externaltools.gnu-tools-for-stm32.9-2020-q2-update.win32_2.0.0.202105311346/tools/bin/../lib/gcc/arm-none-eabi/9.3.1/../../../../arm-none-eabi/lib/thumb/v7e-m+fp/hard\libc_nano.a(lib_a-init.o)
 .ARM.attributes
                0x0000000000000419       0x34 c:/st/stm32cubeide_1.8.0/stm32cubeide/plugins/com.st.stm32cube.ide.mcu.externaltools.gnu-tools-for-stm32.9-2020-q2-update.win32_2.0.0.202105311346/tools/bin/../lib/gcc/arm-none-eabi/9.3.1/../../../../arm-none-eabi/lib/thumb/v7e-m+fp/hard\libc_nano.a(lib_a-memset.o)
 .ARM.attributes
                0x000000000000044d       0x34 c:/st/stm32cubeide_1.8.0/stm32cubeide/plugins/com.st.stm32cube.ide.mcu.externaltools.gnu-tools-for-stm32.9-2020-q2-update.win32_2.0.0.202105311346/tools/bin/../lib/gcc/arm-none-eabi/9.3.1/../../../../arm-none-eabi/lib/thumb/v7e-m+fp/hard\libc_nano.a(lib_a-sprintf.o)
 .ARM.attributes
                0x0000000000000481       0x34 c:/st/stm32cubeide_1.8.0/stm32cubeide/plugins/com.st.stm32cube.ide.mcu.externaltools.gnu-tools-for-stm32.9-2020-q2-update.win32_2.0.0.202105311346/tools/bin/../lib/gcc/arm-none-eabi/9.3.1/../../../../arm-none-eabi/lib/thumb/v7e-m+fp/hard\libc_nano.a(lib_a-strcat.o)
 .ARM.attributes
                0x00000000000004b5       0x34 c:/st/stm32cubeide_1.8.0/stm32cubeide/plugins/com.st.stm32cube.ide.mcu.externaltools.gnu-tools-for-stm32.9-2020-q2-update.win32_2.0.0.202105311346/tools/bin/../lib/gcc/arm-none-eabi/9.3.1/../../../../arm-none-eabi/lib/thumb/v7e-m+fp/hard\libc_nano.a(lib_a-strncpy.o)
 .ARM.attributes
                0x00000000000004e9       0x34 c:/st/stm32cubeide_1.8.0/stm32cubeide/plugins/com.st.stm32cube.ide.mcu.externaltools.gnu-tools-for-stm32.9-2020-q2-update.win32_2.0.0.202105311346/tools/bin/../lib/gcc/arm-none-eabi/9.3.1/../../../../arm-none-eabi/lib/thumb/v7e-m+fp/hard\libc_nano.a(lib_a-nano-svfprintf.o)
 .ARM.attributes
                0x000000000000051d       0x34 c:/st/stm32cubeide_1.8.0/stm32cubeide/plugins/com.st.stm32cube.ide.mcu.externaltools.gnu-tools-for-stm32.9-2020-q2-update.win32_2.0.0.202105311346/tools/bin/../lib/gcc/arm-none-eabi/9.3.1/../../../../arm-none-eabi/lib/thumb/v7e-m+fp/hard\libc_nano.a(lib_a-nano-vfprintf_i.o)
 .ARM.attributes
                0x0000000000000551       0x1c c:/st/stm32cubeide_1.8.0/stm32cubeide/plugins/com.st.stm32cube.ide.mcu.externaltools.gnu-tools-for-stm32.9-2020-q2-update.win32_2.0.0.202105311346/tools/bin/../lib/gcc/arm-none-eabi/9.3.1/../../../../arm-none-eabi/lib/thumb/v7e-m+fp/hard\libc_nano.a(lib_a-memchr.o)
 .ARM.attributes
                0x000000000000056d       0x34 c:/st/stm32cubeide_1.8.0/stm32cubeide/plugins/com.st.stm32cube.ide.mcu.externaltools.gnu-tools-for-stm32.9-2020-q2-update.win32_2.0.0.202105311346/tools/bin/../lib/gcc/arm-none-eabi/9.3.1/../../../../arm-none-eabi/lib/thumb/v7e-m+fp/hard\libc_nano.a(lib_a-memcpy-stub.o)
 .ARM.attributes
                0x00000000000005a1       0x34 c:/st/stm32cubeide_1.8.0/stm32cubeide/plugins/com.st.stm32cube.ide.mcu.externaltools.gnu-tools-for-stm32.9-2020-q2-update.win32_2.0.0.202105311346/tools/bin/../lib/gcc/arm-none-eabi/9.3.1/../../../../arm-none-eabi/lib/thumb/v7e-m+fp/hard\libc_nano.a(lib_a-memmove.o)
 .ARM.attributes
                0x00000000000005d5       0x34 c:/st/stm32cubeide_1.8.0/stm32cubeide/plugins/com.st.stm32cube.ide.mcu.externaltools.gnu-tools-for-stm32.9-2020-q2-update.win32_2.0.0.202105311346/tools/bin/../lib/gcc/arm-none-eabi/9.3.1/../../../../arm-none-eabi/lib/thumb/v7e-m+fp/hard\libc_nano.a(lib_a-nano-freer.o)
 .ARM.attributes
                0x0000000000000609       0x34 c:/st/stm32cubeide_1.8.0/stm32cubeide/plugins/com.st.stm32cube.ide.mcu.externaltools.gnu-tools-for-stm32.9-2020-q2-update.win32_2.0.0.202105311346/tools/bin/../lib/gcc/arm-none-eabi/9.3.1/../../../../arm-none-eabi/lib/thumb/v7e-m+fp/hard\libc_nano.a(lib_a-nano-mallocr.o)
 .ARM.attributes
                0x000000000000063d       0x34 c:/st/stm32cubeide_1.8.0/stm32cubeide/plugins/com.st.stm32cube.ide.mcu.externaltools.gnu-tools-for-stm32.9-2020-q2-update.win32_2.0.0.202105311346/tools/bin/../lib/gcc/arm-none-eabi/9.3.1/../../../../arm-none-eabi/lib/thumb/v7e-m+fp/hard\libc_nano.a(lib_a-nano-reallocr.o)
 .ARM.attributes
                0x0000000000000671       0x34 c:/st/stm32cubeide_1.8.0/stm32cubeide/plugins/com.st.stm32cube.ide.mcu.externaltools.gnu-tools-for-stm32.9-2020-q2-update.win32_2.0.0.202105311346/tools/bin/../lib/gcc/arm-none-eabi/9.3.1/../../../../arm-none-eabi/lib/thumb/v7e-m+fp/hard\libc_nano.a(lib_a-sbrkr.o)
 .ARM.attributes
                0x00000000000006a5       0x34 c:/st/stm32cubeide_1.8.0/stm32cubeide/plugins/com.st.stm32cube.ide.mcu.externaltools.gnu-tools-for-stm32.9-2020-q2-update.win32_2.0.0.202105311346/tools/bin/../lib/gcc/arm-none-eabi/9.3.1/../../../../arm-none-eabi/lib/thumb/v7e-m+fp/hard\libc_nano.a(lib_a-mlock.o)
 .ARM.attributes
                0x00000000000006d9       0x34 c:/st/stm32cubeide_1.8.0/stm32cubeide/plugins/com.st.stm32cube.ide.mcu.externaltools.gnu-tools-for-stm32.9-2020-q2-update.win32_2.0.0.202105311346/tools/bin/../lib/gcc/arm-none-eabi/9.3.1/../../../../arm-none-eabi/lib/thumb/v7e-m+fp/hard\libc_nano.a(lib_a-nano-msizer.o)
 .ARM.attributes
                0x000000000000070d       0x34 c:/st/stm32cubeide_1.8.0/stm32cubeide/plugins/com.st.stm32cube.ide.mcu.externaltools.gnu-tools-for-stm32.9-2020-q2-update.win32_2.0.0.202105311346/tools/bin/../lib/gcc/arm-none-eabi/9.3.1/../../../../arm-none-eabi/lib/thumb/v7e-m+fp/hard\libc_nano.a(lib_a-reent.o)
 .ARM.attributes
                0x0000000000000741       0x34 c:/st/stm32cubeide_1.8.0/stm32cubeide/plugins/com.st.stm32cube.ide.mcu.externaltools.gnu-tools-for-stm32.9-2020-q2-update.win32_2.0.0.202105311346/tools/bin/../lib/gcc/arm-none-eabi/9.3.1/../../../../arm-none-eabi/lib/thumb/v7e-m+fp/hard\libc_nano.a(lib_a-lock.o)
 .ARM.attributes
                0x0000000000000775       0x34 c:/st/stm32cubeide_1.8.0/stm32cubeide/plugins/com.st.stm32cube.ide.mcu.externaltools.gnu-tools-for-stm32.9-2020-q2-update.win32_2.0.0.202105311346/tools/bin/../lib/gcc/arm-none-eabi/9.3.1/../../../../arm-none-eabi/lib/thumb/v7e-m+fp/hard\libc_nano.a(lib_a-findfp.o)
 .ARM.attributes
                0x00000000000007a9       0x1e c:/st/stm32cubeide_1.8.0/stm32cubeide/plugins/com.st.stm32cube.ide.mcu.externaltools.gnu-tools-for-stm32.9-2020-q2-update.win32_2.0.0.202105311346/tools/bin/../lib/gcc/arm-none-eabi/9.3.1/thumb/v7e-m+fp/hard/crtn.o
OUTPUT(weather_station2.elf elf32-littlearm)
LOAD linker stubs
LOAD c:/st/stm32cubeide_1.8.0/stm32cubeide/plugins/com.st.stm32cube.ide.mcu.externaltools.gnu-tools-for-stm32.9-2020-q2-update.win32_2.0.0.202105311346/tools/bin/../lib/gcc/arm-none-eabi/9.3.1/../../../../arm-none-eabi/lib/thumb/v7e-m+fp/hard\libc.a
LOAD c:/st/stm32cubeide_1.8.0/stm32cubeide/plugins/com.st.stm32cube.ide.mcu.externaltools.gnu-tools-for-stm32.9-2020-q2-update.win32_2.0.0.202105311346/tools/bin/../lib/gcc/arm-none-eabi/9.3.1/../../../../arm-none-eabi/lib/thumb/v7e-m+fp/hard\libm.a
LOAD c:/st/stm32cubeide_1.8.0/stm32cubeide/plugins/com.st.stm32cube.ide.mcu.externaltools.gnu-tools-for-stm32.9-2020-q2-update.win32_2.0.0.202105311346/tools/bin/../lib/gcc/arm-none-eabi/9.3.1/thumb/v7e-m+fp/hard\libgcc.a

.debug_info     0x0000000000000000     0x8047
 .debug_info    0x0000000000000000      0x53b ./Core/Src/EXTI_lib.o
 .debug_info    0x000000000000053b      0x5f9 ./Core/Src/GPIO_Lib.o
 .debug_info    0x0000000000000b34      0x932 ./Core/Src/I2c_lib.o
 .debug_info    0x0000000000001466      0x3a1 ./Core/Src/NVIC_lib.o
 .debug_info    0x0000000000001807      0xb02 ./Core/Src/RTC.o
 .debug_info    0x0000000000002309      0x4c0 ./Core/Src/UART_lib.o
 .debug_info    0x00000000000027c9      0xf66 ./Core/Src/clocks_lib.o
 .debug_info    0x000000000000372f      0x5e8 ./Core/Src/delay_timer_lib.o
 .debug_info    0x0000000000003d17      0x5c2 ./Core/Src/dht22.o
 .debug_info    0x00000000000042d9     0x108a ./Core/Src/interrupts.o
 .debug_info    0x0000000000005363      0x6ce ./Core/Src/lcd.o
 .debug_info    0x0000000000005a31     0x1422 ./Core/Src/main.o
 .debug_info    0x0000000000006e53      0xa25 ./Core/Src/sysmem.o
 .debug_info    0x0000000000007878      0x572 ./Core/Src/system_stm32f4xx.o
 .debug_info    0x0000000000007dea      0x23b ./Core/Src/systick_IR_ timer_lib.o
 .debug_info    0x0000000000008025       0x22 ./Core/Startup/startup_stm32f401retx.o

.debug_abbrev   0x0000000000000000     0x1b79
 .debug_abbrev  0x0000000000000000      0x181 ./Core/Src/EXTI_lib.o
 .debug_abbrev  0x0000000000000181      0x1b1 ./Core/Src/GPIO_Lib.o
 .debug_abbrev  0x0000000000000332      0x255 ./Core/Src/I2c_lib.o
 .debug_abbrev  0x0000000000000587      0x193 ./Core/Src/NVIC_lib.o
 .debug_abbrev  0x000000000000071a      0x1f2 ./Core/Src/RTC.o
 .debug_abbrev  0x000000000000090c      0x182 ./Core/Src/UART_lib.o
 .debug_abbrev  0x0000000000000a8e      0x2ba ./Core/Src/clocks_lib.o
 .debug_abbrev  0x0000000000000d48      0x1ac ./Core/Src/delay_timer_lib.o
 .debug_abbrev  0x0000000000000ef4      0x1b2 ./Core/Src/dht22.o
 .debug_abbrev  0x00000000000010a6      0x238 ./Core/Src/interrupts.o
 .debug_abbrev  0x00000000000012de      0x1b5 ./Core/Src/lcd.o
 .debug_abbrev  0x0000000000001493      0x296 ./Core/Src/main.o
 .debug_abbrev  0x0000000000001729      0x1bf ./Core/Src/sysmem.o
 .debug_abbrev  0x00000000000018e8      0x129 ./Core/Src/system_stm32f4xx.o
 .debug_abbrev  0x0000000000001a11      0x156 ./Core/Src/systick_IR_ timer_lib.o
 .debug_abbrev  0x0000000000001b67       0x12 ./Core/Startup/startup_stm32f401retx.o

.debug_aranges  0x0000000000000000      0x4c0
 .debug_aranges
                0x0000000000000000       0x40 ./Core/Src/EXTI_lib.o
 .debug_aranges
                0x0000000000000040       0x48 ./Core/Src/GPIO_Lib.o
 .debug_aranges
                0x0000000000000088       0xa0 ./Core/Src/I2c_lib.o
 .debug_aranges
                0x0000000000000128       0x40 ./Core/Src/NVIC_lib.o
 .debug_aranges
                0x0000000000000168       0x58 ./Core/Src/RTC.o
 .debug_aranges
                0x00000000000001c0       0x38 ./Core/Src/UART_lib.o
 .debug_aranges
                0x00000000000001f8       0x98 ./Core/Src/clocks_lib.o
 .debug_aranges
                0x0000000000000290       0x48 ./Core/Src/delay_timer_lib.o
 .debug_aranges
                0x00000000000002d8       0x48 ./Core/Src/dht22.o
 .debug_aranges
                0x0000000000000320       0x48 ./Core/Src/interrupts.o
 .debug_aranges
                0x0000000000000368       0x60 ./Core/Src/lcd.o
 .debug_aranges
                0x00000000000003c8       0x50 ./Core/Src/main.o
 .debug_aranges
                0x0000000000000418       0x20 ./Core/Src/sysmem.o
 .debug_aranges
                0x0000000000000438       0x28 ./Core/Src/system_stm32f4xx.o
 .debug_aranges
                0x0000000000000460       0x38 ./Core/Src/systick_IR_ timer_lib.o
 .debug_aranges
                0x0000000000000498       0x28 ./Core/Startup/startup_stm32f401retx.o

.debug_ranges   0x0000000000000000      0x3c8
 .debug_ranges  0x0000000000000000       0x30 ./Core/Src/EXTI_lib.o
 .debug_ranges  0x0000000000000030       0x38 ./Core/Src/GPIO_Lib.o
 .debug_ranges  0x0000000000000068       0x90 ./Core/Src/I2c_lib.o
 .debug_ranges  0x00000000000000f8       0x30 ./Core/Src/NVIC_lib.o
 .debug_ranges  0x0000000000000128       0x48 ./Core/Src/RTC.o
 .debug_ranges  0x0000000000000170       0x28 ./Core/Src/UART_lib.o
 .debug_ranges  0x0000000000000198       0x88 ./Core/Src/clocks_lib.o
 .debug_ranges  0x0000000000000220       0x38 ./Core/Src/delay_timer_lib.o
 .debug_ranges  0x0000000000000258       0x38 ./Core/Src/dht22.o
 .debug_ranges  0x0000000000000290       0x38 ./Core/Src/interrupts.o
 .debug_ranges  0x00000000000002c8       0x50 ./Core/Src/lcd.o
 .debug_ranges  0x0000000000000318       0x40 ./Core/Src/main.o
 .debug_ranges  0x0000000000000358       0x10 ./Core/Src/sysmem.o
 .debug_ranges  0x0000000000000368       0x18 ./Core/Src/system_stm32f4xx.o
 .debug_ranges  0x0000000000000380       0x28 ./Core/Src/systick_IR_ timer_lib.o
 .debug_ranges  0x00000000000003a8       0x20 ./Core/Startup/startup_stm32f401retx.o

.debug_macro    0x0000000000000000    0x102fe
 .debug_macro   0x0000000000000000       0xdd ./Core/Src/EXTI_lib.o
 .debug_macro   0x00000000000000dd      0xaa8 ./Core/Src/EXTI_lib.o
 .debug_macro   0x0000000000000b85       0x2e ./Core/Src/EXTI_lib.o
 .debug_macro   0x0000000000000bb3       0x28 ./Core/Src/EXTI_lib.o
 .debug_macro   0x0000000000000bdb       0x22 ./Core/Src/EXTI_lib.o
 .debug_macro   0x0000000000000bfd       0x8e ./Core/Src/EXTI_lib.o
 .debug_macro   0x0000000000000c8b       0x51 ./Core/Src/EXTI_lib.o
 .debug_macro   0x0000000000000cdc      0x103 ./Core/Src/EXTI_lib.o
 .debug_macro   0x0000000000000ddf       0x6a ./Core/Src/EXTI_lib.o
 .debug_macro   0x0000000000000e49      0x1df ./Core/Src/EXTI_lib.o
 .debug_macro   0x0000000000001028       0x1c ./Core/Src/EXTI_lib.o
 .debug_macro   0x0000000000001044       0x22 ./Core/Src/EXTI_lib.o
 .debug_macro   0x0000000000001066       0xdf ./Core/Src/EXTI_lib.o
 .debug_macro   0x0000000000001145     0x102d ./Core/Src/EXTI_lib.o
 .debug_macro   0x0000000000002172      0x11f ./Core/Src/EXTI_lib.o
 .debug_macro   0x0000000000002291     0xb86c ./Core/Src/EXTI_lib.o
 .debug_macro   0x000000000000dafd       0x6d ./Core/Src/EXTI_lib.o
 .debug_macro   0x000000000000db6a       0x3a ./Core/Src/EXTI_lib.o
 .debug_macro   0x000000000000dba4       0xdd ./Core/Src/GPIO_Lib.o
 .debug_macro   0x000000000000dc81       0x28 ./Core/Src/GPIO_Lib.o
 .debug_macro   0x000000000000dca9       0xf0 ./Core/Src/I2c_lib.o
 .debug_macro   0x000000000000dd99       0x22 ./Core/Src/I2c_lib.o
 .debug_macro   0x000000000000ddbb       0x8e ./Core/Src/I2c_lib.o
 .debug_macro   0x000000000000de49       0xd8 ./Core/Src/NVIC_lib.o
 .debug_macro   0x000000000000df21       0xeb ./Core/Src/RTC.o
 .debug_macro   0x000000000000e00c       0x40 ./Core/Src/RTC.o
 .debug_macro   0x000000000000e04c       0xe0 ./Core/Src/UART_lib.o
 .debug_macro   0x000000000000e12c       0x2e ./Core/Src/UART_lib.o
 .debug_macro   0x000000000000e15a      0x241 ./Core/Src/clocks_lib.o
 .debug_macro   0x000000000000e39b       0x88 ./Core/Src/clocks_lib.o
 .debug_macro   0x000000000000e423       0x52 ./Core/Src/clocks_lib.o
 .debug_macro   0x000000000000e475       0x18 ./Core/Src/clocks_lib.o
 .debug_macro   0x000000000000e48d       0x3c ./Core/Src/clocks_lib.o
 .debug_macro   0x000000000000e4c9       0x34 ./Core/Src/clocks_lib.o
 .debug_macro   0x000000000000e4fd       0x16 ./Core/Src/clocks_lib.o
 .debug_macro   0x000000000000e513       0x97 ./Core/Src/clocks_lib.o
 .debug_macro   0x000000000000e5aa      0x333 ./Core/Src/clocks_lib.o
 .debug_macro   0x000000000000e8dd       0xfd ./Core/Src/clocks_lib.o
 .debug_macro   0x000000000000e9da       0x10 ./Core/Src/clocks_lib.o
 .debug_macro   0x000000000000e9ea       0x16 ./Core/Src/clocks_lib.o
 .debug_macro   0x000000000000ea00       0x43 ./Core/Src/clocks_lib.o
 .debug_macro   0x000000000000ea43       0x34 ./Core/Src/clocks_lib.o
 .debug_macro   0x000000000000ea77       0x10 ./Core/Src/clocks_lib.o
 .debug_macro   0x000000000000ea87       0x58 ./Core/Src/clocks_lib.o
 .debug_macro   0x000000000000eadf       0x71 ./Core/Src/clocks_lib.o
 .debug_macro   0x000000000000eb50       0x1c ./Core/Src/clocks_lib.o
 .debug_macro   0x000000000000eb6c      0x12a ./Core/Src/clocks_lib.o
 .debug_macro   0x000000000000ec96       0x10 ./Core/Src/clocks_lib.o
 .debug_macro   0x000000000000eca6       0x1c ./Core/Src/clocks_lib.o
 .debug_macro   0x000000000000ecc2       0x52 ./Core/Src/clocks_lib.o
 .debug_macro   0x000000000000ed14       0x22 ./Core/Src/clocks_lib.o
 .debug_macro   0x000000000000ed36       0x10 ./Core/Src/clocks_lib.o
 .debug_macro   0x000000000000ed46       0x40 ./Core/Src/clocks_lib.o
 .debug_macro   0x000000000000ed86       0xd5 ./Core/Src/clocks_lib.o
 .debug_macro   0x000000000000ee5b       0x1c ./Core/Src/clocks_lib.o
 .debug_macro   0x000000000000ee77       0x3d ./Core/Src/clocks_lib.o
 .debug_macro   0x000000000000eeb4       0x16 ./Core/Src/clocks_lib.o
 .debug_macro   0x000000000000eeca      0x145 ./Core/Src/clocks_lib.o
 .debug_macro   0x000000000000f00f       0xe0 ./Core/Src/delay_timer_lib.o
 .debug_macro   0x000000000000f0ef       0x16 ./Core/Src/delay_timer_lib.o
 .debug_macro   0x000000000000f105      0x108 ./Core/Src/dht22.o
 .debug_macro   0x000000000000f20d       0x1c ./Core/Src/dht22.o
 .debug_macro   0x000000000000f229       0x16 ./Core/Src/dht22.o
 .debug_macro   0x000000000000f23f      0x27d ./Core/Src/interrupts.o
 .debug_macro   0x000000000000f4bc       0x2e ./Core/Src/interrupts.o
 .debug_macro   0x000000000000f4ea       0x28 ./Core/Src/interrupts.o
 .debug_macro   0x000000000000f512       0x16 ./Core/Src/interrupts.o
 .debug_macro   0x000000000000f528       0xf5 ./Core/Src/lcd.o
 .debug_macro   0x000000000000f61d       0x10 ./Core/Src/lcd.o
 .debug_macro   0x000000000000f62d      0x2e2 ./Core/Src/main.o
 .debug_macro   0x000000000000f90f      0x174 ./Core/Src/main.o
 .debug_macro   0x000000000000fa83       0x10 ./Core/Src/main.o
 .debug_macro   0x000000000000fa93       0x35 ./Core/Src/main.o
 .debug_macro   0x000000000000fac8       0x20 ./Core/Src/main.o
 .debug_macro   0x000000000000fae8      0x1a9 ./Core/Src/main.o
 .debug_macro   0x000000000000fc91       0x1c ./Core/Src/main.o
 .debug_macro   0x000000000000fcad       0xff ./Core/Src/sysmem.o
 .debug_macro   0x000000000000fdac       0x10 ./Core/Src/sysmem.o
 .debug_macro   0x000000000000fdbc       0x4c ./Core/Src/sysmem.o
 .debug_macro   0x000000000000fe08       0x94 ./Core/Src/sysmem.o
 .debug_macro   0x000000000000fe9c       0x57 ./Core/Src/sysmem.o
 .debug_macro   0x000000000000fef3      0x23b ./Core/Src/sysmem.o
 .debug_macro   0x000000000001012e       0xda ./Core/Src/system_stm32f4xx.o
 .debug_macro   0x0000000000010208       0xe6 ./Core/Src/systick_IR_ timer_lib.o
 .debug_macro   0x00000000000102ee       0x10 ./Core/Src/systick_IR_ timer_lib.o

.debug_line     0x0000000000000000     0x6243
 .debug_line    0x0000000000000000      0x56c ./Core/Src/EXTI_lib.o
 .debug_line    0x000000000000056c      0x622 ./Core/Src/GPIO_Lib.o
 .debug_line    0x0000000000000b8e      0x9b7 ./Core/Src/I2c_lib.o
 .debug_line    0x0000000000001545      0x520 ./Core/Src/NVIC_lib.o
 .debug_line    0x0000000000001a65      0x819 ./Core/Src/RTC.o
 .debug_line    0x000000000000227e      0x55e ./Core/Src/UART_lib.o
 .debug_line    0x00000000000027dc      0x93e ./Core/Src/clocks_lib.o
 .debug_line    0x000000000000311a      0x612 ./Core/Src/delay_timer_lib.o
 .debug_line    0x000000000000372c      0x5c5 ./Core/Src/dht22.o
 .debug_line    0x0000000000003cf1      0x74c ./Core/Src/interrupts.o
 .debug_line    0x000000000000443d      0x65b ./Core/Src/lcd.o
 .debug_line    0x0000000000004a98      0x82f ./Core/Src/main.o
 .debug_line    0x00000000000052c7      0x4f8 ./Core/Src/sysmem.o
 .debug_line    0x00000000000057bf      0x4f2 ./Core/Src/system_stm32f4xx.o
 .debug_line    0x0000000000005cb1      0x50a ./Core/Src/systick_IR_ timer_lib.o
 .debug_line    0x00000000000061bb       0x88 ./Core/Startup/startup_stm32f401retx.o

.debug_str      0x0000000000000000    0x55b97
 .debug_str     0x0000000000000000    0x4f5d9 ./Core/Src/EXTI_lib.o
                                      0x4f765 (size before relaxing)
 .debug_str     0x000000000004f5d9      0x1b2 ./Core/Src/GPIO_Lib.o
                                      0x4f7b8 (size before relaxing)
 .debug_str     0x000000000004f78b      0x791 ./Core/Src/I2c_lib.o
                                      0x4fda6 (size before relaxing)
 .debug_str     0x000000000004ff1c       0x93 ./Core/Src/NVIC_lib.o
                                      0x4f5e5 (size before relaxing)
 .debug_str     0x000000000004ffaf      0x2b7 ./Core/Src/RTC.o
                                      0x4fcfe (size before relaxing)
 .debug_str     0x0000000000050266      0x119 ./Core/Src/UART_lib.o
                                      0x4f888 (size before relaxing)
 .debug_str     0x000000000005037f     0x4435 ./Core/Src/clocks_lib.o
                                      0x53d32 (size before relaxing)
 .debug_str     0x00000000000547b4       0xe1 ./Core/Src/delay_timer_lib.o
                                      0x4f898 (size before relaxing)
 .debug_str     0x0000000000054895      0x146 ./Core/Src/dht22.o
                                      0x4fbcb (size before relaxing)
 .debug_str     0x00000000000549db      0x123 ./Core/Src/interrupts.o
                                      0x53e49 (size before relaxing)
 .debug_str     0x0000000000054afe       0xe2 ./Core/Src/lcd.o
                                      0x4f7b7 (size before relaxing)
 .debug_str     0x0000000000054be0      0x945 ./Core/Src/main.o
                                      0x54b58 (size before relaxing)
 .debug_str     0x0000000000055525      0x4e9 ./Core/Src/sysmem.o
                                       0x62a2 (size before relaxing)
 .debug_str     0x0000000000055a0e       0xed ./Core/Src/system_stm32f4xx.o
                                      0x4f6db (size before relaxing)
 .debug_str     0x0000000000055afb       0x66 ./Core/Src/systick_IR_ timer_lib.o
                                      0x4f720 (size before relaxing)
 .debug_str     0x0000000000055b61       0x36 ./Core/Startup/startup_stm32f401retx.o
                                         0x73 (size before relaxing)

.comment        0x0000000000000000       0x53
 .comment       0x0000000000000000       0x53 ./Core/Src/EXTI_lib.o
                                         0x54 (size before relaxing)
 .comment       0x0000000000000053       0x54 ./Core/Src/GPIO_Lib.o
 .comment       0x0000000000000053       0x54 ./Core/Src/I2c_lib.o
 .comment       0x0000000000000053       0x54 ./Core/Src/NVIC_lib.o
 .comment       0x0000000000000053       0x54 ./Core/Src/RTC.o
 .comment       0x0000000000000053       0x54 ./Core/Src/UART_lib.o
 .comment       0x0000000000000053       0x54 ./Core/Src/clocks_lib.o
 .comment       0x0000000000000053       0x54 ./Core/Src/delay_timer_lib.o
 .comment       0x0000000000000053       0x54 ./Core/Src/dht22.o
 .comment       0x0000000000000053       0x54 ./Core/Src/interrupts.o
 .comment       0x0000000000000053       0x54 ./Core/Src/lcd.o
 .comment       0x0000000000000053       0x54 ./Core/Src/main.o
 .comment       0x0000000000000053       0x54 ./Core/Src/sysmem.o
 .comment       0x0000000000000053       0x54 ./Core/Src/system_stm32f4xx.o
 .comment       0x0000000000000053       0x54 ./Core/Src/systick_IR_ timer_lib.o

.debug_frame    0x0000000000000000     0x1544
 .debug_frame   0x0000000000000000       0xd0 ./Core/Src/EXTI_lib.o
 .debug_frame   0x00000000000000d0       0xfc ./Core/Src/GPIO_Lib.o
 .debug_frame   0x00000000000001cc      0x28c ./Core/Src/I2c_lib.o
 .debug_frame   0x0000000000000458       0xcc ./Core/Src/NVIC_lib.o
 .debug_frame   0x0000000000000524      0x130 ./Core/Src/RTC.o
 .debug_frame   0x0000000000000654       0xa8 ./Core/Src/UART_lib.o
 .debug_frame   0x00000000000006fc      0x25c ./Core/Src/clocks_lib.o
 .debug_frame   0x0000000000000958       0xf4 ./Core/Src/delay_timer_lib.o
 .debug_frame   0x0000000000000a4c       0xc0 ./Core/Src/dht22.o
 .debug_frame   0x0000000000000b0c       0xd0 ./Core/Src/interrupts.o
 .debug_frame   0x0000000000000bdc      0x154 ./Core/Src/lcd.o
 .debug_frame   0x0000000000000d30      0x104 ./Core/Src/main.o
 .debug_frame   0x0000000000000e34       0x34 ./Core/Src/sysmem.o
 .debug_frame   0x0000000000000e68       0x58 ./Core/Src/system_stm32f4xx.o
 .debug_frame   0x0000000000000ec0       0xa4 ./Core/Src/systick_IR_ timer_lib.o
 .debug_frame   0x0000000000000f64       0x20 c:/st/stm32cubeide_1.8.0/stm32cubeide/plugins/com.st.stm32cube.ide.mcu.externaltools.gnu-tools-for-stm32.9-2020-q2-update.win32_2.0.0.202105311346/tools/bin/../lib/gcc/arm-none-eabi/9.3.1/../../../../arm-none-eabi/lib/thumb/v7e-m+fp/hard\libc_nano.a(lib_a-errno.o)
 .debug_frame   0x0000000000000f84       0x2c c:/st/stm32cubeide_1.8.0/stm32cubeide/plugins/com.st.stm32cube.ide.mcu.externaltools.gnu-tools-for-stm32.9-2020-q2-update.win32_2.0.0.202105311346/tools/bin/../lib/gcc/arm-none-eabi/9.3.1/../../../../arm-none-eabi/lib/thumb/v7e-m+fp/hard\libc_nano.a(lib_a-init.o)
 .debug_frame   0x0000000000000fb0       0x20 c:/st/stm32cubeide_1.8.0/stm32cubeide/plugins/com.st.stm32cube.ide.mcu.externaltools.gnu-tools-for-stm32.9-2020-q2-update.win32_2.0.0.202105311346/tools/bin/../lib/gcc/arm-none-eabi/9.3.1/../../../../arm-none-eabi/lib/thumb/v7e-m+fp/hard\libc_nano.a(lib_a-memset.o)
 .debug_frame   0x0000000000000fd0       0x6c c:/st/stm32cubeide_1.8.0/stm32cubeide/plugins/com.st.stm32cube.ide.mcu.externaltools.gnu-tools-for-stm32.9-2020-q2-update.win32_2.0.0.202105311346/tools/bin/../lib/gcc/arm-none-eabi/9.3.1/../../../../arm-none-eabi/lib/thumb/v7e-m+fp/hard\libc_nano.a(lib_a-sprintf.o)
 .debug_frame   0x000000000000103c       0x28 c:/st/stm32cubeide_1.8.0/stm32cubeide/plugins/com.st.stm32cube.ide.mcu.externaltools.gnu-tools-for-stm32.9-2020-q2-update.win32_2.0.0.202105311346/tools/bin/../lib/gcc/arm-none-eabi/9.3.1/../../../../arm-none-eabi/lib/thumb/v7e-m+fp/hard\libc_nano.a(lib_a-strcat.o)
 .debug_frame   0x0000000000001064       0x28 c:/st/stm32cubeide_1.8.0/stm32cubeide/plugins/com.st.stm32cube.ide.mcu.externaltools.gnu-tools-for-stm32.9-2020-q2-update.win32_2.0.0.202105311346/tools/bin/../lib/gcc/arm-none-eabi/9.3.1/../../../../arm-none-eabi/lib/thumb/v7e-m+fp/hard\libc_nano.a(lib_a-strncpy.o)
 .debug_frame   0x000000000000108c       0x90 c:/st/stm32cubeide_1.8.0/stm32cubeide/plugins/com.st.stm32cube.ide.mcu.externaltools.gnu-tools-for-stm32.9-2020-q2-update.win32_2.0.0.202105311346/tools/bin/../lib/gcc/arm-none-eabi/9.3.1/../../../../arm-none-eabi/lib/thumb/v7e-m+fp/hard\libc_nano.a(lib_a-nano-svfprintf.o)
 .debug_frame   0x000000000000111c       0x60 c:/st/stm32cubeide_1.8.0/stm32cubeide/plugins/com.st.stm32cube.ide.mcu.externaltools.gnu-tools-for-stm32.9-2020-q2-update.win32_2.0.0.202105311346/tools/bin/../lib/gcc/arm-none-eabi/9.3.1/../../../../arm-none-eabi/lib/thumb/v7e-m+fp/hard\libc_nano.a(lib_a-nano-vfprintf_i.o)
 .debug_frame   0x000000000000117c       0x28 c:/st/stm32cubeide_1.8.0/stm32cubeide/plugins/com.st.stm32cube.ide.mcu.externaltools.gnu-tools-for-stm32.9-2020-q2-update.win32_2.0.0.202105311346/tools/bin/../lib/gcc/arm-none-eabi/9.3.1/../../../../arm-none-eabi/lib/thumb/v7e-m+fp/hard\libc_nano.a(lib_a-memcpy-stub.o)
 .debug_frame   0x00000000000011a4       0x28 c:/st/stm32cubeide_1.8.0/stm32cubeide/plugins/com.st.stm32cube.ide.mcu.externaltools.gnu-tools-for-stm32.9-2020-q2-update.win32_2.0.0.202105311346/tools/bin/../lib/gcc/arm-none-eabi/9.3.1/../../../../arm-none-eabi/lib/thumb/v7e-m+fp/hard\libc_nano.a(lib_a-memmove.o)
 .debug_frame   0x00000000000011cc       0x38 c:/st/stm32cubeide_1.8.0/stm32cubeide/plugins/com.st.stm32cube.ide.mcu.externaltools.gnu-tools-for-stm32.9-2020-q2-update.win32_2.0.0.202105311346/tools/bin/../lib/gcc/arm-none-eabi/9.3.1/../../../../arm-none-eabi/lib/thumb/v7e-m+fp/hard\libc_nano.a(lib_a-nano-freer.o)
 .debug_frame   0x0000000000001204       0x30 c:/st/stm32cubeide_1.8.0/stm32cubeide/plugins/com.st.stm32cube.ide.mcu.externaltools.gnu-tools-for-stm32.9-2020-q2-update.win32_2.0.0.202105311346/tools/bin/../lib/gcc/arm-none-eabi/9.3.1/../../../../arm-none-eabi/lib/thumb/v7e-m+fp/hard\libc_nano.a(lib_a-nano-mallocr.o)
 .debug_frame   0x0000000000001234       0x3c c:/st/stm32cubeide_1.8.0/stm32cubeide/plugins/com.st.stm32cube.ide.mcu.externaltools.gnu-tools-for-stm32.9-2020-q2-update.win32_2.0.0.202105311346/tools/bin/../lib/gcc/arm-none-eabi/9.3.1/../../../../arm-none-eabi/lib/thumb/v7e-m+fp/hard\libc_nano.a(lib_a-nano-reallocr.o)
 .debug_frame   0x0000000000001270       0x2c c:/st/stm32cubeide_1.8.0/stm32cubeide/plugins/com.st.stm32cube.ide.mcu.externaltools.gnu-tools-for-stm32.9-2020-q2-update.win32_2.0.0.202105311346/tools/bin/../lib/gcc/arm-none-eabi/9.3.1/../../../../arm-none-eabi/lib/thumb/v7e-m+fp/hard\libc_nano.a(lib_a-sbrkr.o)
 .debug_frame   0x000000000000129c       0x30 c:/st/stm32cubeide_1.8.0/stm32cubeide/plugins/com.st.stm32cube.ide.mcu.externaltools.gnu-tools-for-stm32.9-2020-q2-update.win32_2.0.0.202105311346/tools/bin/../lib/gcc/arm-none-eabi/9.3.1/../../../../arm-none-eabi/lib/thumb/v7e-m+fp/hard\libc_nano.a(lib_a-mlock.o)
 .debug_frame   0x00000000000012cc       0x20 c:/st/stm32cubeide_1.8.0/stm32cubeide/plugins/com.st.stm32cube.ide.mcu.externaltools.gnu-tools-for-stm32.9-2020-q2-update.win32_2.0.0.202105311346/tools/bin/../lib/gcc/arm-none-eabi/9.3.1/../../../../arm-none-eabi/lib/thumb/v7e-m+fp/hard\libc_nano.a(lib_a-nano-msizer.o)
 .debug_frame   0x00000000000012ec       0x5c c:/st/stm32cubeide_1.8.0/stm32cubeide/plugins/com.st.stm32cube.ide.mcu.externaltools.gnu-tools-for-stm32.9-2020-q2-update.win32_2.0.0.202105311346/tools/bin/../lib/gcc/arm-none-eabi/9.3.1/../../../../arm-none-eabi/lib/thumb/v7e-m+fp/hard\libc_nano.a(lib_a-reent.o)
 .debug_frame   0x0000000000001348       0xb0 c:/st/stm32cubeide_1.8.0/stm32cubeide/plugins/com.st.stm32cube.ide.mcu.externaltools.gnu-tools-for-stm32.9-2020-q2-update.win32_2.0.0.202105311346/tools/bin/../lib/gcc/arm-none-eabi/9.3.1/../../../../arm-none-eabi/lib/thumb/v7e-m+fp/hard\libc_nano.a(lib_a-lock.o)
 .debug_frame   0x00000000000013f8      0x14c c:/st/stm32cubeide_1.8.0/stm32cubeide/plugins/com.st.stm32cube.ide.mcu.externaltools.gnu-tools-for-stm32.9-2020-q2-update.win32_2.0.0.202105311346/tools/bin/../lib/gcc/arm-none-eabi/9.3.1/../../../../arm-none-eabi/lib/thumb/v7e-m+fp/hard\libc_nano.a(lib_a-findfp.o)
