Archive member included to satisfy reference by file (symbol)

/opt/st/stm32cubeide_1.8.0/plugins/com.st.stm32cube.ide.mcu.externaltools.gnu-tools-for-stm32.9-2020-q2-update.linux64_2.0.0.202105311346/tools/bin/../lib/gcc/arm-none-eabi/9.3.1/../../../../arm-none-eabi/lib/thumb/v7e-m+fp/hard/libc_nano.a(lib_a-errno.o)
                              ./Core/Src/sysmem.o (__errno)
/opt/st/stm32cubeide_1.8.0/plugins/com.st.stm32cube.ide.mcu.externaltools.gnu-tools-for-stm32.9-2020-q2-update.linux64_2.0.0.202105311346/tools/bin/../lib/gcc/arm-none-eabi/9.3.1/../../../../arm-none-eabi/lib/thumb/v7e-m+fp/hard/libc_nano.a(lib_a-exit.o)
                              /opt/st/stm32cubeide_1.8.0/plugins/com.st.stm32cube.ide.mcu.externaltools.gnu-tools-for-stm32.9-2020-q2-update.linux64_2.0.0.202105311346/tools/bin/../lib/gcc/arm-none-eabi/9.3.1/../../../../arm-none-eabi/lib/thumb/v7e-m+fp/hard/rdimon-crt0.o (exit)
/opt/st/stm32cubeide_1.8.0/plugins/com.st.stm32cube.ide.mcu.externaltools.gnu-tools-for-stm32.9-2020-q2-update.linux64_2.0.0.202105311346/tools/bin/../lib/gcc/arm-none-eabi/9.3.1/../../../../arm-none-eabi/lib/thumb/v7e-m+fp/hard/libc_nano.a(lib_a-impure.o)
                              /opt/st/stm32cubeide_1.8.0/plugins/com.st.stm32cube.ide.mcu.externaltools.gnu-tools-for-stm32.9-2020-q2-update.linux64_2.0.0.202105311346/tools/bin/../lib/gcc/arm-none-eabi/9.3.1/../../../../arm-none-eabi/lib/thumb/v7e-m+fp/hard/libc_nano.a(lib_a-exit.o) (_global_impure_ptr)
/opt/st/stm32cubeide_1.8.0/plugins/com.st.stm32cube.ide.mcu.externaltools.gnu-tools-for-stm32.9-2020-q2-update.linux64_2.0.0.202105311346/tools/bin/../lib/gcc/arm-none-eabi/9.3.1/../../../../arm-none-eabi/lib/thumb/v7e-m+fp/hard/libc_nano.a(lib_a-init.o)
                              /opt/st/stm32cubeide_1.8.0/plugins/com.st.stm32cube.ide.mcu.externaltools.gnu-tools-for-stm32.9-2020-q2-update.linux64_2.0.0.202105311346/tools/bin/../lib/gcc/arm-none-eabi/9.3.1/../../../../arm-none-eabi/lib/thumb/v7e-m+fp/hard/rdimon-crt0.o (__libc_init_array)
/opt/st/stm32cubeide_1.8.0/plugins/com.st.stm32cube.ide.mcu.externaltools.gnu-tools-for-stm32.9-2020-q2-update.linux64_2.0.0.202105311346/tools/bin/../lib/gcc/arm-none-eabi/9.3.1/../../../../arm-none-eabi/lib/thumb/v7e-m+fp/hard/libc_nano.a(lib_a-memset.o)
                              /opt/st/stm32cubeide_1.8.0/plugins/com.st.stm32cube.ide.mcu.externaltools.gnu-tools-for-stm32.9-2020-q2-update.linux64_2.0.0.202105311346/tools/bin/../lib/gcc/arm-none-eabi/9.3.1/../../../../arm-none-eabi/lib/thumb/v7e-m+fp/hard/rdimon-crt0.o (memset)
/opt/st/stm32cubeide_1.8.0/plugins/com.st.stm32cube.ide.mcu.externaltools.gnu-tools-for-stm32.9-2020-q2-update.linux64_2.0.0.202105311346/tools/bin/../lib/gcc/arm-none-eabi/9.3.1/../../../../arm-none-eabi/lib/thumb/v7e-m+fp/hard/libc_nano.a(lib_a-sprintf.o)
                              ./Core/Src/interrupts.o (sprintf)
/opt/st/stm32cubeide_1.8.0/plugins/com.st.stm32cube.ide.mcu.externaltools.gnu-tools-for-stm32.9-2020-q2-update.linux64_2.0.0.202105311346/tools/bin/../lib/gcc/arm-none-eabi/9.3.1/../../../../arm-none-eabi/lib/thumb/v7e-m+fp/hard/libc_nano.a(lib_a-strcat.o)
                              ./Core/Src/main.o (strcat)
/opt/st/stm32cubeide_1.8.0/plugins/com.st.stm32cube.ide.mcu.externaltools.gnu-tools-for-stm32.9-2020-q2-update.linux64_2.0.0.202105311346/tools/bin/../lib/gcc/arm-none-eabi/9.3.1/../../../../arm-none-eabi/lib/thumb/v7e-m+fp/hard/libc_nano.a(lib_a-strlen.o)
                              ./Core/Src/main.o (strlen)
/opt/st/stm32cubeide_1.8.0/plugins/com.st.stm32cube.ide.mcu.externaltools.gnu-tools-for-stm32.9-2020-q2-update.linux64_2.0.0.202105311346/tools/bin/../lib/gcc/arm-none-eabi/9.3.1/../../../../arm-none-eabi/lib/thumb/v7e-m+fp/hard/libc_nano.a(lib_a-nano-svfprintf.o)
                              /opt/st/stm32cubeide_1.8.0/plugins/com.st.stm32cube.ide.mcu.externaltools.gnu-tools-for-stm32.9-2020-q2-update.linux64_2.0.0.202105311346/tools/bin/../lib/gcc/arm-none-eabi/9.3.1/../../../../arm-none-eabi/lib/thumb/v7e-m+fp/hard/libc_nano.a(lib_a-sprintf.o) (_svfprintf_r)
/opt/st/stm32cubeide_1.8.0/plugins/com.st.stm32cube.ide.mcu.externaltools.gnu-tools-for-stm32.9-2020-q2-update.linux64_2.0.0.202105311346/tools/bin/../lib/gcc/arm-none-eabi/9.3.1/../../../../arm-none-eabi/lib/thumb/v7e-m+fp/hard/libc_nano.a(lib_a-nano-vfprintf_i.o)
                              /opt/st/stm32cubeide_1.8.0/plugins/com.st.stm32cube.ide.mcu.externaltools.gnu-tools-for-stm32.9-2020-q2-update.linux64_2.0.0.202105311346/tools/bin/../lib/gcc/arm-none-eabi/9.3.1/../../../../arm-none-eabi/lib/thumb/v7e-m+fp/hard/libc_nano.a(lib_a-nano-svfprintf.o) (_printf_i)
/opt/st/stm32cubeide_1.8.0/plugins/com.st.stm32cube.ide.mcu.externaltools.gnu-tools-for-stm32.9-2020-q2-update.linux64_2.0.0.202105311346/tools/bin/../lib/gcc/arm-none-eabi/9.3.1/../../../../arm-none-eabi/lib/thumb/v7e-m+fp/hard/libc_nano.a(lib_a-memchr.o)
[...]
Memory Configuration

Name             Origin             Length             Attributes
RAM              0x0000000020000000 0x0000000000018000 xrw
FLASH            0x0000000008000000 0x0000000000080000 xr
*default*        0x0000000000000000 0xffffffffffffffff

Linker script and memory map

LOAD /opt/st/stm32cubeide_1.8.0/plugins/com.st.stm32cube.ide.mcu.externaltools.gnu-tools-for-stm32.9-2020-q2-update.linux64_2.0.0.202105311346/tools/bin/../lib/gcc/arm-none-eabi/9.3.1/thumb/v7e-m+fp/hard/crti.o
LOAD /opt/st/stm32cubeide_1.8.0/plugins/com.st.stm32cube.ide.mcu.externaltools.gnu-tools-for-stm32.9-2020-q2-update.linux64_2.0.0.202105311346/tools/bin/../lib/gcc/arm-none-eabi/9.3.1/thumb/v7e-m+fp/hard/crtbegin.o
LOAD /opt/st/stm32cubeide_1.8.0/plugins/com.st.stm32cube.ide.mcu.externaltools.gnu-tools-for-stm32.9-2020-q2-update.linux64_2.0.0.202105311346/tools/bin/../lib/gcc/arm-none-eabi/9.3.1/../../../../arm-none-eabi/lib/thumb/v7e-m+fp/hard/rdimon-crt0.o
LOAD ./Core/Src/EXTI_lib.o
LOAD ./Core/Src/GPIO_Lib.o
LOAD ./Core/Src/I2c_lib.o
LOAD ./Core/Src/NVIC_lib.o
LOAD ./Core/Src/RTC.o
LOAD ./Core/Src/UART_lib.o
LOAD ./Core/Src/clocks_lib.o
LOAD ./Core/Src/delay_timer_lib.o
LOAD ./Core/Src/dht22.o
LOAD ./Core/Src/interrupts.o
LOAD ./Core/Src/lcd.o
LOAD ./Core/Src/main.o
LOAD ./Core/Src/sysmem.o
LOAD ./Core/Src/system_stm32f4xx.o
LOAD ./Core/Src/systick_IR_ timer_lib.o
LOAD ./Core/Startup/startup_stm32f401retx.o
LOAD /opt/st/stm32cubeide_1.8.0/plugins/com.st.stm32cube.ide.mcu.externaltools.gnu-tools-for-stm32.9-2020-q2-update.linux64_2.0.0.202105311346/tools/bin/../lib/gcc/arm-none-eabi/9.3.1/../../../../arm-none-eabi/lib/thumb/v7e-m+fp/hard/libc_nano.a
LOAD /opt/st/stm32cubeide_1.8.0/plugins/com.st.stm32cube.ide.mcu.externaltools.gnu-tools-for-stm32.9-2020-q2-update.linux64_2.0.0.202105311346/tools/bin/../lib/gcc/arm-none-eabi/9.3.1/../../../../arm-none-eabi/lib/thumb/v7e-m+fp/hard/librdimon_nano.a
START GROUP
LOAD /opt/st/stm32cubeide_1.8.0/plugins/com.st.stm32cube.ide.mcu.externaltools.gnu-tools-for-stm32.9-2020-q2-update.linux64_2.0.0.202105311346/tools/bin/../lib/gcc/arm-none-eabi/9.3.1/../../../../arm-none-eabi/lib/thumb/v7e-m+fp/hard/libc_nano.a
LOAD /opt/st/stm32cubeide_1.8.0/plugins/com.st.stm32cube.ide.mcu.externaltools.gnu-tools-for-stm32.9-2020-q2-update.linux64_2.0.0.202105311346/tools/bin/../lib/gcc/arm-none-eabi/9.3.1/../../../../arm-none-eabi/lib/thumb/v7e-m+fp/hard/libm.a
END GROUP
START GROUP
LOAD /opt/st/stm32cubeide_1.8.0/plugins/com.st.stm32cube.ide.mcu.externaltools.gnu-tools-for-stm32.9-2020-q2-update.linux64_2.0.0.202105311346/tools/bin/../lib/gcc/arm-none-eabi/9.3.1/thumb/v7e-m+fp/hard/libgcc.a
LOAD /opt/st/stm32cubeide_1.8.0/plugins/com.st.stm32cube.ide.mcu.externaltools.gnu-tools-for-stm32.9-2020-q2-update.linux64_2.0.0.202105311346/tools/bin/../lib/gcc/arm-none-eabi/9.3.1/../../../../arm-none-eabi/lib/thumb/v7e-m+fp/hard/libc_nano.a
END GROUP
START GROUP
LOAD /opt/st/stm32cubeide_1.8.0/plugins/com.st.stm32cube.ide.mcu.externaltools.gnu-tools-for-stm32.9-2020-q2-update.linux64_2.0.0.202105311346/tools/bin/../lib/gcc/arm-none-eabi/9.3.1/thumb/v7e-m+fp/hard/libgcc.a
LOAD /opt/st/stm32cubeide_1.8.0/plugins/com.st.stm32cube.ide.mcu.externaltools.gnu-tools-for-stm32.9-2020-q2-update.linux64_2.0.0.202105311346/tools/bin/../lib/gcc/arm-none-eabi/9.3.1/../../../../arm-none-eabi/lib/thumb/v7e-m+fp/hard/libc_nano.a
LOAD /opt/st/stm32cubeide_1.8.0/plugins/com.st.stm32cube.ide.mcu.externaltools.gnu-tools-for-stm32.9-2020-q2-update.linux64_2.0.0.202105311346/tools/bin/../lib/gcc/arm-none-eabi/9.3.1/../../../../arm-none-eabi/lib/thumb/v7e-m+fp/hard/libnosys.a
END GROUP
START GROUP
LOAD /opt/st/stm32cubeide_1.8.0/plugins/com.st.stm32cube.ide.mcu.externaltools.gnu-tools-for-stm32.9-2020-q2-update.linux64_2.0.0.202105311346/tools/bin/../lib/gcc/arm-none-eabi/9.3.1/thumb/v7e-m+fp/hard/libgcc.a
LOAD /opt/st/stm32cubeide_1.8.0/plugins/com.st.stm32cube.ide.mcu.externaltools.gnu-tools-for-stm32.9-2020-q2-update.linux64_2.0.0.202105311346/tools/bin/../lib/gcc/arm-none-eabi/9.3.1/../../../../arm-none-eabi/lib/thumb/v7e-m+fp/hard/libc_nano.a
LOAD /opt/st/stm32cubeide_1.8.0/plugins/com.st.stm32cube.ide.mcu.externaltools.gnu-tools-for-stm32.9-2020-q2-update.linux64_2.0.0.202105311346/tools/bin/../lib/gcc/arm-none-eabi/9.3.1/../../../../arm-none-eabi/lib/thumb/v7e-m+fp/hard/librdimon_nano.a
END GROUP
START GROUP
LOAD /opt/st/stm32cubeide_1.8.0/plugins/com.st.stm32cube.ide.mcu.externaltools.gnu-tools-for-stm32.9-2020-q2-update.linux64_2.0.0.202105311346/tools/bin/../lib/gcc/arm-none-eabi/9.3.1/thumb/v7e-m+fp/hard/libgcc.a
LOAD /opt/st/stm32cubeide_1.8.0/plugins/com.st.stm32cube.ide.mcu.externaltools.gnu-tools-for-stm32.9-2020-q2-update.linux64_2.0.0.202105311346/tools/bin/../lib/gcc/arm-none-eabi/9.3.1/../../../../arm-none-eabi/lib/thumb/v7e-m+fp/hard/libc_nano.a
LOAD /opt/st/stm32cubeide_1.8.0/plugins/com.st.stm32cube.ide.mcu.externaltools.gnu-tools-for-stm32.9-2020-q2-update.linux64_2.0.0.202105311346/tools/bin/../lib/gcc/arm-none-eabi/9.3.1/../../../../arm-none-eabi/lib/thumb/v7e-m+fp/hard/librdimon_nano.a
LOAD /opt/st/stm32cubeide_1.8.0/plugins/com.st.stm32cube.ide.mcu.externaltools.gnu-tools-for-stm32.9-2020-q2-update.linux64_2.0.0.202105311346/tools/bin/../lib/gcc/arm-none-eabi/9.3.1/../../../../arm-none-eabi/lib/thumb/v7e-m+fp/hard/libnosys.a
END GROUP
LOAD /opt/st/stm32cubeide_1.8.0/plugins/com.st.stm32cube.ide.mcu.externaltools.gnu-tools-for-stm32.9-2020-q2-update.linux64_2.0.0.202105311346/tools/bin/../lib/gcc/arm-none-eabi/9.3.1/thumb/v7e-m+fp/hard/crtend.o
LOAD /opt/st/stm32cubeide_1.8.0/plugins/com.st.stm32cube.ide.mcu.externaltools.gnu-tools-for-stm32.9-2020-q2-update.linux64_2.0.0.202105311346/tools/bin/../lib/gcc/arm-none-eabi/9.3.1/thumb/v7e-m+fp/hard/crtn.o
                0x0000000020018000                _estack = (ORIGIN (RAM) + LENGTH (RAM))
                0x0000000000000200                _Min_Heap_Size = 0x200
                0x0000000000000400                _Min_Stack_Size = 0x400

.isr_vector     0x0000000008000000      0x194
                0x0000000008000000                . = ALIGN (0x4)
 *(.isr_vector)
 .isr_vector    0x0000000008000000      0x194 ./Core/Startup/startup_stm32f401retx.o
                0x0000000008000000                g_pfnVectors
                0x0000000008000194                . = ALIGN (0x4)

.text           0x00000000080001a0     0x2494
                0x00000000080001a0                . = ALIGN (0x4)
 *(.text)
 .text          0x00000000080001a0       0x40 /opt/st/stm32cubeide_1.8.0/plugins/com.st.stm32cube.ide.mcu.externaltools.gnu-tools-for-stm32.9-2020-q2-update.linux64_2.0.0.202105311346/tools/bin/../lib/gcc/arm-none-eabi/9.3.1/thumb/v7e-m+fp/hard/crtbegin.o
 .text          0x00000000080001e0       0x10 /opt/st/stm32cubeide_1.8.0/plugins/com.st.stm32cube.ide.mcu.externaltools.gnu-tools-for-stm32.9-2020-q2-update.linux64_2.0.0.202105311346/tools/bin/../lib/gcc/arm-none-eabi/9.3.1/../../../../arm-none-eabi/lib/thumb/v7e-m+fp/hard/libc_nano.a(lib_a-strlen.o)
                0x00000000080001e0                strlen
 .text          0x00000000080001f0       0xa0 /opt/st/stm32cubeide_1.8.0/plugins/com.st.stm32cube.ide.mcu.externaltools.gnu-tools-for-stm32.9-2020-q2-update.linux64_2.0.0.202105311346/tools/bin/../lib/gcc/arm-none-eabi/9.3.1/../../../../arm-none-eabi/lib/thumb/v7e-m+fp/hard/libc_nano.a(lib_a-memchr.o)
                0x00000000080001f0                memchr
 *(.text*)
 .text.calculate_SYSCFG_values
                0x0000000008000290       0x38 ./Core/Src/EXTI_lib.o
 .text.enable_EXTI_GPIO
                0x00000000080002c8       0x64 ./Core/Src/EXTI_lib.o
                0x00000000080002c8                enable_EXTI_GPIO
 .text.enable_EXTI
                0x000000000800032c       0x94 ./Core/Src/EXTI_lib.o
                0x000000000800032c                enable_EXTI
 .text.disable_EXTI
                0x00000000080003c0       0x58 ./Core/Src/EXTI_lib.o
                0x00000000080003c0                disable_EXTI
 .text.enable_GPIOx_clock
                0x0000000008000418       0xb4 ./Core/Src/GPIO_Lib.o
 .text.init_pin
                0x00000000080004cc       0x5c ./Core/Src/GPIO_Lib.o
                0x00000000080004cc                init_pin
 .text.change_mode
                0x0000000008000528       0xc4 ./Core/Src/GPIO_Lib.o
                0x0000000008000528                change_mode
 .text.read_pin
                0x00000000080005ec       0x32 ./Core/Src/GPIO_Lib.o
                0x00000000080005ec                read_pin
 *fill*         0x000000000800061e        0x2 
 .text.I2C_enable_clock
                0x0000000008000620       0x6c ./Core/Src/I2c_lib.o
 .text.I2C_enable_IR
                0x000000000800068c       0x64 ./Core/Src/I2c_lib.o
 .text.I2C_disable_IR
                0x00000000080006f0       0x64 ./Core/Src/I2c_lib.o
 .text.I2C_init
                0x0000000008000754       0x78 ./Core/Src/I2c_lib.o
                0x0000000008000754                I2C_init
 .text.start_communication
                0x00000000080007cc       0x44 ./Core/Src/I2c_lib.o
 .text.I2C_transmit_data
                0x0000000008000810       0x28 ./Core/Src/I2c_lib.o
                0x0000000008000810                I2C_transmit_data
 .text.I2C_transmit_data_and_wait
                0x0000000008000838       0x2c ./Core/Src/I2c_lib.o
                0x0000000008000838                I2C_transmit_data_and_wait
 .text.I2C_receive_data
                0x0000000008000864       0x38 ./Core/Src/I2c_lib.o
                0x0000000008000864                I2C_receive_data
 .text.I2C_receive_data_and_wait
                0x000000000800089c       0x2c ./Core/Src/I2c_lib.o
                0x000000000800089c                I2C_receive_data_and_wait
 .text.handle_start_condition
                0x00000000080008c8       0x62 ./Core/Src/I2c_lib.o
 .text.handle_transmitting
                0x000000000800092a       0xb2 ./Core/Src/I2c_lib.o
 .text.handle_receiving
                0x00000000080009dc      0x148 ./Core/Src/I2c_lib.o
 .text.I2C_handle_EV
                0x0000000008000b24       0x2e ./Core/Src/I2c_lib.o
                0x0000000008000b24                I2C_handle_EV
 .text.I2C_handle_ER
                0x0000000008000b52       0x7a ./Core/Src/I2c_lib.o
                0x0000000008000b52                I2C_handle_ER
 .text.calculate_ISER_values
                0x0000000008000bcc       0x34 ./Core/Src/NVIC_lib.o
 .text.enable_IR
                0x0000000008000c00       0x40 ./Core/Src/NVIC_lib.o
                0x0000000008000c00                enable_IR
 .text.disable_IR
                0x0000000008000c40       0x40 ./Core/Src/NVIC_lib.o
                0x0000000008000c40                disable_IR
 .text.bcd2bin  0x0000000008000c80       0x52 ./Core/Src/RTC.o
 *fill*         0x0000000008000cd2        0x2 
 .text.get_date_time
                0x0000000008000cd4       0xe0 ./Core/Src/RTC.o
                0x0000000008000cd4                get_date_time
 .text.enable_uart_clock
                0x0000000008000db4       0x64 ./Core/Src/UART_lib.o
 .text.set_BRR  0x0000000008000e18       0x38 ./Core/Src/UART_lib.o
 .text.uart_init
                0x0000000008000e50       0x60 ./Core/Src/UART_lib.o
                0x0000000008000e50                uart_init
 .text.uart_transmit_data
                0x0000000008000eb0       0x7a ./Core/Src/UART_lib.o
                0x0000000008000eb0                uart_transmit_data
 *fill*         0x0000000008000f2a        0x2 
 .text.get_AHB_prescaler
                0x0000000008000f2c       0x98 ./Core/Src/clocks_lib.o
 .text.get_PLLM
                0x0000000008000fc4       0x20 ./Core/Src/clocks_lib.o
 .text.get_PLLN
                0x0000000008000fe4       0x20 ./Core/Src/clocks_lib.o
 .text.get_PLLP
                0x0000000008001004       0x58 ./Core/Src/clocks_lib.o
 .text.get_clk_value
                0x000000000800105c       0x38 ./Core/Src/clocks_lib.o
 .text.calculate_PLL_clk
                0x0000000008001094       0x3a ./Core/Src/clocks_lib.o
 *fill*         0x00000000080010ce        0x2 
 .text.get_APB1_prescaler
                0x00000000080010d0       0x6c ./Core/Src/clocks_lib.o
                0x00000000080010d0                get_APB1_prescaler
 .text.get_APB2_prescaler
                0x000000000800113c       0x68 ./Core/Src/clocks_lib.o
                0x000000000800113c                get_APB2_prescaler
 .text.get_SYSCLK
                0x00000000080011a4       0x7c ./Core/Src/clocks_lib.o
                0x00000000080011a4                get_SYSCLK
 .text.get_AHB_clock
                0x0000000008001220       0x18 ./Core/Src/clocks_lib.o
                0x0000000008001220                get_AHB_clock
 .text.get_APB1_clock
                0x0000000008001238       0x18 ./Core/Src/clocks_lib.o
                0x0000000008001238                get_APB1_clock
 .text.get_APB2_clock
                0x0000000008001250       0x18 ./Core/Src/clocks_lib.o
                0x0000000008001250                get_APB2_clock
 .text.enable_timer_clock
                0x0000000008001268       0xe4 ./Core/Src/delay_timer_lib.o
 .text.get_timer_base_clock
                0x000000000800134c       0x68 ./Core/Src/delay_timer_lib.o
 .text.get_timer_clock
                0x00000000080013b4       0x26 ./Core/Src/delay_timer_lib.o
 .text.init_timer
                0x00000000080013da       0x24 ./Core/Src/delay_timer_lib.o
                0x00000000080013da                init_timer
 *fill*         0x00000000080013fe        0x2 
 .text.delay    0x0000000008001400       0xa8 ./Core/Src/delay_timer_lib.o
                0x0000000008001400                delay
 .text.read_bit
                0x00000000080014a8       0xcc ./Core/Src/dht22.o
 .text.dht22_handle_data_pin_IT
                0x0000000008001574        0xe ./Core/Src/dht22.o
                0x0000000008001574                dht22_handle_data_pin_IT
 *fill*         0x0000000008001582        0x2 
 .text.dht22_handle_delay_IT
                0x0000000008001584       0x58 ./Core/Src/dht22.o
                0x0000000008001584                dht22_handle_delay_IT
 .text.SysTick_Handler
                0x00000000080015dc       0x18 ./Core/Src/interrupts.o
                0x00000000080015dc                SysTick_Handler
 .text.EXTI15_10_IRQHandler
                0x00000000080015f4       0x1c ./Core/Src/interrupts.o
                0x00000000080015f4                EXTI15_10_IRQHandler
 .text.I2C1_EV_IRQHandler
                0x0000000008001610       0x14 ./Core/Src/interrupts.o
                0x0000000008001610                I2C1_EV_IRQHandler
 .text.I2C1_ER_IRQHandler
                0x0000000008001624       0x38 ./Core/Src/interrupts.o
                0x0000000008001624                I2C1_ER_IRQHandler
 .text.format_date_time
                0x000000000800165c       0x68 ./Core/Src/interrupts.o
                0x000000000800165c                format_date_time
 .text.RTC_Alarm_IRQHandler
                0x00000000080016c4       0x3c ./Core/Src/interrupts.o
                0x00000000080016c4                RTC_Alarm_IRQHandler
 .text.get_busy_flag
                0x0000000008001700       0x66 ./Core/Src/lcd.o
 .text.send_data
                0x0000000008001766       0xa0 ./Core/Src/lcd.o
 .text.send_command
                0x0000000008001806       0x20 ./Core/Src/lcd.o
 .text.send_char
                0x0000000008001826       0x20 ./Core/Src/lcd.o
 .text.send_string
                0x0000000008001846       0x3c ./Core/Src/lcd.o
 .text.send_init_command
                0x0000000008001882       0x52 ./Core/Src/lcd.o
 .text.send_commands
                0x00000000080018d4       0x58 ./Core/Src/lcd.o
 .text.set_cursor
                0x000000000800192c       0x3a ./Core/Src/lcd.o
 *fill*         0x0000000008001966        0x2 
 .text.LCD_init
                0x0000000008001968       0x74 ./Core/Src/lcd.o
                0x0000000008001968                LCD_init
 .text.LCD_write
                0x00000000080019dc       0x36 ./Core/Src/lcd.o
                0x00000000080019dc                LCD_write
 *fill*         0x0000000008001a12        0x2 
 .text.int2string
                0x0000000008001a14       0x24 ./Core/Src/main.o
                0x0000000008001a14                int2string
 .text.format_dht22_values
                0x0000000008001a38       0x94 ./Core/Src/main.o
                0x0000000008001a38                format_dht22_values
 .text.dht22_application_callback
                0x0000000008001acc       0x54 ./Core/Src/main.o
                0x0000000008001acc                dht22_application_callback
 .text.uart_pins_init
                0x0000000008001b20       0x4c ./Core/Src/main.o
                0x0000000008001b20                uart_pins_init
 .text.I2C_pins_init
                0x0000000008001b6c       0x4c ./Core/Src/main.o
                0x0000000008001b6c                I2C_pins_init
 .text.main     0x0000000008001bb8       0x48 ./Core/Src/main.o
                0x0000000008001bb8                main
 .text._sbrk    0x0000000008001c00       0x6c ./Core/Src/sysmem.o
                0x0000000008001c00                _sbrk
 .text.SystemInit
                0x0000000008001c6c       0x24 ./Core/Src/system_stm32f4xx.o
                0x0000000008001c6c                SystemInit
 .text.timer    0x0000000008001c90       0x4c ./Core/Src/systick_IR_ timer_lib.o
 .text.IR_timer_micros
                0x0000000008001cdc       0x20 ./Core/Src/systick_IR_ timer_lib.o
                0x0000000008001cdc                IR_timer_micros
 .text.Reset_Handler
                0x0000000008001cfc       0x50 ./Core/Startup/startup_stm32f401retx.o
                0x0000000008001cfc                Reset_Handler
 .text.Default_Handler
                0x0000000008001d4c        0x2 ./Core/Startup/startup_stm32f401retx.o
                0x0000000008001d4c                EXTI2_IRQHandler
                0x0000000008001d4c                DebugMon_Handler
                0x0000000008001d4c                SPI4_IRQHandler
                0x0000000008001d4c                TIM1_CC_IRQHandler
                0x0000000008001d4c                DMA2_Stream5_IRQHandler
                0x0000000008001d4c                HardFault_Handler
                0x0000000008001d4c                DMA1_Stream5_IRQHandler
                0x0000000008001d4c                PVD_IRQHandler
                0x0000000008001d4c                SDIO_IRQHandler
                0x0000000008001d4c                TAMP_STAMP_IRQHandler
                0x0000000008001d4c                PendSV_Handler
                0x0000000008001d4c                NMI_Handler
                0x0000000008001d4c                EXTI3_IRQHandler
                0x0000000008001d4c                TIM1_UP_TIM10_IRQHandler
                0x0000000008001d4c                I2C3_ER_IRQHandler
                0x0000000008001d4c                EXTI0_IRQHandler
                0x0000000008001d4c                I2C2_EV_IRQHandler
                0x0000000008001d4c                DMA1_Stream2_IRQHandler
                0x0000000008001d4c                FPU_IRQHandler
                0x0000000008001d4c                UsageFault_Handler
                0x0000000008001d4c                DMA2_Stream2_IRQHandler
                0x0000000008001d4c                SPI1_IRQHandler
                0x0000000008001d4c                TIM1_BRK_TIM9_IRQHandler
                0x0000000008001d4c                DMA2_Stream3_IRQHandler
                0x0000000008001d4c                USART6_IRQHandler
                0x0000000008001d4c                DMA2_Stream0_IRQHandler
                0x0000000008001d4c                TIM4_IRQHandler
                0x0000000008001d4c                DMA1_Stream6_IRQHandler
                0x0000000008001d4c                DMA1_Stream1_IRQHandler
                0x0000000008001d4c                TIM3_IRQHandler
                0x0000000008001d4c                RCC_IRQHandler
                0x0000000008001d4c                Default_Handler
                0x0000000008001d4c                ADC_IRQHandler
                0x0000000008001d4c                DMA1_Stream7_IRQHandler
                0x0000000008001d4c                TIM5_IRQHandler
                0x0000000008001d4c                DMA2_Stream7_IRQHandler
                0x0000000008001d4c                I2C3_EV_IRQHandler
                0x0000000008001d4c                EXTI9_5_IRQHandler
                0x0000000008001d4c                RTC_WKUP_IRQHandler
                0x0000000008001d4c                SPI2_IRQHandler
                0x0000000008001d4c                MemManage_Handler
                0x0000000008001d4c                DMA1_Stream0_IRQHandler
                0x0000000008001d4c                SVC_Handler
                0x0000000008001d4c                EXTI4_IRQHandler
                0x0000000008001d4c                WWDG_IRQHandler
                0x0000000008001d4c                TIM2_IRQHandler
                0x0000000008001d4c                OTG_FS_WKUP_IRQHandler
                0x0000000008001d4c                TIM1_TRG_COM_TIM11_IRQHandler
                0x0000000008001d4c                EXTI1_IRQHandler
                0x0000000008001d4c                USART2_IRQHandler
                0x0000000008001d4c                I2C2_ER_IRQHandler
                0x0000000008001d4c                DMA2_Stream1_IRQHandler
                0x0000000008001d4c                FLASH_IRQHandler
                0x0000000008001d4c                DMA2_Stream4_IRQHandler
                0x0000000008001d4c                BusFault_Handler
                0x0000000008001d4c                USART1_IRQHandler
                0x0000000008001d4c                OTG_FS_IRQHandler
                0x0000000008001d4c                SPI3_IRQHandler
                0x0000000008001d4c                DMA1_Stream4_IRQHandler
                0x0000000008001d4c                DMA2_Stream6_IRQHandler
                0x0000000008001d4c                DMA1_Stream3_IRQHandler
 *fill*         0x0000000008001d4e        0x2 
 .text.__errno  0x0000000008001d50        0xc /opt/st/stm32cubeide_1.8.0/plugins/com.st.stm32cube.ide.mcu.externaltools.gnu-tools-for-stm32.9-2020-q2-update.linux64_2.0.0.202105311346/tools/bin/../lib/gcc/arm-none-eabi/9.3.1/../../../../arm-none-eabi/lib/thumb/v7e-m+fp/hard/libc_nano.a(lib_a-errno.o)
                0x0000000008001d50                __errno
 .text.__libc_init_array
                0x0000000008001d5c       0x48 /opt/st/stm32cubeide_1.8.0/plugins/com.st.stm32cube.ide.mcu.externaltools.gnu-tools-for-stm32.9-2020-q2-update.linux64_2.0.0.202105311346/tools/bin/../lib/gcc/arm-none-eabi/9.3.1/../../../../arm-none-eabi/lib/thumb/v7e-m+fp/hard/libc_nano.a(lib_a-init.o)
                0x0000000008001d5c                __libc_init_array
 .text.sprintf  0x0000000008001da4       0x40 /opt/st/stm32cubeide_1.8.0/plugins/com.st.stm32cube.ide.mcu.externaltools.gnu-tools-for-stm32.9-2020-q2-update.linux64_2.0.0.202105311346/tools/bin/../lib/gcc/arm-none-eabi/9.3.1/../../../../arm-none-eabi/lib/thumb/v7e-m+fp/hard/libc_nano.a(lib_a-sprintf.o)
                0x0000000008001da4                sprintf
                0x0000000008001da4                siprintf
 .text.strcat   0x0000000008001de4       0x1e /opt/st/stm32cubeide_1.8.0/plugins/com.st.stm32cube.ide.mcu.externaltools.gnu-tools-for-stm32.9-2020-q2-update.linux64_2.0.0.202105311346/tools/bin/../lib/gcc/arm-none-eabi/9.3.1/../../../../arm-none-eabi/lib/thumb/v7e-m+fp/hard/libc_nano.a(lib_a-strcat.o)
                0x0000000008001de4                strcat
 .text.__ssputs_r
                0x0000000008001e02       0xb6 /opt/st/stm32cubeide_1.8.0/plugins/com.st.stm32cube.ide.mcu.externaltools.gnu-tools-for-stm32.9-2020-q2-update.linux64_2.0.0.202105311346/tools/bin/../lib/gcc/arm-none-eabi/9.3.1/../../../../arm-none-eabi/lib/thumb/v7e-m+fp/hard/libc_nano.a(lib_a-nano-svfprintf.o)
                0x0000000008001e02                __ssputs_r
 .text._svfprintf_r
                0x0000000008001eb8      0x200 /opt/st/stm32cubeide_1.8.0/plugins/com.st.stm32cube.ide.mcu.externaltools.gnu-tools-for-stm32.9-2020-q2-update.linux64_2.0.0.202105311346/tools/bin/../lib/gcc/arm-none-eabi/9.3.1/../../../../arm-none-eabi/lib/thumb/v7e-m+fp/hard/libc_nano.a(lib_a-nano-svfprintf.o)
                0x0000000008001eb8                _svfprintf_r
                0x0000000008001eb8                _svfiprintf_r
 .text._printf_common
                0x00000000080020b8       0xda /opt/st/stm32cubeide_1.8.0/plugins/com.st.stm32cube.ide.mcu.externaltools.gnu-tools-for-stm32.9-2020-q2-update.linux64_2.0.0.202105311346/tools/bin/../lib/gcc/arm-none-eabi/9.3.1/../../../../arm-none-eabi/lib/thumb/v7e-m+fp/hard/libc_nano.a(lib_a-nano-vfprintf_i.o)
                0x00000000080020b8                _printf_common
 *fill*         0x0000000008002192        0x2 
 .text._printf_i
                0x0000000008002194      0x24c /opt/st/stm32cubeide_1.8.0/plugins/com.st.stm32cube.ide.mcu.externaltools.gnu-tools-for-stm32.9-2020-q2-update.linux64_2.0.0.202105311346/tools/bin/../lib/gcc/arm-none-eabi/9.3.1/../../../../arm-none-eabi/lib/thumb/v7e-m+fp/hard/libc_nano.a(lib_a-nano-vfprintf_i.o)
                0x0000000008002194                _printf_i
 .text.memcpy   0x00000000080023e0       0x1c /opt/st/stm32cubeide_1.8.0/plugins/com.st.stm32cube.ide.mcu.externaltools.gnu-tools-for-stm32.9-2020-q2-update.linux64_2.0.0.202105311346/tools/bin/../lib/gcc/arm-none-eabi/9.3.1/../../../../arm-none-eabi/lib/thumb/v7e-m+fp/hard/libc_nano.a(lib_a-memcpy-stub.o)
                0x00000000080023e0                memcpy
 .text.memmove  0x00000000080023fc       0x34 /opt/st/stm32cubeide_1.8.0/plugins/com.st.stm32cube.ide.mcu.externaltools.gnu-tools-for-stm32.9-2020-q2-update.linux64_2.0.0.202105311346/tools/bin/../lib/gcc/arm-none-eabi/9.3.1/../../../../arm-none-eabi/lib/thumb/v7e-m+fp/hard/libc_nano.a(lib_a-memmove.o)
                0x00000000080023fc                memmove
 .text._free_r  0x0000000008002430       0xa0 /opt/st/stm32cubeide_1.8.0/plugins/com.st.stm32cube.ide.mcu.externaltools.gnu-tools-for-stm32.9-2020-q2-update.linux64_2.0.0.202105311346/tools/bin/../lib/gcc/arm-none-eabi/9.3.1/../../../../arm-none-eabi/lib/thumb/v7e-m+fp/hard/libc_nano.a(lib_a-nano-freer.o)
                0x0000000008002430                _free_r
 .text._malloc_r
                0x00000000080024d0       0xb4 /opt/st/stm32cubeide_1.8.0/plugins/com.st.stm32cube.ide.mcu.externaltools.gnu-tools-for-stm32.9-2020-q2-update.linux64_2.0.0.202105311346/tools/bin/../lib/gcc/arm-none-eabi/9.3.1/../../../../arm-none-eabi/lib/thumb/v7e-m+fp/hard/libc_nano.a(lib_a-nano-mallocr.o)
                0x00000000080024d0                _malloc_r
 .text._realloc_r
                0x0000000008002584       0x4c /opt/st/stm32cubeide_1.8.0/plugins/com.st.stm32cube.ide.mcu.externaltools.gnu-tools-for-stm32.9-2020-q2-update.linux64_2.0.0.202105311346/tools/bin/../lib/gcc/arm-none-eabi/9.3.1/../../../../arm-none-eabi/lib/thumb/v7e-m+fp/hard/libc_nano.a(lib_a-nano-reallocr.o)
                0x0000000008002584                _realloc_r
 .text._sbrk_r  0x00000000080025d0       0x20 /opt/st/stm32cubeide_1.8.0/plugins/com.st.stm32cube.ide.mcu.externaltools.gnu-tools-for-stm32.9-2020-q2-update.linux64_2.0.0.202105311346/tools/bin/../lib/gcc/arm-none-eabi/9.3.1/../../../../arm-none-eabi/lib/thumb/v7e-m+fp/hard/libc_nano.a(lib_a-sbrkr.o)
                0x00000000080025d0                _sbrk_r
 .text.__malloc_lock
                0x00000000080025f0        0xc /opt/st/stm32cubeide_1.8.0/plugins/com.st.stm32cube.ide.mcu.externaltools.gnu-tools-for-stm32.9-2020-q2-update.linux64_2.0.0.202105311346/tools/bin/../lib/gcc/arm-none-eabi/9.3.1/../../../../arm-none-eabi/lib/thumb/v7e-m+fp/hard/libc_nano.a(lib_a-mlock.o)
                0x00000000080025f0                __malloc_lock
 .text.__malloc_unlock
                0x00000000080025fc        0xc /opt/st/stm32cubeide_1.8.0/plugins/com.st.stm32cube.ide.mcu.externaltools.gnu-tools-for-stm32.9-2020-q2-update.linux64_2.0.0.202105311346/tools/bin/../lib/gcc/arm-none-eabi/9.3.1/../../../../arm-none-eabi/lib/thumb/v7e-m+fp/hard/libc_nano.a(lib_a-mlock.o)
                0x00000000080025fc                __malloc_unlock
 .text._malloc_usable_size_r
                0x0000000008002608       0x10 /opt/st/stm32cubeide_1.8.0/plugins/com.st.stm32cube.ide.mcu.externaltools.gnu-tools-for-stm32.9-2020-q2-update.linux64_2.0.0.202105311346/tools/bin/../lib/gcc/arm-none-eabi/9.3.1/../../../../arm-none-eabi/lib/thumb/v7e-m+fp/hard/libc_nano.a(lib_a-nano-msizer.o)
                0x0000000008002608                _malloc_usable_size_r
 .text.__retarget_lock_acquire_recursive
                0x0000000008002618        0x2 /opt/st/stm32cubeide_1.8.0/plugins/com.st.stm32cube.ide.mcu.externaltools.gnu-tools-for-stm32.9-2020-q2-update.linux64_2.0.0.202105311346/tools/bin/../lib/gcc/arm-none-eabi/9.3.1/../../../../arm-none-eabi/lib/thumb/v7e-m+fp/hard/libc_nano.a(lib_a-lock.o)
                0x0000000008002618                __retarget_lock_acquire_recursive
 .text.__retarget_lock_release_recursive
                0x000000000800261a        0x2 /opt/st/stm32cubeide_1.8.0/plugins/com.st.stm32cube.ide.mcu.externaltools.gnu-tools-for-stm32.9-2020-q2-update.linux64_2.0.0.202105311346/tools/bin/../lib/gcc/arm-none-eabi/9.3.1/../../../../arm-none-eabi/lib/thumb/v7e-m+fp/hard/libc_nano.a(lib_a-lock.o)
                0x000000000800261a                __retarget_lock_release_recursive
 *(.glue_7)
 .glue_7        0x000000000800261c        0x0 linker stubs
 *(.glue_7t)
 .glue_7t       0x000000000800261c        0x0 linker stubs
 *(.eh_frame)
 .eh_frame      0x000000000800261c        0x0 /opt/st/stm32cubeide_1.8.0/plugins/com.st.stm32cube.ide.mcu.externaltools.gnu-tools-for-stm32.9-2020-q2-update.linux64_2.0.0.202105311346/tools/bin/../lib/gcc/arm-none-eabi/9.3.1/thumb/v7e-m+fp/hard/crtbegin.o
 *(.init)
 .init          0x000000000800261c        0x4 /opt/st/stm32cubeide_1.8.0/plugins/com.st.stm32cube.ide.mcu.externaltools.gnu-tools-for-stm32.9-2020-q2-update.linux64_2.0.0.202105311346/tools/bin/../lib/gcc/arm-none-eabi/9.3.1/thumb/v7e-m+fp/hard/crti.o
                0x000000000800261c                _init
 .init          0x0000000008002620        0x8 /opt/st/stm32cubeide_1.8.0/plugins/com.st.stm32cube.ide.mcu.externaltools.gnu-tools-for-stm32.9-2020-q2-update.linux64_2.0.0.202105311346/tools/bin/../lib/gcc/arm-none-eabi/9.3.1/thumb/v7e-m+fp/hard/crtn.o
 *(.fini)
 .fini          0x0000000008002628        0x4 /opt/st/stm32cubeide_1.8.0/plugins/com.st.stm32cube.ide.mcu.externaltools.gnu-tools-for-stm32.9-2020-q2-update.linux64_2.0.0.202105311346/tools/bin/../lib/gcc/arm-none-eabi/9.3.1/thumb/v7e-m+fp/hard/crti.o
                0x0000000008002628                _fini
 .fini          0x000000000800262c        0x8 /opt/st/stm32cubeide_1.8.0/plugins/com.st.stm32cube.ide.mcu.externaltools.gnu-tools-for-stm32.9-2020-q2-update.linux64_2.0.0.202105311346/tools/bin/../lib/gcc/arm-none-eabi/9.3.1/thumb/v7e-m+fp/hard/crtn.o
                0x0000000008002634                . = ALIGN (0x4)
                0x0000000008002634                _etext = .

.vfp11_veneer   0x0000000008002634        0x0
 .vfp11_veneer  0x0000000008002634        0x0 linker stubs

.v4_bx          0x0000000008002634        0x0
 .v4_bx         0x0000000008002634        0x0 linker stubs

.iplt           0x0000000008002634        0x0
 .iplt          0x0000000008002634        0x0 /opt/st/stm32cubeide_1.8.0/plugins/com.st.stm32cube.ide.mcu.externaltools.gnu-tools-for-stm32.9-2020-q2-update.linux64_2.0.0.202105311346/tools/bin/../lib/gcc/arm-none-eabi/9.3.1/thumb/v7e-m+fp/hard/crtbegin.o

.rodata         0x0000000008002634       0xbc
                0x0000000008002634                . = ALIGN (0x4)
 *(.rodata)
 .rodata        0x0000000008002634       0x1f ./Core/Src/interrupts.o
 *fill*         0x0000000008002653        0x1 
 .rodata        0x0000000008002654        0x6 ./Core/Src/main.o
 *(.rodata*)
 .rodata._svfprintf_r.str1.1
                0x000000000800265a       0x11 /opt/st/stm32cubeide_1.8.0/plugins/com.st.stm32cube.ide.mcu.externaltools.gnu-tools-for-stm32.9-2020-q2-update.linux64_2.0.0.202105311346/tools/bin/../lib/gcc/arm-none-eabi/9.3.1/../../../../arm-none-eabi/lib/thumb/v7e-m+fp/hard/libc_nano.a(lib_a-nano-svfprintf.o)
 .rodata._printf_i.str1.1
                0x000000000800266b       0x22 /opt/st/stm32cubeide_1.8.0/plugins/com.st.stm32cube.ide.mcu.externaltools.gnu-tools-for-stm32.9-2020-q2-update.linux64_2.0.0.202105311346/tools/bin/../lib/gcc/arm-none-eabi/9.3.1/../../../../arm-none-eabi/lib/thumb/v7e-m+fp/hard/libc_nano.a(lib_a-nano-vfprintf_i.o)
 *fill*         0x000000000800268d        0x3 
 .rodata.__sf_fake_stderr
                0x0000000008002690       0x20 /opt/st/stm32cubeide_1.8.0/plugins/com.st.stm32cube.ide.mcu.externaltools.gnu-tools-for-stm32.9-2020-q2-update.linux64_2.0.0.202105311346/tools/bin/../lib/gcc/arm-none-eabi/9.3.1/../../../../arm-none-eabi/lib/thumb/v7e-m+fp/hard/libc_nano.a(lib_a-findfp.o)
                0x0000000008002690                __sf_fake_stderr
 .rodata.__sf_fake_stdin
                0x00000000080026b0       0x20 /opt/st/stm32cubeide_1.8.0/plugins/com.st.stm32cube.ide.mcu.externaltools.gnu-tools-for-stm32.9-2020-q2-update.linux64_2.0.0.202105311346/tools/bin/../lib/gcc/arm-none-eabi/9.3.1/../../../../arm-none-eabi/lib/thumb/v7e-m+fp/hard/libc_nano.a(lib_a-findfp.o)
                0x00000000080026b0                __sf_fake_stdin
 .rodata.__sf_fake_stdout
                0x00000000080026d0       0x20 /opt/st/stm32cubeide_1.8.0/plugins/com.st.stm32cube.ide.mcu.externaltools.gnu-tools-for-stm32.9-2020-q2-update.linux64_2.0.0.202105311346/tools/bin/../lib/gcc/arm-none-eabi/9.3.1/../../../../arm-none-eabi/lib/thumb/v7e-m+fp/hard/libc_nano.a(lib_a-findfp.o)
                0x00000000080026d0                __sf_fake_stdout
                0x00000000080026f0                . = ALIGN (0x4)

.rel.dyn        0x00000000080026f0        0x0
 .rel.iplt      0x00000000080026f0        0x0 /opt/st/stm32cubeide_1.8.0/plugins/com.st.stm32cube.ide.mcu.externaltools.gnu-tools-for-stm32.9-2020-q2-update.linux64_2.0.0.202105311346/tools/bin/../lib/gcc/arm-none-eabi/9.3.1/thumb/v7e-m+fp/hard/crtbegin.o

.ARM.extab      0x00000000080026f0        0x0
                0x00000000080026f0                . = ALIGN (0x4)
 *(.ARM.extab* .gnu.linkonce.armextab.*)
                0x00000000080026f0                . = ALIGN (0x4)

.ARM            0x00000000080026f0        0x0
                0x00000000080026f0                . = ALIGN (0x4)
                0x00000000080026f0                __exidx_start = .
 *(.ARM.exidx*)
                0x00000000080026f0                __exidx_end = .
                0x00000000080026f0                . = ALIGN (0x4)

.preinit_array  0x00000000080026f0        0x0
                0x00000000080026f0                . = ALIGN (0x4)
                0x00000000080026f0                PROVIDE (__preinit_array_start = .)
 *(.preinit_array*)
                0x00000000080026f0                PROVIDE (__preinit_array_end = .)
                0x00000000080026f0                . = ALIGN (0x4)

.init_array     0x00000000080026f0        0x4
                0x00000000080026f0                . = ALIGN (0x4)
                0x00000000080026f0                PROVIDE (__init_array_start = .)
 *(SORT_BY_NAME(.init_array.*))
 *(.init_array*)
 .init_array    0x00000000080026f0        0x4 /opt/st/stm32cubeide_1.8.0/plugins/com.st.stm32cube.ide.mcu.externaltools.gnu-tools-for-stm32.9-2020-q2-update.linux64_2.0.0.202105311346/tools/bin/../lib/gcc/arm-none-eabi/9.3.1/thumb/v7e-m+fp/hard/crtbegin.o
                0x00000000080026f4                PROVIDE (__init_array_end = .)
                0x00000000080026f4                . = ALIGN (0x4)

.fini_array     0x00000000080026f4        0x4
                0x00000000080026f4                . = ALIGN (0x4)
                [!provide]                        PROVIDE (__fini_array_start = .)
 *(SORT_BY_NAME(.fini_array.*))
 *(.fini_array*)
 .fini_array    0x00000000080026f4        0x4 /opt/st/stm32cubeide_1.8.0/plugins/com.st.stm32cube.ide.mcu.externaltools.gnu-tools-for-stm32.9-2020-q2-update.linux64_2.0.0.202105311346/tools/bin/../lib/gcc/arm-none-eabi/9.3.1/thumb/v7e-m+fp/hard/crtbegin.o
                [!provide]                        PROVIDE (__fini_array_end = .)
                0x00000000080026f8                . = ALIGN (0x4)
                0x00000000080026f8                _sidata = LOADADDR (.data)

.data           0x0000000020000000       0x64 load address 0x00000000080026f8
                0x0000000020000000                . = ALIGN (0x4)
                0x0000000020000000                _sdata = .
 *(.data)
 *(.data*)
 .data._impure_ptr
                0x0000000020000000        0x4 /opt/st/stm32cubeide_1.8.0/plugins/com.st.stm32cube.ide.mcu.externaltools.gnu-tools-for-stm32.9-2020-q2-update.linux64_2.0.0.202105311346/tools/bin/../lib/gcc/arm-none-eabi/9.3.1/../../../../arm-none-eabi/lib/thumb/v7e-m+fp/hard/libc_nano.a(lib_a-impure.o)
                0x0000000020000000                _impure_ptr
 .data.impure_data
                0x0000000020000004       0x60 /opt/st/stm32cubeide_1.8.0/plugins/com.st.stm32cube.ide.mcu.externaltools.gnu-tools-for-stm32.9-2020-q2-update.linux64_2.0.0.202105311346/tools/bin/../lib/gcc/arm-none-eabi/9.3.1/../../../../arm-none-eabi/lib/thumb/v7e-m+fp/hard/libc_nano.a(lib_a-impure.o)
 *(.RamFunc)
 *(.RamFunc*)
                0x0000000020000064                . = ALIGN (0x4)
                0x0000000020000064                _edata = .

.igot.plt       0x0000000020000064        0x0 load address 0x000000000800275c
 .igot.plt      0x0000000020000064        0x0 /opt/st/stm32cubeide_1.8.0/plugins/com.st.stm32cube.ide.mcu.externaltools.gnu-tools-for-stm32.9-2020-q2-update.linux64_2.0.0.202105311346/tools/bin/../lib/gcc/arm-none-eabi/9.3.1/thumb/v7e-m+fp/hard/crtbegin.o
                0x0000000020000064                . = ALIGN (0x4)

.bss            0x0000000020000064       0x88 load address 0x000000000800275c
                0x0000000020000064                _sbss = .
                0x0000000020000064                __bss_start__ = _sbss
 *(.bss)
 .bss           0x0000000020000064       0x1c /opt/st/stm32cubeide_1.8.0/plugins/com.st.stm32cube.ide.mcu.externaltools.gnu-tools-for-stm32.9-2020-q2-update.linux64_2.0.0.202105311346/tools/bin/../lib/gcc/arm-none-eabi/9.3.1/thumb/v7e-m+fp/hard/crtbegin.o
 *(.bss*)
 .bss.repeated_start.6881
                0x0000000020000080        0x1 ./Core/Src/I2c_lib.o
 *fill*         0x0000000020000081        0x3 
 .bss.__sbrk_heap_end
                0x0000000020000084        0x4 ./Core/Src/sysmem.o
 .bss.__malloc_free_list
                0x0000000020000088        0x4 /opt/st/stm32cubeide_1.8.0/plugins/com.st.stm32cube.ide.mcu.externaltools.gnu-tools-for-stm32.9-2020-q2-update.linux64_2.0.0.202105311346/tools/bin/../lib/gcc/arm-none-eabi/9.3.1/../../../../arm-none-eabi/lib/thumb/v7e-m+fp/hard/libc_nano.a(lib_a-nano-mallocr.o)
                0x0000000020000088                __malloc_free_list
 .bss.__malloc_sbrk_start
                0x000000002000008c        0x4 /opt/st/stm32cubeide_1.8.0/plugins/com.st.stm32cube.ide.mcu.externaltools.gnu-tools-for-stm32.9-2020-q2-update.linux64_2.0.0.202105311346/tools/bin/../lib/gcc/arm-none-eabi/9.3.1/../../../../arm-none-eabi/lib/thumb/v7e-m+fp/hard/libc_nano.a(lib_a-nano-mallocr.o)
                0x000000002000008c                __malloc_sbrk_start
 *(COMMON)
 COMMON         0x0000000020000090       0x20 ./Core/Src/dht22.o
                0x0000000020000090                humidity_tmp
                0x0000000020000094                MILLIS
                0x0000000020000098                dht22_data
                0x000000002000009c                MICROS
                0x000000002000009d                bits_read
                0x000000002000009e                dht_status
                0x00000000200000a0                temperature_tmp
                0x00000000200000a4                dht22
 COMMON         0x00000000200000b0       0x2c ./Core/Src/interrupts.o
                0x00000000200000b0                date_time
                0x00000000200000bc                I2C_handle
                0x00000000200000d0                internal_led_pin
 COMMON         0x00000000200000dc        0x4 /opt/st/stm32cubeide_1.8.0/plugins/com.st.stm32cube.ide.mcu.externaltools.gnu-tools-for-stm32.9-2020-q2-update.linux64_2.0.0.202105311346/tools/bin/../lib/gcc/arm-none-eabi/9.3.1/../../../../arm-none-eabi/lib/thumb/v7e-m+fp/hard/libc_nano.a(lib_a-reent.o)
                0x00000000200000dc                errno
 COMMON         0x00000000200000e0        0x9 /opt/st/stm32cubeide_1.8.0/plugins/com.st.stm32cube.ide.mcu.externaltools.gnu-tools-for-stm32.9-2020-q2-update.linux64_2.0.0.202105311346/tools/bin/../lib/gcc/arm-none-eabi/9.3.1/../../../../arm-none-eabi/lib/thumb/v7e-m+fp/hard/libc_nano.a(lib_a-lock.o)
                0x00000000200000e0                __lock___atexit_recursive_mutex
                0x00000000200000e1                __lock___arc4random_mutex
                0x00000000200000e2                __lock___env_recursive_mutex
                0x00000000200000e3                __lock___sinit_recursive_mutex
                0x00000000200000e4                __lock___malloc_recursive_mutex
                0x00000000200000e5                __lock___at_quick_exit_mutex
                0x00000000200000e6                __lock___dd_hash_mutex
                0x00000000200000e7                __lock___tz_mutex
                0x00000000200000e8                __lock___sfp_recursive_mutex
                0x00000000200000ec                . = ALIGN (0x4)
 *fill*         0x00000000200000e9        0x3 
                0x00000000200000ec                _ebss = .
                0x00000000200000ec                __bss_end__ = _ebss

._user_heap_stack
                0x00000000200000ec      0x604 load address 0x000000000800275c
                0x00000000200000f0                . = ALIGN (0x8)
 *fill*         0x00000000200000ec        0x4 
                0x00000000200000f0                PROVIDE (end = .)
                0x00000000200000f0                PROVIDE (_end = .)
                0x00000000200002f0                . = (. + _Min_Heap_Size)
 *fill*         0x00000000200000f0      0x200 
                0x00000000200006f0                . = (. + _Min_Stack_Size)
 *fill*         0x00000000200002f0      0x400 
                0x00000000200006f0                . = ALIGN (0x8)

/DISCARD/
 libc.a(*)
 libm.a(*)
 libgcc.a(*)

.ARM.attributes
                0x0000000000000000       0x30
 *(.ARM.attributes)
 .ARM.attributes
                0x0000000000000000       0x1e /opt/st/stm32cubeide_1.8.0/plugins/com.st.stm32cube.ide.mcu.externaltools.gnu-tools-for-stm32.9-2020-q2-update.linux64_2.0.0.202105311346/tools/bin/../lib/gcc/arm-none-eabi/9.3.1/thumb/v7e-m+fp/hard/crti.o
 .ARM.attributes
                0x000000000000001e       0x34 /opt/st/stm32cubeide_1.8.0/plugins/com.st.stm32cube.ide.mcu.externaltools.gnu-tools-for-stm32.9-2020-q2-update.linux64_2.0.0.202105311346/tools/bin/../lib/gcc/arm-none-eabi/9.3.1/thumb/v7e-m+fp/hard/crtbegin.o
 .ARM.attributes
                0x0000000000000052       0x34 ./Core/Src/EXTI_lib.o
 .ARM.attributes
                0x0000000000000086       0x34 ./Core/Src/GPIO_Lib.o
 .ARM.attributes
                0x00000000000000ba       0x34 ./Core/Src/I2c_lib.o
 .ARM.attributes
                0x00000000000000ee       0x34 ./Core/Src/NVIC_lib.o
 .ARM.attributes
                0x0000000000000122       0x34 ./Core/Src/RTC.o
 .ARM.attributes
                0x0000000000000156       0x34 ./Core/Src/UART_lib.o
 .ARM.attributes
                0x000000000000018a       0x34 ./Core/Src/clocks_lib.o
 .ARM.attributes
                0x00000000000001be       0x34 ./Core/Src/delay_timer_lib.o
 .ARM.attributes
                0x00000000000001f2       0x34 ./Core/Src/dht22.o
 .ARM.attributes
                0x0000000000000226       0x34 ./Core/Src/interrupts.o
 .ARM.attributes
                0x000000000000025a       0x34 ./Core/Src/lcd.o
 .ARM.attributes
                0x000000000000028e       0x34 ./Core/Src/main.o
 .ARM.attributes
                0x00000000000002c2       0x34 ./Core/Src/sysmem.o
 .ARM.attributes
                0x00000000000002f6       0x34 ./Core/Src/system_stm32f4xx.o
 .ARM.attributes
                0x000000000000032a       0x34 ./Core/Src/systick_IR_ timer_lib.o
 .ARM.attributes
                0x000000000000035e       0x21 ./Core/Startup/startup_stm32f401retx.o
 .ARM.attributes
                0x000000000000037f       0x34 /opt/st/stm32cubeide_1.8.0/plugins/com.st.stm32cube.ide.mcu.externaltools.gnu-tools-for-stm32.9-2020-q2-update.linux64_2.0.0.202105311346/tools/bin/../lib/gcc/arm-none-eabi/9.3.1/../../../../arm-none-eabi/lib/thumb/v7e-m+fp/hard/libc_nano.a(lib_a-errno.o)
 .ARM.attributes
                0x00000000000003b3       0x32 /opt/st/stm32cubeide_1.8.0/plugins/com.st.stm32cube.ide.mcu.externaltools.gnu-tools-for-stm32.9-2020-q2-update.linux64_2.0.0.202105311346/tools/bin/../lib/gcc/arm-none-eabi/9.3.1/../../../../arm-none-eabi/lib/thumb/v7e-m+fp/hard/libc_nano.a(lib_a-impure.o)
 .ARM.attributes
                0x00000000000003e5       0x34 /opt/st/stm32cubeide_1.8.0/plugins/com.st.stm32cube.ide.mcu.externaltools.gnu-tools-for-stm32.9-2020-q2-update.linux64_2.0.0.202105311346/tools/bin/../lib/gcc/arm-none-eabi/9.3.1/../../../../arm-none-eabi/lib/thumb/v7e-m+fp/hard/libc_nano.a(lib_a-init.o)
 .ARM.attributes
                0x0000000000000419       0x34 /opt/st/stm32cubeide_1.8.0/plugins/com.st.stm32cube.ide.mcu.externaltools.gnu-tools-for-stm32.9-2020-q2-update.linux64_2.0.0.202105311346/tools/bin/../lib/gcc/arm-none-eabi/9.3.1/../../../../arm-none-eabi/lib/thumb/v7e-m+fp/hard/libc_nano.a(lib_a-sprintf.o)
 .ARM.attributes
                0x000000000000044d       0x34 /opt/st/stm32cubeide_1.8.0/plugins/com.st.stm32cube.ide.mcu.externaltools.gnu-tools-for-stm32.9-2020-q2-update.linux64_2.0.0.202105311346/tools/bin/../lib/gcc/arm-none-eabi/9.3.1/../../../../arm-none-eabi/lib/thumb/v7e-m+fp/hard/libc_nano.a(lib_a-strcat.o)
 .ARM.attributes
                0x0000000000000481       0x17 /opt/st/stm32cubeide_1.8.0/plugins/com.st.stm32cube.ide.mcu.externaltools.gnu-tools-for-stm32.9-2020-q2-update.linux64_2.0.0.202105311346/tools/bin/../lib/gcc/arm-none-eabi/9.3.1/../../../../arm-none-eabi/lib/thumb/v7e-m+fp/hard/libc_nano.a(lib_a-strlen.o)
 .ARM.attributes
                0x0000000000000498       0x34 /opt/st/stm32cubeide_1.8.0/plugins/com.st.stm32cube.ide.mcu.externaltools.gnu-tools-for-stm32.9-2020-q2-update.linux64_2.0.0.202105311346/tools/bin/../lib/gcc/arm-none-eabi/9.3.1/../../../../arm-none-eabi/lib/thumb/v7e-m+fp/hard/libc_nano.a(lib_a-nano-svfprintf.o)
 .ARM.attributes
                0x00000000000004cc       0x34 /opt/st/stm32cubeide_1.8.0/plugins/com.st.stm32cube.ide.mcu.externaltools.gnu-tools-for-stm32.9-2020-q2-update.linux64_2.0.0.202105311346/tools/bin/../lib/gcc/arm-none-eabi/9.3.1/../../../../arm-none-eabi/lib/thumb/v7e-m+fp/hard/libc_nano.a(lib_a-nano-vfprintf_i.o)
 .ARM.attributes
                0x0000000000000500       0x1c /opt/st/stm32cubeide_1.8.0/plugins/com.st.stm32cube.ide.mcu.externaltools.gnu-tools-for-stm32.9-2020-q2-update.linux64_2.0.0.202105311346/tools/bin/../lib/gcc/arm-none-eabi/9.3.1/../../../../arm-none-eabi/lib/thumb/v7e-m+fp/hard/libc_nano.a(lib_a-memchr.o)
 .ARM.attributes
                0x000000000000051c       0x34 /opt/st/stm32cubeide_1.8.0/plugins/com.st.stm32cube.ide.mcu.externaltools.gnu-tools-for-stm32.9-2020-q2-update.linux64_2.0.0.202105311346/tools/bin/../lib/gcc/arm-none-eabi/9.3.1/../../../../arm-none-eabi/lib/thumb/v7e-m+fp/hard/libc_nano.a(lib_a-memcpy-stub.o)
 .ARM.attributes
                0x0000000000000550       0x34 /opt/st/stm32cubeide_1.8.0/plugins/com.st.stm32cube.ide.mcu.externaltools.gnu-tools-for-stm32.9-2020-q2-update.linux64_2.0.0.202105311346/tools/bin/../lib/gcc/arm-none-eabi/9.3.1/../../../../arm-none-eabi/lib/thumb/v7e-m+fp/hard/libc_nano.a(lib_a-memmove.o)
 .ARM.attributes
                0x0000000000000584       0x34 /opt/st/stm32cubeide_1.8.0/plugins/com.st.stm32cube.ide.mcu.externaltools.gnu-tools-for-stm32.9-2020-q2-update.linux64_2.0.0.202105311346/tools/bin/../lib/gcc/arm-none-eabi/9.3.1/../../../../arm-none-eabi/lib/thumb/v7e-m+fp/hard/libc_nano.a(lib_a-nano-freer.o)
 .ARM.attributes
                0x00000000000005b8       0x34 /opt/st/stm32cubeide_1.8.0/plugins/com.st.stm32cube.ide.mcu.externaltools.gnu-tools-for-stm32.9-2020-q2-update.linux64_2.0.0.202105311346/tools/bin/../lib/gcc/arm-none-eabi/9.3.1/../../../../arm-none-eabi/lib/thumb/v7e-m+fp/hard/libc_nano.a(lib_a-nano-mallocr.o)
 .ARM.attributes
                0x00000000000005ec       0x34 /opt/st/stm32cubeide_1.8.0/plugins/com.st.stm32cube.ide.mcu.externaltools.gnu-tools-for-stm32.9-2020-q2-update.linux64_2.0.0.202105311346/tools/bin/../lib/gcc/arm-none-eabi/9.3.1/../../../../arm-none-eabi/lib/thumb/v7e-m+fp/hard/libc_nano.a(lib_a-nano-reallocr.o)
 .ARM.attributes
                0x0000000000000620       0x34 /opt/st/stm32cubeide_1.8.0/plugins/com.st.stm32cube.ide.mcu.externaltools.gnu-tools-for-stm32.9-2020-q2-update.linux64_2.0.0.202105311346/tools/bin/../lib/gcc/arm-none-eabi/9.3.1/../../../../arm-none-eabi/lib/thumb/v7e-m+fp/hard/libc_nano.a(lib_a-sbrkr.o)
 .ARM.attributes
                0x0000000000000654       0x34 /opt/st/stm32cubeide_1.8.0/plugins/com.st.stm32cube.ide.mcu.externaltools.gnu-tools-for-stm32.9-2020-q2-update.linux64_2.0.0.202105311346/tools/bin/../lib/gcc/arm-none-eabi/9.3.1/../../../../arm-none-eabi/lib/thumb/v7e-m+fp/hard/libc_nano.a(lib_a-mlock.o)
 .ARM.attributes
                0x0000000000000688       0x34 /opt/st/stm32cubeide_1.8.0/plugins/com.st.stm32cube.ide.mcu.externaltools.gnu-tools-for-stm32.9-2020-q2-update.linux64_2.0.0.202105311346/tools/bin/../lib/gcc/arm-none-eabi/9.3.1/../../../../arm-none-eabi/lib/thumb/v7e-m+fp/hard/libc_nano.a(lib_a-nano-msizer.o)
 .ARM.attributes
                0x00000000000006bc       0x34 /opt/st/stm32cubeide_1.8.0/plugins/com.st.stm32cube.ide.mcu.externaltools.gnu-tools-for-stm32.9-2020-q2-update.linux64_2.0.0.202105311346/tools/bin/../lib/gcc/arm-none-eabi/9.3.1/../../../../arm-none-eabi/lib/thumb/v7e-m+fp/hard/libc_nano.a(lib_a-reent.o)
 .ARM.attributes
                0x00000000000006f0       0x34 /opt/st/stm32cubeide_1.8.0/plugins/com.st.stm32cube.ide.mcu.externaltools.gnu-tools-for-stm32.9-2020-q2-update.linux64_2.0.0.202105311346/tools/bin/../lib/gcc/arm-none-eabi/9.3.1/../../../../arm-none-eabi/lib/thumb/v7e-m+fp/hard/libc_nano.a(lib_a-lock.o)
 .ARM.attributes
                0x0000000000000724       0x34 /opt/st/stm32cubeide_1.8.0/plugins/com.st.stm32cube.ide.mcu.externaltools.gnu-tools-for-stm32.9-2020-q2-update.linux64_2.0.0.202105311346/tools/bin/../lib/gcc/arm-none-eabi/9.3.1/../../../../arm-none-eabi/lib/thumb/v7e-m+fp/hard/libc_nano.a(lib_a-findfp.o)
 .ARM.attributes
                0x0000000000000758       0x1e /opt/st/stm32cubeide_1.8.0/plugins/com.st.stm32cube.ide.mcu.externaltools.gnu-tools-for-stm32.9-2020-q2-update.linux64_2.0.0.202105311346/tools/bin/../lib/gcc/arm-none-eabi/9.3.1/thumb/v7e-m+fp/hard/crtn.o
OUTPUT(weather_station2.elf elf32-littlearm)
LOAD linker stubs
LOAD /opt/st/stm32cubeide_1.8.0/plugins/com.st.stm32cube.ide.mcu.externaltools.gnu-tools-for-stm32.9-2020-q2-update.linux64_2.0.0.202105311346/tools/bin/../lib/gcc/arm-none-eabi/9.3.1/../../../../arm-none-eabi/lib/thumb/v7e-m+fp/hard/libc.a
LOAD /opt/st/stm32cubeide_1.8.0/plugins/com.st.stm32cube.ide.mcu.externaltools.gnu-tools-for-stm32.9-2020-q2-update.linux64_2.0.0.202105311346/tools/bin/../lib/gcc/arm-none-eabi/9.3.1/../../../../arm-none-eabi/lib/thumb/v7e-m+fp/hard/libm.a
LOAD /opt/st/stm32cubeide_1.8.0/plugins/com.st.stm32cube.ide.mcu.externaltools.gnu-tools-for-stm32.9-2020-q2-update.linux64_2.0.0.202105311346/tools/bin/../lib/gcc/arm-none-eabi/9.3.1/thumb/v7e-m+fp/hard/libgcc.a

.debug_info     0x0000000000000000     0x7e16
 .debug_info    0x0000000000000000      0x53b ./Core/Src/EXTI_lib.o
 .debug_info    0x000000000000053b      0x5f9 ./Core/Src/GPIO_Lib.o
 .debug_info    0x0000000000000b34      0x8bb ./Core/Src/I2c_lib.o
 .debug_info    0x00000000000013ef      0x32c ./Core/Src/NVIC_lib.o
 .debug_info    0x000000000000171b      0xb02 ./Core/Src/RTC.o
 .debug_info    0x000000000000221d      0x4c0 ./Core/Src/UART_lib.o
 .debug_info    0x00000000000026dd      0xf66 ./Core/Src/clocks_lib.o
 .debug_info    0x0000000000003643      0x5b0 ./Core/Src/delay_timer_lib.o
 .debug_info    0x0000000000003bf3      0x5c2 ./Core/Src/dht22.o
 .debug_info    0x00000000000041b5     0x108a ./Core/Src/interrupts.o
 .debug_info    0x000000000000523f      0x704 ./Core/Src/lcd.o
 .debug_info    0x0000000000005943     0x12df ./Core/Src/main.o
 .debug_info    0x0000000000006c22      0xa25 ./Core/Src/sysmem.o
 .debug_info    0x0000000000007647      0x572 ./Core/Src/system_stm32f4xx.o
 .debug_info    0x0000000000007bb9      0x23b ./Core/Src/systick_IR_ timer_lib.o
 .debug_info    0x0000000000007df4       0x22 ./Core/Startup/startup_stm32f401retx.o

.debug_abbrev   0x0000000000000000     0x1abf
 .debug_abbrev  0x0000000000000000      0x181 ./Core/Src/EXTI_lib.o
 .debug_abbrev  0x0000000000000181      0x1b1 ./Core/Src/GPIO_Lib.o
 .debug_abbrev  0x0000000000000332      0x217 ./Core/Src/I2c_lib.o
 .debug_abbrev  0x0000000000000549      0x14e ./Core/Src/NVIC_lib.o
 .debug_abbrev  0x0000000000000697      0x1f2 ./Core/Src/RTC.o
 .debug_abbrev  0x0000000000000889      0x182 ./Core/Src/UART_lib.o
 .debug_abbrev  0x0000000000000a0b      0x2ba ./Core/Src/clocks_lib.o
 .debug_abbrev  0x0000000000000cc5      0x17d ./Core/Src/delay_timer_lib.o
 .debug_abbrev  0x0000000000000e42      0x1b2 ./Core/Src/dht22.o
 .debug_abbrev  0x0000000000000ff4      0x238 ./Core/Src/interrupts.o
 .debug_abbrev  0x000000000000122c      0x1a4 ./Core/Src/lcd.o
 .debug_abbrev  0x00000000000013d0      0x29f ./Core/Src/main.o
 .debug_abbrev  0x000000000000166f      0x1bf ./Core/Src/sysmem.o
 .debug_abbrev  0x000000000000182e      0x129 ./Core/Src/system_stm32f4xx.o
 .debug_abbrev  0x0000000000001957      0x156 ./Core/Src/systick_IR_ timer_lib.o
 .debug_abbrev  0x0000000000001aad       0x12 ./Core/Startup/startup_stm32f401retx.o

.debug_aranges  0x0000000000000000      0x4a0
 .debug_aranges
                0x0000000000000000       0x40 ./Core/Src/EXTI_lib.o
 .debug_aranges
                0x0000000000000040       0x48 ./Core/Src/GPIO_Lib.o
 .debug_aranges
                0x0000000000000088       0x88 ./Core/Src/I2c_lib.o
 .debug_aranges
                0x0000000000000110       0x30 ./Core/Src/NVIC_lib.o
 .debug_aranges
                0x0000000000000140       0x58 ./Core/Src/RTC.o
 .debug_aranges
                0x0000000000000198       0x38 ./Core/Src/UART_lib.o
 .debug_aranges
                0x00000000000001d0       0x98 ./Core/Src/clocks_lib.o
 .debug_aranges
                0x0000000000000268       0x40 ./Core/Src/delay_timer_lib.o
 .debug_aranges
                0x00000000000002a8       0x48 ./Core/Src/dht22.o
 .debug_aranges
                0x00000000000002f0       0x48 ./Core/Src/interrupts.o
 .debug_aranges
                0x0000000000000338       0x68 ./Core/Src/lcd.o
 .debug_aranges
                0x00000000000003a0       0x58 ./Core/Src/main.o
 .debug_aranges
                0x00000000000003f8       0x20 ./Core/Src/sysmem.o
 .debug_aranges
                0x0000000000000418       0x28 ./Core/Src/system_stm32f4xx.o
 .debug_aranges
                0x0000000000000440       0x38 ./Core/Src/systick_IR_ timer_lib.o
 .debug_aranges
                0x0000000000000478       0x28 ./Core/Startup/startup_stm32f401retx.o

.debug_ranges   0x0000000000000000      0x3a8
 .debug_ranges  0x0000000000000000       0x30 ./Core/Src/EXTI_lib.o
 .debug_ranges  0x0000000000000030       0x38 ./Core/Src/GPIO_Lib.o
 .debug_ranges  0x0000000000000068       0x78 ./Core/Src/I2c_lib.o
 .debug_ranges  0x00000000000000e0       0x20 ./Core/Src/NVIC_lib.o
 .debug_ranges  0x0000000000000100       0x48 ./Core/Src/RTC.o
 .debug_ranges  0x0000000000000148       0x28 ./Core/Src/UART_lib.o
 .debug_ranges  0x0000000000000170       0x88 ./Core/Src/clocks_lib.o
 .debug_ranges  0x00000000000001f8       0x30 ./Core/Src/delay_timer_lib.o
 .debug_ranges  0x0000000000000228       0x38 ./Core/Src/dht22.o
 .debug_ranges  0x0000000000000260       0x38 ./Core/Src/interrupts.o
 .debug_ranges  0x0000000000000298       0x58 ./Core/Src/lcd.o
 .debug_ranges  0x00000000000002f0       0x48 ./Core/Src/main.o
 .debug_ranges  0x0000000000000338       0x10 ./Core/Src/sysmem.o
 .debug_ranges  0x0000000000000348       0x18 ./Core/Src/system_stm32f4xx.o
 .debug_ranges  0x0000000000000360       0x28 ./Core/Src/systick_IR_ timer_lib.o
 .debug_ranges  0x0000000000000388       0x20 ./Core/Startup/startup_stm32f401retx.o

.debug_macro    0x0000000000000000    0x102f4
 .debug_macro   0x0000000000000000       0xdd ./Core/Src/EXTI_lib.o
 .debug_macro   0x00000000000000dd      0xaa8 ./Core/Src/EXTI_lib.o
 .debug_macro   0x0000000000000b85       0x2e ./Core/Src/EXTI_lib.o
 .debug_macro   0x0000000000000bb3       0x28 ./Core/Src/EXTI_lib.o
 .debug_macro   0x0000000000000bdb       0x22 ./Core/Src/EXTI_lib.o
 .debug_macro   0x0000000000000bfd       0x8e ./Core/Src/EXTI_lib.o
 .debug_macro   0x0000000000000c8b       0x51 ./Core/Src/EXTI_lib.o
 .debug_macro   0x0000000000000cdc      0x103 ./Core/Src/EXTI_lib.o
 .debug_macro   0x0000000000000ddf       0x6a ./Core/Src/EXTI_lib.o
 .debug_macro   0x0000000000000e49      0x1df ./Core/Src/EXTI_lib.o
 .debug_macro   0x0000000000001028       0x1c ./Core/Src/EXTI_lib.o
 .debug_macro   0x0000000000001044       0x22 ./Core/Src/EXTI_lib.o
 .debug_macro   0x0000000000001066       0xdf ./Core/Src/EXTI_lib.o
 .debug_macro   0x0000000000001145     0x102d ./Core/Src/EXTI_lib.o
 .debug_macro   0x0000000000002172      0x11f ./Core/Src/EXTI_lib.o
 .debug_macro   0x0000000000002291     0xb86c ./Core/Src/EXTI_lib.o
 .debug_macro   0x000000000000dafd       0x6d ./Core/Src/EXTI_lib.o
 .debug_macro   0x000000000000db6a       0x3a ./Core/Src/EXTI_lib.o
 .debug_macro   0x000000000000dba4       0xdd ./Core/Src/GPIO_Lib.o
 .debug_macro   0x000000000000dc81       0x28 ./Core/Src/GPIO_Lib.o
 .debug_macro   0x000000000000dca9       0xf0 ./Core/Src/I2c_lib.o
 .debug_macro   0x000000000000dd99       0x22 ./Core/Src/I2c_lib.o
 .debug_macro   0x000000000000ddbb       0x8e ./Core/Src/I2c_lib.o
 .debug_macro   0x000000000000de49       0xd8 ./Core/Src/NVIC_lib.o
 .debug_macro   0x000000000000df21       0xeb ./Core/Src/RTC.o
 .debug_macro   0x000000000000e00c       0x40 ./Core/Src/RTC.o
 .debug_macro   0x000000000000e04c       0xe0 ./Core/Src/UART_lib.o
 .debug_macro   0x000000000000e12c       0x2e ./Core/Src/UART_lib.o
 .debug_macro   0x000000000000e15a      0x241 ./Core/Src/clocks_lib.o
 .debug_macro   0x000000000000e39b       0x88 ./Core/Src/clocks_lib.o
 .debug_macro   0x000000000000e423       0x52 ./Core/Src/clocks_lib.o
 .debug_macro   0x000000000000e475       0x18 ./Core/Src/clocks_lib.o
 .debug_macro   0x000000000000e48d       0x3c ./Core/Src/clocks_lib.o
 .debug_macro   0x000000000000e4c9       0x34 ./Core/Src/clocks_lib.o
 .debug_macro   0x000000000000e4fd       0x16 ./Core/Src/clocks_lib.o
 .debug_macro   0x000000000000e513       0x97 ./Core/Src/clocks_lib.o
 .debug_macro   0x000000000000e5aa      0x333 ./Core/Src/clocks_lib.o
 .debug_macro   0x000000000000e8dd       0xfd ./Core/Src/clocks_lib.o
 .debug_macro   0x000000000000e9da       0x10 ./Core/Src/clocks_lib.o
 .debug_macro   0x000000000000e9ea       0x16 ./Core/Src/clocks_lib.o
 .debug_macro   0x000000000000ea00       0x43 ./Core/Src/clocks_lib.o
 .debug_macro   0x000000000000ea43       0x34 ./Core/Src/clocks_lib.o
 .debug_macro   0x000000000000ea77       0x10 ./Core/Src/clocks_lib.o
 .debug_macro   0x000000000000ea87       0x58 ./Core/Src/clocks_lib.o
 .debug_macro   0x000000000000eadf       0x71 ./Core/Src/clocks_lib.o
 .debug_macro   0x000000000000eb50       0x1c ./Core/Src/clocks_lib.o
 .debug_macro   0x000000000000eb6c      0x12a ./Core/Src/clocks_lib.o
 .debug_macro   0x000000000000ec96       0x10 ./Core/Src/clocks_lib.o
 .debug_macro   0x000000000000eca6       0x1c ./Core/Src/clocks_lib.o
 .debug_macro   0x000000000000ecc2       0x52 ./Core/Src/clocks_lib.o
 .debug_macro   0x000000000000ed14       0x22 ./Core/Src/clocks_lib.o
 .debug_macro   0x000000000000ed36       0x10 ./Core/Src/clocks_lib.o
 .debug_macro   0x000000000000ed46       0x40 ./Core/Src/clocks_lib.o
 .debug_macro   0x000000000000ed86       0xd5 ./Core/Src/clocks_lib.o
 .debug_macro   0x000000000000ee5b       0x1c ./Core/Src/clocks_lib.o
 .debug_macro   0x000000000000ee77       0x3d ./Core/Src/clocks_lib.o
 .debug_macro   0x000000000000eeb4       0x16 ./Core/Src/clocks_lib.o
 .debug_macro   0x000000000000eeca      0x145 ./Core/Src/clocks_lib.o
 .debug_macro   0x000000000000f00f       0xe0 ./Core/Src/delay_timer_lib.o
 .debug_macro   0x000000000000f0ef       0x16 ./Core/Src/delay_timer_lib.o
 .debug_macro   0x000000000000f105      0x108 ./Core/Src/dht22.o
 .debug_macro   0x000000000000f20d       0x1c ./Core/Src/dht22.o
 .debug_macro   0x000000000000f229       0x16 ./Core/Src/dht22.o
 .debug_macro   0x000000000000f23f      0x27d ./Core/Src/interrupts.o
 .debug_macro   0x000000000000f4bc       0x2e ./Core/Src/interrupts.o
 .debug_macro   0x000000000000f4ea       0x28 ./Core/Src/interrupts.o
 .debug_macro   0x000000000000f512       0x16 ./Core/Src/interrupts.o
 .debug_macro   0x000000000000f528       0xf5 ./Core/Src/lcd.o
 .debug_macro   0x000000000000f61d       0x10 ./Core/Src/lcd.o
 .debug_macro   0x000000000000f62d      0x2d8 ./Core/Src/main.o
 .debug_macro   0x000000000000f905      0x174 ./Core/Src/main.o
 .debug_macro   0x000000000000fa79       0x10 ./Core/Src/main.o
 .debug_macro   0x000000000000fa89       0x35 ./Core/Src/main.o
 .debug_macro   0x000000000000fabe       0x20 ./Core/Src/main.o
 .debug_macro   0x000000000000fade      0x1a9 ./Core/Src/main.o
 .debug_macro   0x000000000000fc87       0x1c ./Core/Src/main.o
 .debug_macro   0x000000000000fca3       0xff ./Core/Src/sysmem.o
 .debug_macro   0x000000000000fda2       0x10 ./Core/Src/sysmem.o
 .debug_macro   0x000000000000fdb2       0x4c ./Core/Src/sysmem.o
 .debug_macro   0x000000000000fdfe       0x94 ./Core/Src/sysmem.o
 .debug_macro   0x000000000000fe92       0x57 ./Core/Src/sysmem.o
 .debug_macro   0x000000000000fee9      0x23b ./Core/Src/sysmem.o
 .debug_macro   0x0000000000010124       0xda ./Core/Src/system_stm32f4xx.o
 .debug_macro   0x00000000000101fe       0xe6 ./Core/Src/systick_IR_ timer_lib.o
 .debug_macro   0x00000000000102e4       0x10 ./Core/Src/systick_IR_ timer_lib.o

.debug_line     0x0000000000000000     0x5fc2
 .debug_line    0x0000000000000000      0x548 ./Core/Src/EXTI_lib.o
 .debug_line    0x0000000000000548      0x5fe ./Core/Src/GPIO_Lib.o
 .debug_line    0x0000000000000b46      0x8b3 ./Core/Src/I2c_lib.o
 .debug_line    0x00000000000013f9      0x4bb ./Core/Src/NVIC_lib.o
 .debug_line    0x00000000000018b4      0x7f5 ./Core/Src/RTC.o
 .debug_line    0x00000000000020a9      0x53a ./Core/Src/UART_lib.o
 .debug_line    0x00000000000025e3      0x911 ./Core/Src/clocks_lib.o
 .debug_line    0x0000000000002ef4      0x5a8 ./Core/Src/delay_timer_lib.o
 .debug_line    0x000000000000349c      0x5a1 ./Core/Src/dht22.o
 .debug_line    0x0000000000003a3d      0x724 ./Core/Src/interrupts.o
 .debug_line    0x0000000000004161      0x6cf ./Core/Src/lcd.o
 .debug_line    0x0000000000004830      0x83a ./Core/Src/main.o
 .debug_line    0x000000000000506a      0x4f8 ./Core/Src/sysmem.o
 .debug_line    0x0000000000005562      0x4ce ./Core/Src/system_stm32f4xx.o
 .debug_line    0x0000000000005a30      0x50a ./Core/Src/systick_IR_ timer_lib.o
 .debug_line    0x0000000000005f3a       0x88 ./Core/Startup/startup_stm32f401retx.o

.debug_str      0x0000000000000000    0x55b92
 .debug_str     0x0000000000000000    0x4f5cd ./Core/Src/EXTI_lib.o
                                      0x4f759 (size before relaxing)
 .debug_str     0x000000000004f5cd      0x1b2 ./Core/Src/GPIO_Lib.o
                                      0x4f7ac (size before relaxing)
 .debug_str     0x000000000004f77f      0x75f ./Core/Src/I2c_lib.o
                                      0x4fd5d (size before relaxing)
 .debug_str     0x000000000004fede       0x70 ./Core/Src/NVIC_lib.o
                                      0x4f5ad (size before relaxing)
 .debug_str     0x000000000004ff4e      0x2b7 ./Core/Src/RTC.o
                                      0x4fcf2 (size before relaxing)
 .debug_str     0x0000000000050205      0x119 ./Core/Src/UART_lib.o
                                      0x4f87c (size before relaxing)
 .debug_str     0x000000000005031e     0x4435 ./Core/Src/clocks_lib.o
                                      0x53d26 (size before relaxing)
 .debug_str     0x0000000000054753       0xd4 ./Core/Src/delay_timer_lib.o
                                      0x4f878 (size before relaxing)
 .debug_str     0x0000000000054827      0x146 ./Core/Src/dht22.o
                                      0x4fbbf (size before relaxing)
 .debug_str     0x000000000005496d      0x123 ./Core/Src/interrupts.o
                                      0x53e3d (size before relaxing)
 .debug_str     0x0000000000054a90       0xf0 ./Core/Src/lcd.o
                                      0x4f7b7 (size before relaxing)
 .debug_str     0x0000000000054b80      0x963 ./Core/Src/main.o
                                      0x547c8 (size before relaxing)
 .debug_str     0x00000000000554e3      0x526 ./Core/Src/sysmem.o
                                       0x62a2 (size before relaxing)
 .debug_str     0x0000000000055a09       0xed ./Core/Src/system_stm32f4xx.o
                                      0x4f6cf (size before relaxing)
 .debug_str     0x0000000000055af6       0x66 ./Core/Src/systick_IR_ timer_lib.o
                                      0x4f720 (size before relaxing)
 .debug_str     0x0000000000055b5c       0x36 ./Core/Startup/startup_stm32f401retx.o
                                         0x73 (size before relaxing)

.comment        0x0000000000000000       0x53
 .comment       0x0000000000000000       0x53 ./Core/Src/EXTI_lib.o
                                         0x54 (size before relaxing)
 .comment       0x0000000000000053       0x54 ./Core/Src/GPIO_Lib.o
 .comment       0x0000000000000053       0x54 ./Core/Src/I2c_lib.o
 .comment       0x0000000000000053       0x54 ./Core/Src/NVIC_lib.o
 .comment       0x0000000000000053       0x54 ./Core/Src/RTC.o
 .comment       0x0000000000000053       0x54 ./Core/Src/UART_lib.o
 .comment       0x0000000000000053       0x54 ./Core/Src/clocks_lib.o
 .comment       0x0000000000000053       0x54 ./Core/Src/delay_timer_lib.o
 .comment       0x0000000000000053       0x54 ./Core/Src/dht22.o
 .comment       0x0000000000000053       0x54 ./Core/Src/interrupts.o
 .comment       0x0000000000000053       0x54 ./Core/Src/lcd.o
 .comment       0x0000000000000053       0x54 ./Core/Src/main.o
 .comment       0x0000000000000053       0x54 ./Core/Src/sysmem.o
 .comment       0x0000000000000053       0x54 ./Core/Src/system_stm32f4xx.o
 .comment       0x0000000000000053       0x54 ./Core/Src/systick_IR_ timer_lib.o

.debug_frame    0x0000000000000000     0x1458
 .debug_frame   0x0000000000000000       0xd0 ./Core/Src/EXTI_lib.o
 .debug_frame   0x00000000000000d0       0xfc ./Core/Src/GPIO_Lib.o
 .debug_frame   0x00000000000001cc      0x214 ./Core/Src/I2c_lib.o
 .debug_frame   0x00000000000003e0       0x80 ./Core/Src/NVIC_lib.o
 .debug_frame   0x0000000000000460      0x130 ./Core/Src/RTC.o
 .debug_frame   0x0000000000000590       0xa8 ./Core/Src/UART_lib.o
 .debug_frame   0x0000000000000638      0x25c ./Core/Src/clocks_lib.o
 .debug_frame   0x0000000000000894       0xc8 ./Core/Src/delay_timer_lib.o
 .debug_frame   0x000000000000095c       0xc0 ./Core/Src/dht22.o
 .debug_frame   0x0000000000000a1c       0xd4 ./Core/Src/interrupts.o
 .debug_frame   0x0000000000000af0      0x178 ./Core/Src/lcd.o
 .debug_frame   0x0000000000000c68      0x128 ./Core/Src/main.o
 .debug_frame   0x0000000000000d90       0x34 ./Core/Src/sysmem.o
 .debug_frame   0x0000000000000dc4       0x58 ./Core/Src/system_stm32f4xx.o
 .debug_frame   0x0000000000000e1c       0xa4 ./Core/Src/systick_IR_ timer_lib.o
 .debug_frame   0x0000000000000ec0       0x20 /opt/st/stm32cubeide_1.8.0/plugins/com.st.stm32cube.ide.mcu.externaltools.gnu-tools-for-stm32.9-2020-q2-update.linux64_2.0.0.202105311346/tools/bin/../lib/gcc/arm-none-eabi/9.3.1/../../../../arm-none-eabi/lib/thumb/v7e-m+fp/hard/libc_nano.a(lib_a-errno.o)
 .debug_frame   0x0000000000000ee0       0x2c /opt/st/stm32cubeide_1.8.0/plugins/com.st.stm32cube.ide.mcu.externaltools.gnu-tools-for-stm32.9-2020-q2-update.linux64_2.0.0.202105311346/tools/bin/../lib/gcc/arm-none-eabi/9.3.1/../../../../arm-none-eabi/lib/thumb/v7e-m+fp/hard/libc_nano.a(lib_a-init.o)
 .debug_frame   0x0000000000000f0c       0x6c /opt/st/stm32cubeide_1.8.0/plugins/com.st.stm32cube.ide.mcu.externaltools.gnu-tools-for-stm32.9-2020-q2-update.linux64_2.0.0.202105311346/tools/bin/../lib/gcc/arm-none-eabi/9.3.1/../../../../arm-none-eabi/lib/thumb/v7e-m+fp/hard/libc_nano.a(lib_a-sprintf.o)
 .debug_frame   0x0000000000000f78       0x28 /opt/st/stm32cubeide_1.8.0/plugins/com.st.stm32cube.ide.mcu.externaltools.gnu-tools-for-stm32.9-2020-q2-update.linux64_2.0.0.202105311346/tools/bin/../lib/gcc/arm-none-eabi/9.3.1/../../../../arm-none-eabi/lib/thumb/v7e-m+fp/hard/libc_nano.a(lib_a-strcat.o)
 .debug_frame   0x0000000000000fa0       0x90 /opt/st/stm32cubeide_1.8.0/plugins/com.st.stm32cube.ide.mcu.externaltools.gnu-tools-for-stm32.9-2020-q2-update.linux64_2.0.0.202105311346/tools/bin/../lib/gcc/arm-none-eabi/9.3.1/../../../../arm-none-eabi/lib/thumb/v7e-m+fp/hard/libc_nano.a(lib_a-nano-svfprintf.o)
 .debug_frame   0x0000000000001030       0x60 /opt/st/stm32cubeide_1.8.0/plugins/com.st.stm32cube.ide.mcu.externaltools.gnu-tools-for-stm32.9-2020-q2-update.linux64_2.0.0.202105311346/tools/bin/../lib/gcc/arm-none-eabi/9.3.1/../../../../arm-none-eabi/lib/thumb/v7e-m+fp/hard/libc_nano.a(lib_a-nano-vfprintf_i.o)
 .debug_frame   0x0000000000001090       0x28 /opt/st/stm32cubeide_1.8.0/plugins/com.st.stm32cube.ide.mcu.externaltools.gnu-tools-for-stm32.9-2020-q2-update.linux64_2.0.0.202105311346/tools/bin/../lib/gcc/arm-none-eabi/9.3.1/../../../../arm-none-eabi/lib/thumb/v7e-m+fp/hard/libc_nano.a(lib_a-memcpy-stub.o)
 .debug_frame   0x00000000000010b8       0x28 /opt/st/stm32cubeide_1.8.0/plugins/com.st.stm32cube.ide.mcu.externaltools.gnu-tools-for-stm32.9-2020-q2-update.linux64_2.0.0.202105311346/tools/bin/../lib/gcc/arm-none-eabi/9.3.1/../../../../arm-none-eabi/lib/thumb/v7e-m+fp/hard/libc_nano.a(lib_a-memmove.o)
 .debug_frame   0x00000000000010e0       0x38 /opt/st/stm32cubeide_1.8.0/plugins/com.st.stm32cube.ide.mcu.externaltools.gnu-tools-for-stm32.9-2020-q2-update.linux64_2.0.0.202105311346/tools/bin/../lib/gcc/arm-none-eabi/9.3.1/../../../../arm-none-eabi/lib/thumb/v7e-m+fp/hard/libc_nano.a(lib_a-nano-freer.o)
 .debug_frame   0x0000000000001118       0x30 /opt/st/stm32cubeide_1.8.0/plugins/com.st.stm32cube.ide.mcu.externaltools.gnu-tools-for-stm32.9-2020-q2-update.linux64_2.0.0.202105311346/tools/bin/../lib/gcc/arm-none-eabi/9.3.1/../../../../arm-none-eabi/lib/thumb/v7e-m+fp/hard/libc_nano.a(lib_a-nano-mallocr.o)
 .debug_frame   0x0000000000001148       0x3c /opt/st/stm32cubeide_1.8.0/plugins/com.st.stm32cube.ide.mcu.externaltools.gnu-tools-for-stm32.9-2020-q2-update.linux64_2.0.0.202105311346/tools/bin/../lib/gcc/arm-none-eabi/9.3.1/../../../../arm-none-eabi/lib/thumb/v7e-m+fp/hard/libc_nano.a(lib_a-nano-reallocr.o)
 .debug_frame   0x0000000000001184       0x2c /opt/st/stm32cubeide_1.8.0/plugins/com.st.stm32cube.ide.mcu.externaltools.gnu-tools-for-stm32.9-2020-q2-update.linux64_2.0.0.202105311346/tools/bin/../lib/gcc/arm-none-eabi/9.3.1/../../../../arm-none-eabi/lib/thumb/v7e-m+fp/hard/libc_nano.a(lib_a-sbrkr.o)
 .debug_frame   0x00000000000011b0       0x30 /opt/st/stm32cubeide_1.8.0/plugins/com.st.stm32cube.ide.mcu.externaltools.gnu-tools-for-stm32.9-2020-q2-update.linux64_2.0.0.202105311346/tools/bin/../lib/gcc/arm-none-eabi/9.3.1/../../../../arm-none-eabi/lib/thumb/v7e-m+fp/hard/libc_nano.a(lib_a-mlock.o)
 .debug_frame   0x00000000000011e0       0x20 /opt/st/stm32cubeide_1.8.0/plugins/com.st.stm32cube.ide.mcu.externaltools.gnu-tools-for-stm32.9-2020-q2-update.linux64_2.0.0.202105311346/tools/bin/../lib/gcc/arm-none-eabi/9.3.1/../../../../arm-none-eabi/lib/thumb/v7e-m+fp/hard/libc_nano.a(lib_a-nano-msizer.o)
 .debug_frame   0x0000000000001200       0x5c /opt/st/stm32cubeide_1.8.0/plugins/com.st.stm32cube.ide.mcu.externaltools.gnu-tools-for-stm32.9-2020-q2-update.linux64_2.0.0.202105311346/tools/bin/../lib/gcc/arm-none-eabi/9.3.1/../../../../arm-none-eabi/lib/thumb/v7e-m+fp/hard/libc_nano.a(lib_a-reent.o)
 .debug_frame   0x000000000000125c       0xb0 /opt/st/stm32cubeide_1.8.0/plugins/com.st.stm32cube.ide.mcu.externaltools.gnu-tools-for-stm32.9-2020-q2-update.linux64_2.0.0.202105311346/tools/bin/../lib/gcc/arm-none-eabi/9.3.1/../../../../arm-none-eabi/lib/thumb/v7e-m+fp/hard/libc_nano.a(lib_a-lock.o)
 .debug_frame   0x000000000000130c      0x14c /opt/st/stm32cubeide_1.8.0/plugins/com.st.stm32cube.ide.mcu.externaltools.gnu-tools-for-stm32.9-2020-q2-update.linux64_2.0.0.202105311346/tools/bin/../lib/gcc/arm-none-eabi/9.3.1/../../../../arm-none-eabi/lib/thumb/v7e-m+fp/hard/libc_nano.a(lib_a-findfp.o)
