Archive member included to satisfy reference by file (symbol)

/opt/st/stm32cubeide_1.7.0/plugins/com.st.stm32cube.ide.mcu.externaltools.gnu-tools-for-stm32.9-2020-q2-update.linux64_2.0.0.202105311346/tools/bin/../lib/gcc/arm-none-eabi/9.3.1/../../../../arm-none-eabi/lib/thumb/v7e-m+fp/hard/libc_nano.a(lib_a-errno.o)
                              ./Core/Src/sysmem.o (__errno)
/opt/st/stm32cubeide_1.7.0/plugins/com.st.stm32cube.ide.mcu.externaltools.gnu-tools-for-stm32.9-2020-q2-update.linux64_2.0.0.202105311346/tools/bin/../lib/gcc/arm-none-eabi/9.3.1/../../../../arm-none-eabi/lib/thumb/v7e-m+fp/hard/libc_nano.a(lib_a-exit.o)
                              /opt/st/stm32cubeide_1.7.0/plugins/com.st.stm32cube.ide.mcu.externaltools.gnu-tools-for-stm32.9-2020-q2-update.linux64_2.0.0.202105311346/tools/bin/../lib/gcc/arm-none-eabi/9.3.1/../../../../arm-none-eabi/lib/thumb/v7e-m+fp/hard/rdimon-crt0.o (exit)
/opt/st/stm32cubeide_1.7.0/plugins/com.st.stm32cube.ide.mcu.externaltools.gnu-tools-for-stm32.9-2020-q2-update.linux64_2.0.0.202105311346/tools/bin/../lib/gcc/arm-none-eabi/9.3.1/../../../../arm-none-eabi/lib/thumb/v7e-m+fp/hard/libc_nano.a(lib_a-impure.o)
                              /opt/st/stm32cubeide_1.7.0/plugins/com.st.stm32cube.ide.mcu.externaltools.gnu-tools-for-stm32.9-2020-q2-update.linux64_2.0.0.202105311346/tools/bin/../lib/gcc/arm-none-eabi/9.3.1/../../../../arm-none-eabi/lib/thumb/v7e-m+fp/hard/libc_nano.a(lib_a-exit.o) (_global_impure_ptr)
/opt/st/stm32cubeide_1.7.0/plugins/com.st.stm32cube.ide.mcu.externaltools.gnu-tools-for-stm32.9-2020-q2-update.linux64_2.0.0.202105311346/tools/bin/../lib/gcc/arm-none-eabi/9.3.1/../../../../arm-none-eabi/lib/thumb/v7e-m+fp/hard/libc_nano.a(lib_a-init.o)
                              /opt/st/stm32cubeide_1.7.0/plugins/com.st.stm32cube.ide.mcu.externaltools.gnu-tools-for-stm32.9-2020-q2-update.linux64_2.0.0.202105311346/tools/bin/../lib/gcc/arm-none-eabi/9.3.1/../../../../arm-none-eabi/lib/thumb/v7e-m+fp/hard/rdimon-crt0.o (__libc_init_array)
/opt/st/stm32cubeide_1.7.0/plugins/com.st.stm32cube.ide.mcu.externaltools.gnu-tools-for-stm32.9-2020-q2-update.linux64_2.0.0.202105311346/tools/bin/../lib/gcc/arm-none-eabi/9.3.1/../../../../arm-none-eabi/lib/thumb/v7e-m+fp/hard/libc_nano.a(lib_a-memset.o)
                              /opt/st/stm32cubeide_1.7.0/plugins/com.st.stm32cube.ide.mcu.externaltools.gnu-tools-for-stm32.9-2020-q2-update.linux64_2.0.0.202105311346/tools/bin/../lib/gcc/arm-none-eabi/9.3.1/../../../../arm-none-eabi/lib/thumb/v7e-m+fp/hard/rdimon-crt0.o (memset)
/opt/st/stm32cubeide_1.7.0/plugins/com.st.stm32cube.ide.mcu.externaltools.gnu-tools-for-stm32.9-2020-q2-update.linux64_2.0.0.202105311346/tools/bin/../lib/gcc/arm-none-eabi/9.3.1/../../../../arm-none-eabi/lib/thumb/v7e-m+fp/hard/libc_nano.a(lib_a-printf.o)
                              ./Core/Src/clocks_lib.o (printf)
/opt/st/stm32cubeide_1.7.0/plugins/com.st.stm32cube.ide.mcu.externaltools.gnu-tools-for-stm32.9-2020-q2-update.linux64_2.0.0.202105311346/tools/bin/../lib/gcc/arm-none-eabi/9.3.1/../../../../arm-none-eabi/lib/thumb/v7e-m+fp/hard/libc_nano.a(lib_a-puts.o)
                              ./Core/Src/main.o (puts)
/opt/st/stm32cubeide_1.7.0/plugins/com.st.stm32cube.ide.mcu.externaltools.gnu-tools-for-stm32.9-2020-q2-update.linux64_2.0.0.202105311346/tools/bin/../lib/gcc/arm-none-eabi/9.3.1/../../../../arm-none-eabi/lib/thumb/v7e-m+fp/hard/libc_nano.a(lib_a-wbuf.o)
                              /opt/st/stm32cubeide_1.7.0/plugins/com.st.stm32cube.ide.mcu.externaltools.gnu-tools-for-stm32.9-2020-q2-update.linux64_2.0.0.202105311346/tools/bin/../lib/gcc/arm-none-eabi/9.3.1/../../../../arm-none-eabi/lib/thumb/v7e-m+fp/hard/libc_nano.a(lib_a-puts.o) (__swbuf_r)
/opt/st/stm32cubeide_1.7.0/plugins/com.st.stm32cube.ide.mcu.externaltools.gnu-tools-for-stm32.9-2020-q2-update.linux64_2.0.0.202105311346/tools/bin/../lib/gcc/arm-none-eabi/9.3.1/../../../../arm-none-eabi/lib/thumb/v7e-m+fp/hard/libc_nano.a(lib_a-wsetup.o)
                              /opt/st/stm32cubeide_1.7.0/plugins/com.st.stm32cube.ide.mcu.externaltools.gnu-tools-for-stm32.9-2020-q2-update.linux64_2.0.0.202105311346/tools/bin/../lib/gcc/arm-none-eabi/9.3.1/../../../../arm-none-eabi/lib/thumb/v7e-m+fp/hard/libc_nano.a(lib_a-puts.o) (__swsetup_r)
/opt/st/stm32cubeide_1.7.0/plugins/com.st.stm32cube.ide.mcu.externaltools.gnu-tools-for-stm32.9-2020-q2-update.linux64_2.0.0.202105311346/tools/bin/../lib/gcc/arm-none-eabi/9.3.1/../../../../arm-none-eabi/lib/thumb/v7e-m+fp/hard/libc_nano.a(lib_a-fflush.o)
                              /opt/st/stm32cubeide_1.7.0/plugins/com.st.stm32cube.ide.mcu.externaltools.gnu-tools-for-stm32.9-2020-q2-update.linux64_2.0.0.202105311346/tools/bin/../lib/gcc/arm-none-eabi/9.3.1/../../../../arm-none-eabi/lib/thumb/v7e-m+fp/hard/libc_nano.a(lib_a-wbuf.o) (_fflush_r)
[...]
Memory Configuration

Name             Origin             Length             Attributes
RAM              0x0000000020000000 0x0000000000018000 xrw
FLASH            0x0000000008000000 0x0000000000080000 xr
*default*        0x0000000000000000 0xffffffffffffffff

Linker script and memory map

LOAD /opt/st/stm32cubeide_1.7.0/plugins/com.st.stm32cube.ide.mcu.externaltools.gnu-tools-for-stm32.9-2020-q2-update.linux64_2.0.0.202105311346/tools/bin/../lib/gcc/arm-none-eabi/9.3.1/thumb/v7e-m+fp/hard/crti.o
LOAD /opt/st/stm32cubeide_1.7.0/plugins/com.st.stm32cube.ide.mcu.externaltools.gnu-tools-for-stm32.9-2020-q2-update.linux64_2.0.0.202105311346/tools/bin/../lib/gcc/arm-none-eabi/9.3.1/thumb/v7e-m+fp/hard/crtbegin.o
LOAD /opt/st/stm32cubeide_1.7.0/plugins/com.st.stm32cube.ide.mcu.externaltools.gnu-tools-for-stm32.9-2020-q2-update.linux64_2.0.0.202105311346/tools/bin/../lib/gcc/arm-none-eabi/9.3.1/../../../../arm-none-eabi/lib/thumb/v7e-m+fp/hard/rdimon-crt0.o
LOAD ./Core/Src/EXTI_lib.o
LOAD ./Core/Src/GPIO_Lib.o
LOAD ./Core/Src/NVIC_lib.o
LOAD ./Core/Src/UART_lib.o
LOAD ./Core/Src/clocks_lib.o
LOAD ./Core/Src/delay_timer_lib.o
LOAD ./Core/Src/dht22.o
LOAD ./Core/Src/lcd.o
LOAD ./Core/Src/main.o
LOAD ./Core/Src/sysmem.o
LOAD ./Core/Src/system_stm32f4xx.o
LOAD ./Core/Src/systick_IR_ timer_lib.o
LOAD ./Core/Src/weather_sensor.o
LOAD ./Core/Startup/startup_stm32f401retx.o
LOAD /opt/st/stm32cubeide_1.7.0/plugins/com.st.stm32cube.ide.mcu.externaltools.gnu-tools-for-stm32.9-2020-q2-update.linux64_2.0.0.202105311346/tools/bin/../lib/gcc/arm-none-eabi/9.3.1/../../../../arm-none-eabi/lib/thumb/v7e-m+fp/hard/libc_nano.a
LOAD /opt/st/stm32cubeide_1.7.0/plugins/com.st.stm32cube.ide.mcu.externaltools.gnu-tools-for-stm32.9-2020-q2-update.linux64_2.0.0.202105311346/tools/bin/../lib/gcc/arm-none-eabi/9.3.1/../../../../arm-none-eabi/lib/thumb/v7e-m+fp/hard/librdimon_nano.a
START GROUP
LOAD /opt/st/stm32cubeide_1.7.0/plugins/com.st.stm32cube.ide.mcu.externaltools.gnu-tools-for-stm32.9-2020-q2-update.linux64_2.0.0.202105311346/tools/bin/../lib/gcc/arm-none-eabi/9.3.1/../../../../arm-none-eabi/lib/thumb/v7e-m+fp/hard/libc_nano.a
LOAD /opt/st/stm32cubeide_1.7.0/plugins/com.st.stm32cube.ide.mcu.externaltools.gnu-tools-for-stm32.9-2020-q2-update.linux64_2.0.0.202105311346/tools/bin/../lib/gcc/arm-none-eabi/9.3.1/../../../../arm-none-eabi/lib/thumb/v7e-m+fp/hard/libm.a
END GROUP
START GROUP
LOAD /opt/st/stm32cubeide_1.7.0/plugins/com.st.stm32cube.ide.mcu.externaltools.gnu-tools-for-stm32.9-2020-q2-update.linux64_2.0.0.202105311346/tools/bin/../lib/gcc/arm-none-eabi/9.3.1/thumb/v7e-m+fp/hard/libgcc.a
LOAD /opt/st/stm32cubeide_1.7.0/plugins/com.st.stm32cube.ide.mcu.externaltools.gnu-tools-for-stm32.9-2020-q2-update.linux64_2.0.0.202105311346/tools/bin/../lib/gcc/arm-none-eabi/9.3.1/../../../../arm-none-eabi/lib/thumb/v7e-m+fp/hard/libc_nano.a
END GROUP
START GROUP
LOAD /opt/st/stm32cubeide_1.7.0/plugins/com.st.stm32cube.ide.mcu.externaltools.gnu-tools-for-stm32.9-2020-q2-update.linux64_2.0.0.202105311346/tools/bin/../lib/gcc/arm-none-eabi/9.3.1/thumb/v7e-m+fp/hard/libgcc.a
LOAD /opt/st/stm32cubeide_1.7.0/plugins/com.st.stm32cube.ide.mcu.externaltools.gnu-tools-for-stm32.9-2020-q2-update.linux64_2.0.0.202105311346/tools/bin/../lib/gcc/arm-none-eabi/9.3.1/../../../../arm-none-eabi/lib/thumb/v7e-m+fp/hard/libc_nano.a
LOAD /opt/st/stm32cubeide_1.7.0/plugins/com.st.stm32cube.ide.mcu.externaltools.gnu-tools-for-stm32.9-2020-q2-update.linux64_2.0.0.202105311346/tools/bin/../lib/gcc/arm-none-eabi/9.3.1/../../../../arm-none-eabi/lib/thumb/v7e-m+fp/hard/libnosys.a
END GROUP
START GROUP
LOAD /opt/st/stm32cubeide_1.7.0/plugins/com.st.stm32cube.ide.mcu.externaltools.gnu-tools-for-stm32.9-2020-q2-update.linux64_2.0.0.202105311346/tools/bin/../lib/gcc/arm-none-eabi/9.3.1/thumb/v7e-m+fp/hard/libgcc.a
LOAD /opt/st/stm32cubeide_1.7.0/plugins/com.st.stm32cube.ide.mcu.externaltools.gnu-tools-for-stm32.9-2020-q2-update.linux64_2.0.0.202105311346/tools/bin/../lib/gcc/arm-none-eabi/9.3.1/../../../../arm-none-eabi/lib/thumb/v7e-m+fp/hard/libc_nano.a
LOAD /opt/st/stm32cubeide_1.7.0/plugins/com.st.stm32cube.ide.mcu.externaltools.gnu-tools-for-stm32.9-2020-q2-update.linux64_2.0.0.202105311346/tools/bin/../lib/gcc/arm-none-eabi/9.3.1/../../../../arm-none-eabi/lib/thumb/v7e-m+fp/hard/librdimon_nano.a
END GROUP
START GROUP
LOAD /opt/st/stm32cubeide_1.7.0/plugins/com.st.stm32cube.ide.mcu.externaltools.gnu-tools-for-stm32.9-2020-q2-update.linux64_2.0.0.202105311346/tools/bin/../lib/gcc/arm-none-eabi/9.3.1/thumb/v7e-m+fp/hard/libgcc.a
LOAD /opt/st/stm32cubeide_1.7.0/plugins/com.st.stm32cube.ide.mcu.externaltools.gnu-tools-for-stm32.9-2020-q2-update.linux64_2.0.0.202105311346/tools/bin/../lib/gcc/arm-none-eabi/9.3.1/../../../../arm-none-eabi/lib/thumb/v7e-m+fp/hard/libc_nano.a
LOAD /opt/st/stm32cubeide_1.7.0/plugins/com.st.stm32cube.ide.mcu.externaltools.gnu-tools-for-stm32.9-2020-q2-update.linux64_2.0.0.202105311346/tools/bin/../lib/gcc/arm-none-eabi/9.3.1/../../../../arm-none-eabi/lib/thumb/v7e-m+fp/hard/librdimon_nano.a
LOAD /opt/st/stm32cubeide_1.7.0/plugins/com.st.stm32cube.ide.mcu.externaltools.gnu-tools-for-stm32.9-2020-q2-update.linux64_2.0.0.202105311346/tools/bin/../lib/gcc/arm-none-eabi/9.3.1/../../../../arm-none-eabi/lib/thumb/v7e-m+fp/hard/libnosys.a
END GROUP
LOAD /opt/st/stm32cubeide_1.7.0/plugins/com.st.stm32cube.ide.mcu.externaltools.gnu-tools-for-stm32.9-2020-q2-update.linux64_2.0.0.202105311346/tools/bin/../lib/gcc/arm-none-eabi/9.3.1/thumb/v7e-m+fp/hard/crtend.o
LOAD /opt/st/stm32cubeide_1.7.0/plugins/com.st.stm32cube.ide.mcu.externaltools.gnu-tools-for-stm32.9-2020-q2-update.linux64_2.0.0.202105311346/tools/bin/../lib/gcc/arm-none-eabi/9.3.1/thumb/v7e-m+fp/hard/crtn.o
                0x0000000020018000                _estack = (ORIGIN (RAM) + LENGTH (RAM))
                0x0000000000000200                _Min_Heap_Size = 0x200
                0x0000000000000400                _Min_Stack_Size = 0x400

.isr_vector     0x0000000008000000      0x194
                0x0000000008000000                . = ALIGN (0x4)
 *(.isr_vector)
 .isr_vector    0x0000000008000000      0x194 ./Core/Startup/startup_stm32f401retx.o
                0x0000000008000000                g_pfnVectors
                0x0000000008000194                . = ALIGN (0x4)

.text           0x00000000080001a0     0x1cac
                0x00000000080001a0                . = ALIGN (0x4)
 *(.text)
 .text          0x00000000080001a0       0x40 /opt/st/stm32cubeide_1.7.0/plugins/com.st.stm32cube.ide.mcu.externaltools.gnu-tools-for-stm32.9-2020-q2-update.linux64_2.0.0.202105311346/tools/bin/../lib/gcc/arm-none-eabi/9.3.1/thumb/v7e-m+fp/hard/crtbegin.o
 .text          0x00000000080001e0       0xa0 /opt/st/stm32cubeide_1.7.0/plugins/com.st.stm32cube.ide.mcu.externaltools.gnu-tools-for-stm32.9-2020-q2-update.linux64_2.0.0.202105311346/tools/bin/../lib/gcc/arm-none-eabi/9.3.1/../../../../arm-none-eabi/lib/thumb/v7e-m+fp/hard/libc_nano.a(lib_a-memchr.o)
                0x00000000080001e0                memchr
 .text          0x0000000008000280       0x10 /opt/st/stm32cubeide_1.7.0/plugins/com.st.stm32cube.ide.mcu.externaltools.gnu-tools-for-stm32.9-2020-q2-update.linux64_2.0.0.202105311346/tools/bin/../lib/gcc/arm-none-eabi/9.3.1/../../../../arm-none-eabi/lib/thumb/v7e-m+fp/hard/libc_nano.a(lib_a-strlen.o)
                0x0000000008000280                strlen
 *(.text*)
 .text.enable_GPIOx_clock
                0x0000000008000290       0xb4 ./Core/Src/GPIO_Lib.o
 .text.init_pin
                0x0000000008000344       0x4c ./Core/Src/GPIO_Lib.o
                0x0000000008000344                init_pin
 .text.set_input
                0x0000000008000390       0xa4 ./Core/Src/GPIO_Lib.o
                0x0000000008000390                set_input
 .text.set_output
                0x0000000008000434       0x7a ./Core/Src/GPIO_Lib.o
                0x0000000008000434                set_output
 .text.read_pin
                0x00000000080004ae       0x34 ./Core/Src/GPIO_Lib.o
                0x00000000080004ae                read_pin
 .text.toggle_pin
                0x00000000080004e2       0x2e ./Core/Src/GPIO_Lib.o
                0x00000000080004e2                toggle_pin
 .text.select_clk_source
                0x0000000008000510       0x28 ./Core/Src/clocks_lib.o
 .text.get_PLLP
                0x0000000008000538       0x54 ./Core/Src/clocks_lib.o
 .text.calculate_PLL_clk
                0x000000000800058c       0x3a ./Core/Src/clocks_lib.o
 *fill*         0x00000000080005c6        0x2 
 .text.init_SYSCLK_PLL
                0x00000000080005c8      0x138 ./Core/Src/clocks_lib.o
                0x00000000080005c8                init_SYSCLK_PLL
 .text.init_peripheral_prescalers
                0x0000000008000700       0x54 ./Core/Src/clocks_lib.o
                0x0000000008000700                init_peripheral_prescalers
 .text.SysTick_Handler
                0x0000000008000754       0x18 ./Core/Src/main.o
                0x0000000008000754                SysTick_Handler
 .text.EXTI15_10_IRQHandler
                0x000000000800076c       0x24 ./Core/Src/main.o
                0x000000000800076c                EXTI15_10_IRQHandler
 .text.enable_FPU
                0x0000000008000790       0x28 ./Core/Src/main.o
                0x0000000008000790                enable_FPU
 .text.main     0x00000000080007b8       0x44 ./Core/Src/main.o
                0x00000000080007b8                main
 .text._sbrk    0x00000000080007fc       0x6c ./Core/Src/sysmem.o
                0x00000000080007fc                _sbrk
 .text.SystemInit
                0x0000000008000868       0x24 ./Core/Src/system_stm32f4xx.o
                0x0000000008000868                SystemInit
 .text.Reset_Handler
                0x000000000800088c       0x50 ./Core/Startup/startup_stm32f401retx.o
                0x000000000800088c                Reset_Handler
 .text.Default_Handler
                0x00000000080008dc        0x2 ./Core/Startup/startup_stm32f401retx.o
                0x00000000080008dc                RTC_Alarm_IRQHandler
                0x00000000080008dc                EXTI2_IRQHandler
                0x00000000080008dc                DebugMon_Handler
                0x00000000080008dc                SPI4_IRQHandler
                0x00000000080008dc                TIM1_CC_IRQHandler
                0x00000000080008dc                DMA2_Stream5_IRQHandler
                0x00000000080008dc                HardFault_Handler
                0x00000000080008dc                DMA1_Stream5_IRQHandler
                0x00000000080008dc                PVD_IRQHandler
                0x00000000080008dc                SDIO_IRQHandler
                0x00000000080008dc                TAMP_STAMP_IRQHandler
                0x00000000080008dc                PendSV_Handler
                0x00000000080008dc                NMI_Handler
                0x00000000080008dc                EXTI3_IRQHandler
                0x00000000080008dc                TIM1_UP_TIM10_IRQHandler
                0x00000000080008dc                I2C3_ER_IRQHandler
                0x00000000080008dc                EXTI0_IRQHandler
                0x00000000080008dc                I2C2_EV_IRQHandler
                0x00000000080008dc                DMA1_Stream2_IRQHandler
                0x00000000080008dc                FPU_IRQHandler
                0x00000000080008dc                UsageFault_Handler
                0x00000000080008dc                DMA2_Stream2_IRQHandler
                0x00000000080008dc                SPI1_IRQHandler
                0x00000000080008dc                TIM1_BRK_TIM9_IRQHandler
                0x00000000080008dc                DMA2_Stream3_IRQHandler
                0x00000000080008dc                USART6_IRQHandler
                0x00000000080008dc                DMA2_Stream0_IRQHandler
                0x00000000080008dc                TIM4_IRQHandler
                0x00000000080008dc                I2C1_EV_IRQHandler
                0x00000000080008dc                DMA1_Stream6_IRQHandler
                0x00000000080008dc                DMA1_Stream1_IRQHandler
                0x00000000080008dc                TIM3_IRQHandler
                0x00000000080008dc                RCC_IRQHandler
                0x00000000080008dc                Default_Handler
                0x00000000080008dc                ADC_IRQHandler
                0x00000000080008dc                DMA1_Stream7_IRQHandler
                0x00000000080008dc                TIM5_IRQHandler
                0x00000000080008dc                DMA2_Stream7_IRQHandler
                0x00000000080008dc                I2C3_EV_IRQHandler
                0x00000000080008dc                EXTI9_5_IRQHandler
                0x00000000080008dc                RTC_WKUP_IRQHandler
                0x00000000080008dc                SPI2_IRQHandler
                0x00000000080008dc                MemManage_Handler
                0x00000000080008dc                DMA1_Stream0_IRQHandler
                0x00000000080008dc                SVC_Handler
                0x00000000080008dc                EXTI4_IRQHandler
                0x00000000080008dc                WWDG_IRQHandler
                0x00000000080008dc                TIM2_IRQHandler
                0x00000000080008dc                OTG_FS_WKUP_IRQHandler
                0x00000000080008dc                TIM1_TRG_COM_TIM11_IRQHandler
                0x00000000080008dc                EXTI1_IRQHandler
                0x00000000080008dc                USART2_IRQHandler
                0x00000000080008dc                I2C2_ER_IRQHandler
                0x00000000080008dc                DMA2_Stream1_IRQHandler
                0x00000000080008dc                FLASH_IRQHandler
                0x00000000080008dc                DMA2_Stream4_IRQHandler
                0x00000000080008dc                BusFault_Handler
                0x00000000080008dc                USART1_IRQHandler
                0x00000000080008dc                OTG_FS_IRQHandler
                0x00000000080008dc                SPI3_IRQHandler
                0x00000000080008dc                DMA1_Stream4_IRQHandler
                0x00000000080008dc                I2C1_ER_IRQHandler
                0x00000000080008dc                DMA2_Stream6_IRQHandler
                0x00000000080008dc                DMA1_Stream3_IRQHandler
 *fill*         0x00000000080008de        0x2 
 .text.__errno  0x00000000080008e0        0xc /opt/st/stm32cubeide_1.7.0/plugins/com.st.stm32cube.ide.mcu.externaltools.gnu-tools-for-stm32.9-2020-q2-update.linux64_2.0.0.202105311346/tools/bin/../lib/gcc/arm-none-eabi/9.3.1/../../../../arm-none-eabi/lib/thumb/v7e-m+fp/hard/libc_nano.a(lib_a-errno.o)
                0x00000000080008e0                __errno
 .text.__libc_init_array
                0x00000000080008ec       0x48 /opt/st/stm32cubeide_1.7.0/plugins/com.st.stm32cube.ide.mcu.externaltools.gnu-tools-for-stm32.9-2020-q2-update.linux64_2.0.0.202105311346/tools/bin/../lib/gcc/arm-none-eabi/9.3.1/../../../../arm-none-eabi/lib/thumb/v7e-m+fp/hard/libc_nano.a(lib_a-init.o)
                0x00000000080008ec                __libc_init_array
 .text.memset   0x0000000008000934       0x10 /opt/st/stm32cubeide_1.7.0/plugins/com.st.stm32cube.ide.mcu.externaltools.gnu-tools-for-stm32.9-2020-q2-update.linux64_2.0.0.202105311346/tools/bin/../lib/gcc/arm-none-eabi/9.3.1/../../../../arm-none-eabi/lib/thumb/v7e-m+fp/hard/libc_nano.a(lib_a-memset.o)
                0x0000000008000934                memset
 .text.printf   0x0000000008000944       0x30 /opt/st/stm32cubeide_1.7.0/plugins/com.st.stm32cube.ide.mcu.externaltools.gnu-tools-for-stm32.9-2020-q2-update.linux64_2.0.0.202105311346/tools/bin/../lib/gcc/arm-none-eabi/9.3.1/../../../../arm-none-eabi/lib/thumb/v7e-m+fp/hard/libc_nano.a(lib_a-printf.o)
                0x0000000008000944                printf
                0x0000000008000944                iprintf
 .text._puts_r  0x0000000008000974       0xdc /opt/st/stm32cubeide_1.7.0/plugins/com.st.stm32cube.ide.mcu.externaltools.gnu-tools-for-stm32.9-2020-q2-update.linux64_2.0.0.202105311346/tools/bin/../lib/gcc/arm-none-eabi/9.3.1/../../../../arm-none-eabi/lib/thumb/v7e-m+fp/hard/libc_nano.a(lib_a-puts.o)
                0x0000000008000974                _puts_r
 .text.puts     0x0000000008000a50       0x10 /opt/st/stm32cubeide_1.7.0/plugins/com.st.stm32cube.ide.mcu.externaltools.gnu-tools-for-stm32.9-2020-q2-update.linux64_2.0.0.202105311346/tools/bin/../lib/gcc/arm-none-eabi/9.3.1/../../../../arm-none-eabi/lib/thumb/v7e-m+fp/hard/libc_nano.a(lib_a-puts.o)
                0x0000000008000a50                puts
 .text.__swbuf_r
                0x0000000008000a60       0xa4 /opt/st/stm32cubeide_1.7.0/plugins/com.st.stm32cube.ide.mcu.externaltools.gnu-tools-for-stm32.9-2020-q2-update.linux64_2.0.0.202105311346/tools/bin/../lib/gcc/arm-none-eabi/9.3.1/../../../../arm-none-eabi/lib/thumb/v7e-m+fp/hard/libc_nano.a(lib_a-wbuf.o)
                0x0000000008000a60                __swbuf_r
 .text.__swsetup_r
                0x0000000008000b04       0xdc /opt/st/stm32cubeide_1.7.0/plugins/com.st.stm32cube.ide.mcu.externaltools.gnu-tools-for-stm32.9-2020-q2-update.linux64_2.0.0.202105311346/tools/bin/../lib/gcc/arm-none-eabi/9.3.1/../../../../arm-none-eabi/lib/thumb/v7e-m+fp/hard/libc_nano.a(lib_a-wsetup.o)
                0x0000000008000b04                __swsetup_r
 .text.__sflush_r
                0x0000000008000be0      0x10c /opt/st/stm32cubeide_1.7.0/plugins/com.st.stm32cube.ide.mcu.externaltools.gnu-tools-for-stm32.9-2020-q2-update.linux64_2.0.0.202105311346/tools/bin/../lib/gcc/arm-none-eabi/9.3.1/../../../../arm-none-eabi/lib/thumb/v7e-m+fp/hard/libc_nano.a(lib_a-fflush.o)
                0x0000000008000be0                __sflush_r
 .text._fflush_r
                0x0000000008000cec       0x78 /opt/st/stm32cubeide_1.7.0/plugins/com.st.stm32cube.ide.mcu.externaltools.gnu-tools-for-stm32.9-2020-q2-update.linux64_2.0.0.202105311346/tools/bin/../lib/gcc/arm-none-eabi/9.3.1/../../../../arm-none-eabi/lib/thumb/v7e-m+fp/hard/libc_nano.a(lib_a-fflush.o)
                0x0000000008000cec                _fflush_r
 .text.std      0x0000000008000d64       0x48 /opt/st/stm32cubeide_1.7.0/plugins/com.st.stm32cube.ide.mcu.externaltools.gnu-tools-for-stm32.9-2020-q2-update.linux64_2.0.0.202105311346/tools/bin/../lib/gcc/arm-none-eabi/9.3.1/../../../../arm-none-eabi/lib/thumb/v7e-m+fp/hard/libc_nano.a(lib_a-findfp.o)
 .text._cleanup_r
                0x0000000008000dac        0xc /opt/st/stm32cubeide_1.7.0/plugins/com.st.stm32cube.ide.mcu.externaltools.gnu-tools-for-stm32.9-2020-q2-update.linux64_2.0.0.202105311346/tools/bin/../lib/gcc/arm-none-eabi/9.3.1/../../../../arm-none-eabi/lib/thumb/v7e-m+fp/hard/libc_nano.a(lib_a-findfp.o)
                0x0000000008000dac                _cleanup_r
 .text.__sfmoreglue
                0x0000000008000db8       0x2c /opt/st/stm32cubeide_1.7.0/plugins/com.st.stm32cube.ide.mcu.externaltools.gnu-tools-for-stm32.9-2020-q2-update.linux64_2.0.0.202105311346/tools/bin/../lib/gcc/arm-none-eabi/9.3.1/../../../../arm-none-eabi/lib/thumb/v7e-m+fp/hard/libc_nano.a(lib_a-findfp.o)
                0x0000000008000db8                __sfmoreglue
 .text.__sfp_lock_acquire
                0x0000000008000de4        0xc /opt/st/stm32cubeide_1.7.0/plugins/com.st.stm32cube.ide.mcu.externaltools.gnu-tools-for-stm32.9-2020-q2-update.linux64_2.0.0.202105311346/tools/bin/../lib/gcc/arm-none-eabi/9.3.1/../../../../arm-none-eabi/lib/thumb/v7e-m+fp/hard/libc_nano.a(lib_a-findfp.o)
                0x0000000008000de4                __sfp_lock_acquire
 .text.__sfp_lock_release
                0x0000000008000df0        0xc /opt/st/stm32cubeide_1.7.0/plugins/com.st.stm32cube.ide.mcu.externaltools.gnu-tools-for-stm32.9-2020-q2-update.linux64_2.0.0.202105311346/tools/bin/../lib/gcc/arm-none-eabi/9.3.1/../../../../arm-none-eabi/lib/thumb/v7e-m+fp/hard/libc_nano.a(lib_a-findfp.o)
                0x0000000008000df0                __sfp_lock_release
 .text.__sinit_lock_acquire
                0x0000000008000dfc        0xc /opt/st/stm32cubeide_1.7.0/plugins/com.st.stm32cube.ide.mcu.externaltools.gnu-tools-for-stm32.9-2020-q2-update.linux64_2.0.0.202105311346/tools/bin/../lib/gcc/arm-none-eabi/9.3.1/../../../../arm-none-eabi/lib/thumb/v7e-m+fp/hard/libc_nano.a(lib_a-findfp.o)
                0x0000000008000dfc                __sinit_lock_acquire
 .text.__sinit_lock_release
                0x0000000008000e08        0xc /opt/st/stm32cubeide_1.7.0/plugins/com.st.stm32cube.ide.mcu.externaltools.gnu-tools-for-stm32.9-2020-q2-update.linux64_2.0.0.202105311346/tools/bin/../lib/gcc/arm-none-eabi/9.3.1/../../../../arm-none-eabi/lib/thumb/v7e-m+fp/hard/libc_nano.a(lib_a-findfp.o)
                0x0000000008000e08                __sinit_lock_release
 .text.__sinit  0x0000000008000e14       0x70 /opt/st/stm32cubeide_1.7.0/plugins/com.st.stm32cube.ide.mcu.externaltools.gnu-tools-for-stm32.9-2020-q2-update.linux64_2.0.0.202105311346/tools/bin/../lib/gcc/arm-none-eabi/9.3.1/../../../../arm-none-eabi/lib/thumb/v7e-m+fp/hard/libc_nano.a(lib_a-findfp.o)
                0x0000000008000e14                __sinit
 .text.__sfp    0x0000000008000e84       0x8c /opt/st/stm32cubeide_1.7.0/plugins/com.st.stm32cube.ide.mcu.externaltools.gnu-tools-for-stm32.9-2020-q2-update.linux64_2.0.0.202105311346/tools/bin/../lib/gcc/arm-none-eabi/9.3.1/../../../../arm-none-eabi/lib/thumb/v7e-m+fp/hard/libc_nano.a(lib_a-findfp.o)
                0x0000000008000e84                __sfp
 .text._fwalk_reent
                0x0000000008000f10       0x3e /opt/st/stm32cubeide_1.7.0/plugins/com.st.stm32cube.ide.mcu.externaltools.gnu-tools-for-stm32.9-2020-q2-update.linux64_2.0.0.202105311346/tools/bin/../lib/gcc/arm-none-eabi/9.3.1/../../../../arm-none-eabi/lib/thumb/v7e-m+fp/hard/libc_nano.a(lib_a-fwalk.o)
                0x0000000008000f10                _fwalk_reent
 .text.__retarget_lock_init_recursive
                0x0000000008000f4e        0x2 /opt/st/stm32cubeide_1.7.0/plugins/com.st.stm32cube.ide.mcu.externaltools.gnu-tools-for-stm32.9-2020-q2-update.linux64_2.0.0.202105311346/tools/bin/../lib/gcc/arm-none-eabi/9.3.1/../../../../arm-none-eabi/lib/thumb/v7e-m+fp/hard/libc_nano.a(lib_a-lock.o)
                0x0000000008000f4e                __retarget_lock_init_recursive
 .text.__retarget_lock_acquire_recursive
                0x0000000008000f50        0x2 /opt/st/stm32cubeide_1.7.0/plugins/com.st.stm32cube.ide.mcu.externaltools.gnu-tools-for-stm32.9-2020-q2-update.linux64_2.0.0.202105311346/tools/bin/../lib/gcc/arm-none-eabi/9.3.1/../../../../arm-none-eabi/lib/thumb/v7e-m+fp/hard/libc_nano.a(lib_a-lock.o)
                0x0000000008000f50                __retarget_lock_acquire_recursive
 .text.__retarget_lock_release_recursive
                0x0000000008000f52        0x2 /opt/st/stm32cubeide_1.7.0/plugins/com.st.stm32cube.ide.mcu.externaltools.gnu-tools-for-stm32.9-2020-q2-update.linux64_2.0.0.202105311346/tools/bin/../lib/gcc/arm-none-eabi/9.3.1/../../../../arm-none-eabi/lib/thumb/v7e-m+fp/hard/libc_nano.a(lib_a-lock.o)
                0x0000000008000f52                __retarget_lock_release_recursive
 .text.__swhatbuf_r
                0x0000000008000f54       0x48 /opt/st/stm32cubeide_1.7.0/plugins/com.st.stm32cube.ide.mcu.externaltools.gnu-tools-for-stm32.9-2020-q2-update.linux64_2.0.0.202105311346/tools/bin/../lib/gcc/arm-none-eabi/9.3.1/../../../../arm-none-eabi/lib/thumb/v7e-m+fp/hard/libc_nano.a(lib_a-makebuf.o)
                0x0000000008000f54                __swhatbuf_r
 .text.__smakebuf_r
                0x0000000008000f9c       0x80 /opt/st/stm32cubeide_1.7.0/plugins/com.st.stm32cube.ide.mcu.externaltools.gnu-tools-for-stm32.9-2020-q2-update.linux64_2.0.0.202105311346/tools/bin/../lib/gcc/arm-none-eabi/9.3.1/../../../../arm-none-eabi/lib/thumb/v7e-m+fp/hard/libc_nano.a(lib_a-makebuf.o)
                0x0000000008000f9c                __smakebuf_r
 .text._free_r  0x000000000800101c       0xa0 /opt/st/stm32cubeide_1.7.0/plugins/com.st.stm32cube.ide.mcu.externaltools.gnu-tools-for-stm32.9-2020-q2-update.linux64_2.0.0.202105311346/tools/bin/../lib/gcc/arm-none-eabi/9.3.1/../../../../arm-none-eabi/lib/thumb/v7e-m+fp/hard/libc_nano.a(lib_a-nano-freer.o)
                0x000000000800101c                _free_r
 .text._malloc_r
                0x00000000080010bc       0xb4 /opt/st/stm32cubeide_1.7.0/plugins/com.st.stm32cube.ide.mcu.externaltools.gnu-tools-for-stm32.9-2020-q2-update.linux64_2.0.0.202105311346/tools/bin/../lib/gcc/arm-none-eabi/9.3.1/../../../../arm-none-eabi/lib/thumb/v7e-m+fp/hard/libc_nano.a(lib_a-nano-mallocr.o)
                0x00000000080010bc                _malloc_r
 .text.__sfputc_r
                0x0000000008001170       0x2e /opt/st/stm32cubeide_1.7.0/plugins/com.st.stm32cube.ide.mcu.externaltools.gnu-tools-for-stm32.9-2020-q2-update.linux64_2.0.0.202105311346/tools/bin/../lib/gcc/arm-none-eabi/9.3.1/../../../../arm-none-eabi/lib/thumb/v7e-m+fp/hard/libc_nano.a(lib_a-nano-vfprintf.o)
 .text.__sfputs_r
                0x000000000800119e       0x24 /opt/st/stm32cubeide_1.7.0/plugins/com.st.stm32cube.ide.mcu.externaltools.gnu-tools-for-stm32.9-2020-q2-update.linux64_2.0.0.202105311346/tools/bin/../lib/gcc/arm-none-eabi/9.3.1/../../../../arm-none-eabi/lib/thumb/v7e-m+fp/hard/libc_nano.a(lib_a-nano-vfprintf.o)
                0x000000000800119e                __sfputs_r
 *fill*         0x00000000080011c2        0x2 
 .text._vfprintf_r
                0x00000000080011c4      0x260 /opt/st/stm32cubeide_1.7.0/plugins/com.st.stm32cube.ide.mcu.externaltools.gnu-tools-for-stm32.9-2020-q2-update.linux64_2.0.0.202105311346/tools/bin/../lib/gcc/arm-none-eabi/9.3.1/../../../../arm-none-eabi/lib/thumb/v7e-m+fp/hard/libc_nano.a(lib_a-nano-vfprintf.o)
                0x00000000080011c4                _vfiprintf_r
                0x00000000080011c4                _vfprintf_r
 .text._printf_common
                0x0000000008001424       0xda /opt/st/stm32cubeide_1.7.0/plugins/com.st.stm32cube.ide.mcu.externaltools.gnu-tools-for-stm32.9-2020-q2-update.linux64_2.0.0.202105311346/tools/bin/../lib/gcc/arm-none-eabi/9.3.1/../../../../arm-none-eabi/lib/thumb/v7e-m+fp/hard/libc_nano.a(lib_a-nano-vfprintf_i.o)
                0x0000000008001424                _printf_common
 *fill*         0x00000000080014fe        0x2 
 .text._printf_i
                0x0000000008001500      0x24c /opt/st/stm32cubeide_1.7.0/plugins/com.st.stm32cube.ide.mcu.externaltools.gnu-tools-for-stm32.9-2020-q2-update.linux64_2.0.0.202105311346/tools/bin/../lib/gcc/arm-none-eabi/9.3.1/../../../../arm-none-eabi/lib/thumb/v7e-m+fp/hard/libc_nano.a(lib_a-nano-vfprintf_i.o)
                0x0000000008001500                _printf_i
 .text._sbrk_r  0x000000000800174c       0x20 /opt/st/stm32cubeide_1.7.0/plugins/com.st.stm32cube.ide.mcu.externaltools.gnu-tools-for-stm32.9-2020-q2-update.linux64_2.0.0.202105311346/tools/bin/../lib/gcc/arm-none-eabi/9.3.1/../../../../arm-none-eabi/lib/thumb/v7e-m+fp/hard/libc_nano.a(lib_a-sbrkr.o)
                0x000000000800174c                _sbrk_r
 .text.__sread  0x000000000800176c       0x22 /opt/st/stm32cubeide_1.7.0/plugins/com.st.stm32cube.ide.mcu.externaltools.gnu-tools-for-stm32.9-2020-q2-update.linux64_2.0.0.202105311346/tools/bin/../lib/gcc/arm-none-eabi/9.3.1/../../../../arm-none-eabi/lib/thumb/v7e-m+fp/hard/libc_nano.a(lib_a-stdio.o)
                0x000000000800176c                __sread
 .text.__swrite
                0x000000000800178e       0x38 /opt/st/stm32cubeide_1.7.0/plugins/com.st.stm32cube.ide.mcu.externaltools.gnu-tools-for-stm32.9-2020-q2-update.linux64_2.0.0.202105311346/tools/bin/../lib/gcc/arm-none-eabi/9.3.1/../../../../arm-none-eabi/lib/thumb/v7e-m+fp/hard/libc_nano.a(lib_a-stdio.o)
                0x000000000800178e                __swrite
 .text.__sseek  0x00000000080017c6       0x24 /opt/st/stm32cubeide_1.7.0/plugins/com.st.stm32cube.ide.mcu.externaltools.gnu-tools-for-stm32.9-2020-q2-update.linux64_2.0.0.202105311346/tools/bin/../lib/gcc/arm-none-eabi/9.3.1/../../../../arm-none-eabi/lib/thumb/v7e-m+fp/hard/libc_nano.a(lib_a-stdio.o)
                0x00000000080017c6                __sseek
 .text.__sclose
                0x00000000080017ea        0x8 /opt/st/stm32cubeide_1.7.0/plugins/com.st.stm32cube.ide.mcu.externaltools.gnu-tools-for-stm32.9-2020-q2-update.linux64_2.0.0.202105311346/tools/bin/../lib/gcc/arm-none-eabi/9.3.1/../../../../arm-none-eabi/lib/thumb/v7e-m+fp/hard/libc_nano.a(lib_a-stdio.o)
                0x00000000080017ea                __sclose
 *fill*         0x00000000080017f2        0x2 
 .text._write_r
                0x00000000080017f4       0x24 /opt/st/stm32cubeide_1.7.0/plugins/com.st.stm32cube.ide.mcu.externaltools.gnu-tools-for-stm32.9-2020-q2-update.linux64_2.0.0.202105311346/tools/bin/../lib/gcc/arm-none-eabi/9.3.1/../../../../arm-none-eabi/lib/thumb/v7e-m+fp/hard/libc_nano.a(lib_a-writer.o)
                0x00000000080017f4                _write_r
 .text._close_r
                0x0000000008001818       0x20 /opt/st/stm32cubeide_1.7.0/plugins/com.st.stm32cube.ide.mcu.externaltools.gnu-tools-for-stm32.9-2020-q2-update.linux64_2.0.0.202105311346/tools/bin/../lib/gcc/arm-none-eabi/9.3.1/../../../../arm-none-eabi/lib/thumb/v7e-m+fp/hard/libc_nano.a(lib_a-closer.o)
                0x0000000008001818                _close_r
 .text._fstat_r
                0x0000000008001838       0x24 /opt/st/stm32cubeide_1.7.0/plugins/com.st.stm32cube.ide.mcu.externaltools.gnu-tools-for-stm32.9-2020-q2-update.linux64_2.0.0.202105311346/tools/bin/../lib/gcc/arm-none-eabi/9.3.1/../../../../arm-none-eabi/lib/thumb/v7e-m+fp/hard/libc_nano.a(lib_a-fstatr.o)
                0x0000000008001838                _fstat_r
 .text._isatty_r
                0x000000000800185c       0x20 /opt/st/stm32cubeide_1.7.0/plugins/com.st.stm32cube.ide.mcu.externaltools.gnu-tools-for-stm32.9-2020-q2-update.linux64_2.0.0.202105311346/tools/bin/../lib/gcc/arm-none-eabi/9.3.1/../../../../arm-none-eabi/lib/thumb/v7e-m+fp/hard/libc_nano.a(lib_a-isattyr.o)
                0x000000000800185c                _isatty_r
 .text._lseek_r
                0x000000000800187c       0x24 /opt/st/stm32cubeide_1.7.0/plugins/com.st.stm32cube.ide.mcu.externaltools.gnu-tools-for-stm32.9-2020-q2-update.linux64_2.0.0.202105311346/tools/bin/../lib/gcc/arm-none-eabi/9.3.1/../../../../arm-none-eabi/lib/thumb/v7e-m+fp/hard/libc_nano.a(lib_a-lseekr.o)
                0x000000000800187c                _lseek_r
 .text.__malloc_lock
                0x00000000080018a0        0xc /opt/st/stm32cubeide_1.7.0/plugins/com.st.stm32cube.ide.mcu.externaltools.gnu-tools-for-stm32.9-2020-q2-update.linux64_2.0.0.202105311346/tools/bin/../lib/gcc/arm-none-eabi/9.3.1/../../../../arm-none-eabi/lib/thumb/v7e-m+fp/hard/libc_nano.a(lib_a-mlock.o)
                0x00000000080018a0                __malloc_lock
 .text.__malloc_unlock
                0x00000000080018ac        0xc /opt/st/stm32cubeide_1.7.0/plugins/com.st.stm32cube.ide.mcu.externaltools.gnu-tools-for-stm32.9-2020-q2-update.linux64_2.0.0.202105311346/tools/bin/../lib/gcc/arm-none-eabi/9.3.1/../../../../arm-none-eabi/lib/thumb/v7e-m+fp/hard/libc_nano.a(lib_a-mlock.o)
                0x00000000080018ac                __malloc_unlock
 .text._read_r  0x00000000080018b8       0x24 /opt/st/stm32cubeide_1.7.0/plugins/com.st.stm32cube.ide.mcu.externaltools.gnu-tools-for-stm32.9-2020-q2-update.linux64_2.0.0.202105311346/tools/bin/../lib/gcc/arm-none-eabi/9.3.1/../../../../arm-none-eabi/lib/thumb/v7e-m+fp/hard/libc_nano.a(lib_a-readr.o)
                0x00000000080018b8                _read_r
 .text.findslot
                0x00000000080018dc       0x34 /opt/st/stm32cubeide_1.7.0/plugins/com.st.stm32cube.ide.mcu.externaltools.gnu-tools-for-stm32.9-2020-q2-update.linux64_2.0.0.202105311346/tools/bin/../lib/gcc/arm-none-eabi/9.3.1/../../../../arm-none-eabi/lib/thumb/v7e-m+fp/hard/librdimon_nano.a(rdimon-syscalls.o)
 .text.checkerror
                0x0000000008001910       0x20 /opt/st/stm32cubeide_1.7.0/plugins/com.st.stm32cube.ide.mcu.externaltools.gnu-tools-for-stm32.9-2020-q2-update.linux64_2.0.0.202105311346/tools/bin/../lib/gcc/arm-none-eabi/9.3.1/../../../../arm-none-eabi/lib/thumb/v7e-m+fp/hard/librdimon_nano.a(rdimon-syscalls.o)
 .text.error    0x0000000008001930       0x1c /opt/st/stm32cubeide_1.7.0/plugins/com.st.stm32cube.ide.mcu.externaltools.gnu-tools-for-stm32.9-2020-q2-update.linux64_2.0.0.202105311346/tools/bin/../lib/gcc/arm-none-eabi/9.3.1/../../../../arm-none-eabi/lib/thumb/v7e-m+fp/hard/librdimon_nano.a(rdimon-syscalls.o)
 .text._swiread
                0x000000000800194c       0x20 /opt/st/stm32cubeide_1.7.0/plugins/com.st.stm32cube.ide.mcu.externaltools.gnu-tools-for-stm32.9-2020-q2-update.linux64_2.0.0.202105311346/tools/bin/../lib/gcc/arm-none-eabi/9.3.1/../../../../arm-none-eabi/lib/thumb/v7e-m+fp/hard/librdimon_nano.a(rdimon-syscalls.o)
                0x000000000800194c                _swiread
 .text._read    0x000000000800196c       0x38 /opt/st/stm32cubeide_1.7.0/plugins/com.st.stm32cube.ide.mcu.externaltools.gnu-tools-for-stm32.9-2020-q2-update.linux64_2.0.0.202105311346/tools/bin/../lib/gcc/arm-none-eabi/9.3.1/../../../../arm-none-eabi/lib/thumb/v7e-m+fp/hard/librdimon_nano.a(rdimon-syscalls.o)
                0x000000000800196c                _read
 .text._swilseek
                0x00000000080019a4       0x78 /opt/st/stm32cubeide_1.7.0/plugins/com.st.stm32cube.ide.mcu.externaltools.gnu-tools-for-stm32.9-2020-q2-update.linux64_2.0.0.202105311346/tools/bin/../lib/gcc/arm-none-eabi/9.3.1/../../../../arm-none-eabi/lib/thumb/v7e-m+fp/hard/librdimon_nano.a(rdimon-syscalls.o)
                0x00000000080019a4                _swilseek
 .text._lseek   0x0000000008001a1c        0x4 /opt/st/stm32cubeide_1.7.0/plugins/com.st.stm32cube.ide.mcu.externaltools.gnu-tools-for-stm32.9-2020-q2-update.linux64_2.0.0.202105311346/tools/bin/../lib/gcc/arm-none-eabi/9.3.1/../../../../arm-none-eabi/lib/thumb/v7e-m+fp/hard/librdimon_nano.a(rdimon-syscalls.o)
                0x0000000008001a1c                _lseek
 .text._swiwrite
                0x0000000008001a20       0x20 /opt/st/stm32cubeide_1.7.0/plugins/com.st.stm32cube.ide.mcu.externaltools.gnu-tools-for-stm32.9-2020-q2-update.linux64_2.0.0.202105311346/tools/bin/../lib/gcc/arm-none-eabi/9.3.1/../../../../arm-none-eabi/lib/thumb/v7e-m+fp/hard/librdimon_nano.a(rdimon-syscalls.o)
                0x0000000008001a20                _swiwrite
 .text._write   0x0000000008001a40       0x48 /opt/st/stm32cubeide_1.7.0/plugins/com.st.stm32cube.ide.mcu.externaltools.gnu-tools-for-stm32.9-2020-q2-update.linux64_2.0.0.202105311346/tools/bin/../lib/gcc/arm-none-eabi/9.3.1/../../../../arm-none-eabi/lib/thumb/v7e-m+fp/hard/librdimon_nano.a(rdimon-syscalls.o)
                0x0000000008001a40                _write
 .text._swiclose
                0x0000000008001a88       0x1a /opt/st/stm32cubeide_1.7.0/plugins/com.st.stm32cube.ide.mcu.externaltools.gnu-tools-for-stm32.9-2020-q2-update.linux64_2.0.0.202105311346/tools/bin/../lib/gcc/arm-none-eabi/9.3.1/../../../../arm-none-eabi/lib/thumb/v7e-m+fp/hard/librdimon_nano.a(rdimon-syscalls.o)
                0x0000000008001a88                _swiclose
 *fill*         0x0000000008001aa2        0x2 
 .text._close   0x0000000008001aa4       0x4c /opt/st/stm32cubeide_1.7.0/plugins/com.st.stm32cube.ide.mcu.externaltools.gnu-tools-for-stm32.9-2020-q2-update.linux64_2.0.0.202105311346/tools/bin/../lib/gcc/arm-none-eabi/9.3.1/../../../../arm-none-eabi/lib/thumb/v7e-m+fp/hard/librdimon_nano.a(rdimon-syscalls.o)
                0x0000000008001aa4                _close
 .text._swistat
                0x0000000008001af0       0x42 /opt/st/stm32cubeide_1.7.0/plugins/com.st.stm32cube.ide.mcu.externaltools.gnu-tools-for-stm32.9-2020-q2-update.linux64_2.0.0.202105311346/tools/bin/../lib/gcc/arm-none-eabi/9.3.1/../../../../arm-none-eabi/lib/thumb/v7e-m+fp/hard/librdimon_nano.a(rdimon-syscalls.o)
                0x0000000008001af0                _swistat
 .text._fstat   0x0000000008001b32       0x1c /opt/st/stm32cubeide_1.7.0/plugins/com.st.stm32cube.ide.mcu.externaltools.gnu-tools-for-stm32.9-2020-q2-update.linux64_2.0.0.202105311346/tools/bin/../lib/gcc/arm-none-eabi/9.3.1/../../../../arm-none-eabi/lib/thumb/v7e-m+fp/hard/librdimon_nano.a(rdimon-syscalls.o)
                0x0000000008001b32                _fstat
 .text._stat    0x0000000008001b4e       0x3a /opt/st/stm32cubeide_1.7.0/plugins/com.st.stm32cube.ide.mcu.externaltools.gnu-tools-for-stm32.9-2020-q2-update.linux64_2.0.0.202105311346/tools/bin/../lib/gcc/arm-none-eabi/9.3.1/../../../../arm-none-eabi/lib/thumb/v7e-m+fp/hard/librdimon_nano.a(rdimon-syscalls.o)
                0x0000000008001b4e                _stat
 .text._swiopen
                0x0000000008001b88       0xb4 /opt/st/stm32cubeide_1.7.0/plugins/com.st.stm32cube.ide.mcu.externaltools.gnu-tools-for-stm32.9-2020-q2-update.linux64_2.0.0.202105311346/tools/bin/../lib/gcc/arm-none-eabi/9.3.1/../../../../arm-none-eabi/lib/thumb/v7e-m+fp/hard/librdimon_nano.a(rdimon-syscalls.o)
                0x0000000008001b88                _swiopen
 .text._get_semihosting_exts
                0x0000000008001c3c       0xb8 /opt/st/stm32cubeide_1.7.0/plugins/com.st.stm32cube.ide.mcu.externaltools.gnu-tools-for-stm32.9-2020-q2-update.linux64_2.0.0.202105311346/tools/bin/../lib/gcc/arm-none-eabi/9.3.1/../../../../arm-none-eabi/lib/thumb/v7e-m+fp/hard/librdimon_nano.a(rdimon-syscalls.o)
                0x0000000008001c3c                _get_semihosting_exts
 .text.initialise_semihosting_exts
                0x0000000008001cf4       0x34 /opt/st/stm32cubeide_1.7.0/plugins/com.st.stm32cube.ide.mcu.externaltools.gnu-tools-for-stm32.9-2020-q2-update.linux64_2.0.0.202105311346/tools/bin/../lib/gcc/arm-none-eabi/9.3.1/../../../../arm-none-eabi/lib/thumb/v7e-m+fp/hard/librdimon_nano.a(rdimon-syscalls.o)
 .text._has_ext_stdout_stderr
                0x0000000008001d28       0x18 /opt/st/stm32cubeide_1.7.0/plugins/com.st.stm32cube.ide.mcu.externaltools.gnu-tools-for-stm32.9-2020-q2-update.linux64_2.0.0.202105311346/tools/bin/../lib/gcc/arm-none-eabi/9.3.1/../../../../arm-none-eabi/lib/thumb/v7e-m+fp/hard/librdimon_nano.a(rdimon-syscalls.o)
                0x0000000008001d28                _has_ext_stdout_stderr
 .text.initialise_monitor_handles
                0x0000000008001d40       0xbc /opt/st/stm32cubeide_1.7.0/plugins/com.st.stm32cube.ide.mcu.externaltools.gnu-tools-for-stm32.9-2020-q2-update.linux64_2.0.0.202105311346/tools/bin/../lib/gcc/arm-none-eabi/9.3.1/../../../../arm-none-eabi/lib/thumb/v7e-m+fp/hard/librdimon_nano.a(rdimon-syscalls.o)
                0x0000000008001d40                initialise_monitor_handles
 .text._isatty  0x0000000008001dfc       0x38 /opt/st/stm32cubeide_1.7.0/plugins/com.st.stm32cube.ide.mcu.externaltools.gnu-tools-for-stm32.9-2020-q2-update.linux64_2.0.0.202105311346/tools/bin/../lib/gcc/arm-none-eabi/9.3.1/../../../../arm-none-eabi/lib/thumb/v7e-m+fp/hard/librdimon_nano.a(rdimon-syscalls.o)
                0x0000000008001dfc                _isatty
 *(.glue_7)
 .glue_7        0x0000000008001e34        0x0 linker stubs
 *(.glue_7t)
 .glue_7t       0x0000000008001e34        0x0 linker stubs
 *(.eh_frame)
 .eh_frame      0x0000000008001e34        0x0 /opt/st/stm32cubeide_1.7.0/plugins/com.st.stm32cube.ide.mcu.externaltools.gnu-tools-for-stm32.9-2020-q2-update.linux64_2.0.0.202105311346/tools/bin/../lib/gcc/arm-none-eabi/9.3.1/thumb/v7e-m+fp/hard/crtbegin.o
 *(.init)
 .init          0x0000000008001e34        0x4 /opt/st/stm32cubeide_1.7.0/plugins/com.st.stm32cube.ide.mcu.externaltools.gnu-tools-for-stm32.9-2020-q2-update.linux64_2.0.0.202105311346/tools/bin/../lib/gcc/arm-none-eabi/9.3.1/thumb/v7e-m+fp/hard/crti.o
                0x0000000008001e34                _init
 .init          0x0000000008001e38        0x8 /opt/st/stm32cubeide_1.7.0/plugins/com.st.stm32cube.ide.mcu.externaltools.gnu-tools-for-stm32.9-2020-q2-update.linux64_2.0.0.202105311346/tools/bin/../lib/gcc/arm-none-eabi/9.3.1/thumb/v7e-m+fp/hard/crtn.o
 *(.fini)
 .fini          0x0000000008001e40        0x4 /opt/st/stm32cubeide_1.7.0/plugins/com.st.stm32cube.ide.mcu.externaltools.gnu-tools-for-stm32.9-2020-q2-update.linux64_2.0.0.202105311346/tools/bin/../lib/gcc/arm-none-eabi/9.3.1/thumb/v7e-m+fp/hard/crti.o
                0x0000000008001e40                _fini
 .fini          0x0000000008001e44        0x8 /opt/st/stm32cubeide_1.7.0/plugins/com.st.stm32cube.ide.mcu.externaltools.gnu-tools-for-stm32.9-2020-q2-update.linux64_2.0.0.202105311346/tools/bin/../lib/gcc/arm-none-eabi/9.3.1/thumb/v7e-m+fp/hard/crtn.o
                0x0000000008001e4c                . = ALIGN (0x4)
                0x0000000008001e4c                _etext = .

.vfp11_veneer   0x0000000008001e4c        0x0
 .vfp11_veneer  0x0000000008001e4c        0x0 linker stubs

.v4_bx          0x0000000008001e4c        0x0
 .v4_bx         0x0000000008001e4c        0x0 linker stubs

.iplt           0x0000000008001e4c        0x0
 .iplt          0x0000000008001e4c        0x0 /opt/st/stm32cubeide_1.7.0/plugins/com.st.stm32cube.ide.mcu.externaltools.gnu-tools-for-stm32.9-2020-q2-update.linux64_2.0.0.202105311346/tools/bin/../lib/gcc/arm-none-eabi/9.3.1/thumb/v7e-m+fp/hard/crtbegin.o

.rodata         0x0000000008001e4c       0xc4
                0x0000000008001e4c                . = ALIGN (0x4)
 *(.rodata)
 .rodata        0x0000000008001e4c        0x4 ./Core/Src/clocks_lib.o
 .rodata        0x0000000008001e50        0xa ./Core/Src/main.o
 *(.rodata*)
 *fill*         0x0000000008001e5a        0x2 
 .rodata._global_impure_ptr
                0x0000000008001e5c        0x4 /opt/st/stm32cubeide_1.7.0/plugins/com.st.stm32cube.ide.mcu.externaltools.gnu-tools-for-stm32.9-2020-q2-update.linux64_2.0.0.202105311346/tools/bin/../lib/gcc/arm-none-eabi/9.3.1/../../../../arm-none-eabi/lib/thumb/v7e-m+fp/hard/libc_nano.a(lib_a-impure.o)
                0x0000000008001e5c                _global_impure_ptr
 .rodata.__sf_fake_stderr
                0x0000000008001e60       0x20 /opt/st/stm32cubeide_1.7.0/plugins/com.st.stm32cube.ide.mcu.externaltools.gnu-tools-for-stm32.9-2020-q2-update.linux64_2.0.0.202105311346/tools/bin/../lib/gcc/arm-none-eabi/9.3.1/../../../../arm-none-eabi/lib/thumb/v7e-m+fp/hard/libc_nano.a(lib_a-findfp.o)
                0x0000000008001e60                __sf_fake_stderr
 .rodata.__sf_fake_stdin
                0x0000000008001e80       0x20 /opt/st/stm32cubeide_1.7.0/plugins/com.st.stm32cube.ide.mcu.externaltools.gnu-tools-for-stm32.9-2020-q2-update.linux64_2.0.0.202105311346/tools/bin/../lib/gcc/arm-none-eabi/9.3.1/../../../../arm-none-eabi/lib/thumb/v7e-m+fp/hard/libc_nano.a(lib_a-findfp.o)
                0x0000000008001e80                __sf_fake_stdin
 .rodata.__sf_fake_stdout
                0x0000000008001ea0       0x20 /opt/st/stm32cubeide_1.7.0/plugins/com.st.stm32cube.ide.mcu.externaltools.gnu-tools-for-stm32.9-2020-q2-update.linux64_2.0.0.202105311346/tools/bin/../lib/gcc/arm-none-eabi/9.3.1/../../../../arm-none-eabi/lib/thumb/v7e-m+fp/hard/libc_nano.a(lib_a-findfp.o)
                0x0000000008001ea0                __sf_fake_stdout
 .rodata._vfprintf_r.str1.1
                0x0000000008001ec0       0x11 /opt/st/stm32cubeide_1.7.0/plugins/com.st.stm32cube.ide.mcu.externaltools.gnu-tools-for-stm32.9-2020-q2-update.linux64_2.0.0.202105311346/tools/bin/../lib/gcc/arm-none-eabi/9.3.1/../../../../arm-none-eabi/lib/thumb/v7e-m+fp/hard/libc_nano.a(lib_a-nano-vfprintf.o)
 .rodata._printf_i.str1.1
                0x0000000008001ed1       0x22 /opt/st/stm32cubeide_1.7.0/plugins/com.st.stm32cube.ide.mcu.externaltools.gnu-tools-for-stm32.9-2020-q2-update.linux64_2.0.0.202105311346/tools/bin/../lib/gcc/arm-none-eabi/9.3.1/../../../../arm-none-eabi/lib/thumb/v7e-m+fp/hard/libc_nano.a(lib_a-nano-vfprintf_i.o)
 .rodata._get_semihosting_exts.str1.1
                0x0000000008001ef3       0x16 /opt/st/stm32cubeide_1.7.0/plugins/com.st.stm32cube.ide.mcu.externaltools.gnu-tools-for-stm32.9-2020-q2-update.linux64_2.0.0.202105311346/tools/bin/../lib/gcc/arm-none-eabi/9.3.1/../../../../arm-none-eabi/lib/thumb/v7e-m+fp/hard/librdimon_nano.a(rdimon-syscalls.o)
 .rodata.initialise_monitor_handles.str1.1
                0x0000000008001f09        0x4 /opt/st/stm32cubeide_1.7.0/plugins/com.st.stm32cube.ide.mcu.externaltools.gnu-tools-for-stm32.9-2020-q2-update.linux64_2.0.0.202105311346/tools/bin/../lib/gcc/arm-none-eabi/9.3.1/../../../../arm-none-eabi/lib/thumb/v7e-m+fp/hard/librdimon_nano.a(rdimon-syscalls.o)
                0x0000000008001f10                . = ALIGN (0x4)
 *fill*         0x0000000008001f0d        0x3 

.rel.dyn        0x0000000008001f10        0x0
 .rel.iplt      0x0000000008001f10        0x0 /opt/st/stm32cubeide_1.7.0/plugins/com.st.stm32cube.ide.mcu.externaltools.gnu-tools-for-stm32.9-2020-q2-update.linux64_2.0.0.202105311346/tools/bin/../lib/gcc/arm-none-eabi/9.3.1/thumb/v7e-m+fp/hard/crtbegin.o

.ARM.extab      0x0000000008001f10        0x0
                0x0000000008001f10                . = ALIGN (0x4)
 *(.ARM.extab* .gnu.linkonce.armextab.*)
                0x0000000008001f10                . = ALIGN (0x4)

.ARM            0x0000000008001f10        0x0
                0x0000000008001f10                . = ALIGN (0x4)
                0x0000000008001f10                __exidx_start = .
 *(.ARM.exidx*)
                0x0000000008001f10                __exidx_end = .
                0x0000000008001f10                . = ALIGN (0x4)

.preinit_array  0x0000000008001f10        0x0
                0x0000000008001f10                . = ALIGN (0x4)
                0x0000000008001f10                PROVIDE (__preinit_array_start = .)
 *(.preinit_array*)
                0x0000000008001f10                PROVIDE (__preinit_array_end = .)
                0x0000000008001f10                . = ALIGN (0x4)

.init_array     0x0000000008001f10        0x4
                0x0000000008001f10                . = ALIGN (0x4)
                0x0000000008001f10                PROVIDE (__init_array_start = .)
 *(SORT_BY_NAME(.init_array.*))
 *(.init_array*)
 .init_array    0x0000000008001f10        0x4 /opt/st/stm32cubeide_1.7.0/plugins/com.st.stm32cube.ide.mcu.externaltools.gnu-tools-for-stm32.9-2020-q2-update.linux64_2.0.0.202105311346/tools/bin/../lib/gcc/arm-none-eabi/9.3.1/thumb/v7e-m+fp/hard/crtbegin.o
                0x0000000008001f14                PROVIDE (__init_array_end = .)
                0x0000000008001f14                . = ALIGN (0x4)

.fini_array     0x0000000008001f14        0x4
                0x0000000008001f14                . = ALIGN (0x4)
                [!provide]                        PROVIDE (__fini_array_start = .)
 *(SORT_BY_NAME(.fini_array.*))
 *(.fini_array*)
 .fini_array    0x0000000008001f14        0x4 /opt/st/stm32cubeide_1.7.0/plugins/com.st.stm32cube.ide.mcu.externaltools.gnu-tools-for-stm32.9-2020-q2-update.linux64_2.0.0.202105311346/tools/bin/../lib/gcc/arm-none-eabi/9.3.1/thumb/v7e-m+fp/hard/crtbegin.o
                [!provide]                        PROVIDE (__fini_array_end = .)
                0x0000000008001f18                . = ALIGN (0x4)
                0x0000000008001f18                _sidata = LOADADDR (.data)

.data           0x0000000020000000       0x6c load address 0x0000000008001f18
                0x0000000020000000                . = ALIGN (0x4)
                0x0000000020000000                _sdata = .
 *(.data)
 *(.data*)
 .data._impure_ptr
                0x0000000020000000        0x4 /opt/st/stm32cubeide_1.7.0/plugins/com.st.stm32cube.ide.mcu.externaltools.gnu-tools-for-stm32.9-2020-q2-update.linux64_2.0.0.202105311346/tools/bin/../lib/gcc/arm-none-eabi/9.3.1/../../../../arm-none-eabi/lib/thumb/v7e-m+fp/hard/libc_nano.a(lib_a-impure.o)
                0x0000000020000000                _impure_ptr
 .data.impure_data
                0x0000000020000004       0x60 /opt/st/stm32cubeide_1.7.0/plugins/com.st.stm32cube.ide.mcu.externaltools.gnu-tools-for-stm32.9-2020-q2-update.linux64_2.0.0.202105311346/tools/bin/../lib/gcc/arm-none-eabi/9.3.1/../../../../arm-none-eabi/lib/thumb/v7e-m+fp/hard/libc_nano.a(lib_a-impure.o)
 .data.supports_ext_exit_extended
                0x0000000020000064        0x4 /opt/st/stm32cubeide_1.7.0/plugins/com.st.stm32cube.ide.mcu.externaltools.gnu-tools-for-stm32.9-2020-q2-update.linux64_2.0.0.202105311346/tools/bin/../lib/gcc/arm-none-eabi/9.3.1/../../../../arm-none-eabi/lib/thumb/v7e-m+fp/hard/librdimon_nano.a(rdimon-syscalls.o)
 .data.supports_ext_stdout_stderr
                0x0000000020000068        0x4 /opt/st/stm32cubeide_1.7.0/plugins/com.st.stm32cube.ide.mcu.externaltools.gnu-tools-for-stm32.9-2020-q2-update.linux64_2.0.0.202105311346/tools/bin/../lib/gcc/arm-none-eabi/9.3.1/../../../../arm-none-eabi/lib/thumb/v7e-m+fp/hard/librdimon_nano.a(rdimon-syscalls.o)
 *(.RamFunc)
 *(.RamFunc*)
                0x000000002000006c                . = ALIGN (0x4)
                0x000000002000006c                _edata = .

.igot.plt       0x000000002000006c        0x0 load address 0x0000000008001f84
 .igot.plt      0x000000002000006c        0x0 /opt/st/stm32cubeide_1.7.0/plugins/com.st.stm32cube.ide.mcu.externaltools.gnu-tools-for-stm32.9-2020-q2-update.linux64_2.0.0.202105311346/tools/bin/../lib/gcc/arm-none-eabi/9.3.1/thumb/v7e-m+fp/hard/crtbegin.o
                0x000000002000006c                . = ALIGN (0x4)

.bss            0x000000002000006c       0xf4 load address 0x0000000008001f84
                0x000000002000006c                _sbss = .
                0x000000002000006c                __bss_start__ = _sbss
 *(.bss)
 .bss           0x000000002000006c       0x1c /opt/st/stm32cubeide_1.7.0/plugins/com.st.stm32cube.ide.mcu.externaltools.gnu-tools-for-stm32.9-2020-q2-update.linux64_2.0.0.202105311346/tools/bin/../lib/gcc/arm-none-eabi/9.3.1/thumb/v7e-m+fp/hard/crtbegin.o
 *(.bss*)
 .bss.__sbrk_heap_end
                0x0000000020000088        0x4 ./Core/Src/sysmem.o
 .bss.__malloc_free_list
                0x000000002000008c        0x4 /opt/st/stm32cubeide_1.7.0/plugins/com.st.stm32cube.ide.mcu.externaltools.gnu-tools-for-stm32.9-2020-q2-update.linux64_2.0.0.202105311346/tools/bin/../lib/gcc/arm-none-eabi/9.3.1/../../../../arm-none-eabi/lib/thumb/v7e-m+fp/hard/libc_nano.a(lib_a-nano-mallocr.o)
                0x000000002000008c                __malloc_free_list
 .bss.__malloc_sbrk_start
                0x0000000020000090        0x4 /opt/st/stm32cubeide_1.7.0/plugins/com.st.stm32cube.ide.mcu.externaltools.gnu-tools-for-stm32.9-2020-q2-update.linux64_2.0.0.202105311346/tools/bin/../lib/gcc/arm-none-eabi/9.3.1/../../../../arm-none-eabi/lib/thumb/v7e-m+fp/hard/libc_nano.a(lib_a-nano-mallocr.o)
                0x0000000020000090                __malloc_sbrk_start
 .bss.monitor_stderr
                0x0000000020000094        0x4 /opt/st/stm32cubeide_1.7.0/plugins/com.st.stm32cube.ide.mcu.externaltools.gnu-tools-for-stm32.9-2020-q2-update.linux64_2.0.0.202105311346/tools/bin/../lib/gcc/arm-none-eabi/9.3.1/../../../../arm-none-eabi/lib/thumb/v7e-m+fp/hard/librdimon_nano.a(rdimon-syscalls.o)
 .bss.monitor_stdin
                0x0000000020000098        0x4 /opt/st/stm32cubeide_1.7.0/plugins/com.st.stm32cube.ide.mcu.externaltools.gnu-tools-for-stm32.9-2020-q2-update.linux64_2.0.0.202105311346/tools/bin/../lib/gcc/arm-none-eabi/9.3.1/../../../../arm-none-eabi/lib/thumb/v7e-m+fp/hard/librdimon_nano.a(rdimon-syscalls.o)
 .bss.monitor_stdout
                0x000000002000009c        0x4 /opt/st/stm32cubeide_1.7.0/plugins/com.st.stm32cube.ide.mcu.externaltools.gnu-tools-for-stm32.9-2020-q2-update.linux64_2.0.0.202105311346/tools/bin/../lib/gcc/arm-none-eabi/9.3.1/../../../../arm-none-eabi/lib/thumb/v7e-m+fp/hard/librdimon_nano.a(rdimon-syscalls.o)
 .bss.openfiles
                0x00000000200000a0       0xa0 /opt/st/stm32cubeide_1.7.0/plugins/com.st.stm32cube.ide.mcu.externaltools.gnu-tools-for-stm32.9-2020-q2-update.linux64_2.0.0.202105311346/tools/bin/../lib/gcc/arm-none-eabi/9.3.1/../../../../arm-none-eabi/lib/thumb/v7e-m+fp/hard/librdimon_nano.a(rdimon-syscalls.o)
 *(COMMON)
 COMMON         0x0000000020000140       0x10 ./Core/Src/main.o
                0x0000000020000140                external_led
                0x0000000020000148                internal_led_pin
 COMMON         0x0000000020000150        0x9 /opt/st/stm32cubeide_1.7.0/plugins/com.st.stm32cube.ide.mcu.externaltools.gnu-tools-for-stm32.9-2020-q2-update.linux64_2.0.0.202105311346/tools/bin/../lib/gcc/arm-none-eabi/9.3.1/../../../../arm-none-eabi/lib/thumb/v7e-m+fp/hard/libc_nano.a(lib_a-lock.o)
                0x0000000020000150                __lock___atexit_recursive_mutex
                0x0000000020000151                __lock___arc4random_mutex
                0x0000000020000152                __lock___env_recursive_mutex
                0x0000000020000153                __lock___sinit_recursive_mutex
                0x0000000020000154                __lock___malloc_recursive_mutex
                0x0000000020000155                __lock___at_quick_exit_mutex
                0x0000000020000156                __lock___dd_hash_mutex
                0x0000000020000157                __lock___tz_mutex
                0x0000000020000158                __lock___sfp_recursive_mutex
 *fill*         0x0000000020000159        0x3 
 COMMON         0x000000002000015c        0x4 /opt/st/stm32cubeide_1.7.0/plugins/com.st.stm32cube.ide.mcu.externaltools.gnu-tools-for-stm32.9-2020-q2-update.linux64_2.0.0.202105311346/tools/bin/../lib/gcc/arm-none-eabi/9.3.1/../../../../arm-none-eabi/lib/thumb/v7e-m+fp/hard/libc_nano.a(lib_a-reent.o)
                0x000000002000015c                errno
                0x0000000020000160                . = ALIGN (0x4)
                0x0000000020000160                _ebss = .
                0x0000000020000160                __bss_end__ = _ebss

._user_heap_stack
                0x0000000020000160      0x600 load address 0x0000000008001f84
                0x0000000020000160                . = ALIGN (0x8)
                0x0000000020000160                PROVIDE (end = .)
                0x0000000020000160                PROVIDE (_end = .)
                0x0000000020000360                . = (. + _Min_Heap_Size)
 *fill*         0x0000000020000160      0x200 
                0x0000000020000760                . = (. + _Min_Stack_Size)
 *fill*         0x0000000020000360      0x400 
                0x0000000020000760                . = ALIGN (0x8)

/DISCARD/
 libc.a(*)
 libm.a(*)
 libgcc.a(*)

.ARM.attributes
                0x0000000000000000       0x30
 *(.ARM.attributes)
 .ARM.attributes
                0x0000000000000000       0x1e /opt/st/stm32cubeide_1.7.0/plugins/com.st.stm32cube.ide.mcu.externaltools.gnu-tools-for-stm32.9-2020-q2-update.linux64_2.0.0.202105311346/tools/bin/../lib/gcc/arm-none-eabi/9.3.1/thumb/v7e-m+fp/hard/crti.o
 .ARM.attributes
                0x000000000000001e       0x34 /opt/st/stm32cubeide_1.7.0/plugins/com.st.stm32cube.ide.mcu.externaltools.gnu-tools-for-stm32.9-2020-q2-update.linux64_2.0.0.202105311346/tools/bin/../lib/gcc/arm-none-eabi/9.3.1/thumb/v7e-m+fp/hard/crtbegin.o
 .ARM.attributes
                0x0000000000000052       0x34 ./Core/Src/GPIO_Lib.o
 .ARM.attributes
                0x0000000000000086       0x34 ./Core/Src/clocks_lib.o
 .ARM.attributes
                0x00000000000000ba       0x34 ./Core/Src/main.o
 .ARM.attributes
                0x00000000000000ee       0x34 ./Core/Src/sysmem.o
 .ARM.attributes
                0x0000000000000122       0x34 ./Core/Src/system_stm32f4xx.o
 .ARM.attributes
                0x0000000000000156       0x21 ./Core/Startup/startup_stm32f401retx.o
 .ARM.attributes
                0x0000000000000177       0x34 /opt/st/stm32cubeide_1.7.0/plugins/com.st.stm32cube.ide.mcu.externaltools.gnu-tools-for-stm32.9-2020-q2-update.linux64_2.0.0.202105311346/tools/bin/../lib/gcc/arm-none-eabi/9.3.1/../../../../arm-none-eabi/lib/thumb/v7e-m+fp/hard/libc_nano.a(lib_a-errno.o)
 .ARM.attributes
                0x00000000000001ab       0x32 /opt/st/stm32cubeide_1.7.0/plugins/com.st.stm32cube.ide.mcu.externaltools.gnu-tools-for-stm32.9-2020-q2-update.linux64_2.0.0.202105311346/tools/bin/../lib/gcc/arm-none-eabi/9.3.1/../../../../arm-none-eabi/lib/thumb/v7e-m+fp/hard/libc_nano.a(lib_a-impure.o)
 .ARM.attributes
                0x00000000000001dd       0x34 /opt/st/stm32cubeide_1.7.0/plugins/com.st.stm32cube.ide.mcu.externaltools.gnu-tools-for-stm32.9-2020-q2-update.linux64_2.0.0.202105311346/tools/bin/../lib/gcc/arm-none-eabi/9.3.1/../../../../arm-none-eabi/lib/thumb/v7e-m+fp/hard/libc_nano.a(lib_a-init.o)
 .ARM.attributes
                0x0000000000000211       0x34 /opt/st/stm32cubeide_1.7.0/plugins/com.st.stm32cube.ide.mcu.externaltools.gnu-tools-for-stm32.9-2020-q2-update.linux64_2.0.0.202105311346/tools/bin/../lib/gcc/arm-none-eabi/9.3.1/../../../../arm-none-eabi/lib/thumb/v7e-m+fp/hard/libc_nano.a(lib_a-memset.o)
 .ARM.attributes
                0x0000000000000245       0x34 /opt/st/stm32cubeide_1.7.0/plugins/com.st.stm32cube.ide.mcu.externaltools.gnu-tools-for-stm32.9-2020-q2-update.linux64_2.0.0.202105311346/tools/bin/../lib/gcc/arm-none-eabi/9.3.1/../../../../arm-none-eabi/lib/thumb/v7e-m+fp/hard/libc_nano.a(lib_a-printf.o)
 .ARM.attributes
                0x0000000000000279       0x34 /opt/st/stm32cubeide_1.7.0/plugins/com.st.stm32cube.ide.mcu.externaltools.gnu-tools-for-stm32.9-2020-q2-update.linux64_2.0.0.202105311346/tools/bin/../lib/gcc/arm-none-eabi/9.3.1/../../../../arm-none-eabi/lib/thumb/v7e-m+fp/hard/libc_nano.a(lib_a-puts.o)
 .ARM.attributes
                0x00000000000002ad       0x34 /opt/st/stm32cubeide_1.7.0/plugins/com.st.stm32cube.ide.mcu.externaltools.gnu-tools-for-stm32.9-2020-q2-update.linux64_2.0.0.202105311346/tools/bin/../lib/gcc/arm-none-eabi/9.3.1/../../../../arm-none-eabi/lib/thumb/v7e-m+fp/hard/libc_nano.a(lib_a-wbuf.o)
 .ARM.attributes
                0x00000000000002e1       0x34 /opt/st/stm32cubeide_1.7.0/plugins/com.st.stm32cube.ide.mcu.externaltools.gnu-tools-for-stm32.9-2020-q2-update.linux64_2.0.0.202105311346/tools/bin/../lib/gcc/arm-none-eabi/9.3.1/../../../../arm-none-eabi/lib/thumb/v7e-m+fp/hard/libc_nano.a(lib_a-wsetup.o)
 .ARM.attributes
                0x0000000000000315       0x34 /opt/st/stm32cubeide_1.7.0/plugins/com.st.stm32cube.ide.mcu.externaltools.gnu-tools-for-stm32.9-2020-q2-update.linux64_2.0.0.202105311346/tools/bin/../lib/gcc/arm-none-eabi/9.3.1/../../../../arm-none-eabi/lib/thumb/v7e-m+fp/hard/libc_nano.a(lib_a-fflush.o)
 .ARM.attributes
                0x0000000000000349       0x34 /opt/st/stm32cubeide_1.7.0/plugins/com.st.stm32cube.ide.mcu.externaltools.gnu-tools-for-stm32.9-2020-q2-update.linux64_2.0.0.202105311346/tools/bin/../lib/gcc/arm-none-eabi/9.3.1/../../../../arm-none-eabi/lib/thumb/v7e-m+fp/hard/libc_nano.a(lib_a-findfp.o)
 .ARM.attributes
                0x000000000000037d       0x34 /opt/st/stm32cubeide_1.7.0/plugins/com.st.stm32cube.ide.mcu.externaltools.gnu-tools-for-stm32.9-2020-q2-update.linux64_2.0.0.202105311346/tools/bin/../lib/gcc/arm-none-eabi/9.3.1/../../../../arm-none-eabi/lib/thumb/v7e-m+fp/hard/libc_nano.a(lib_a-fwalk.o)
 .ARM.attributes
                0x00000000000003b1       0x34 /opt/st/stm32cubeide_1.7.0/plugins/com.st.stm32cube.ide.mcu.externaltools.gnu-tools-for-stm32.9-2020-q2-update.linux64_2.0.0.202105311346/tools/bin/../lib/gcc/arm-none-eabi/9.3.1/../../../../arm-none-eabi/lib/thumb/v7e-m+fp/hard/libc_nano.a(lib_a-lock.o)
 .ARM.attributes
                0x00000000000003e5       0x34 /opt/st/stm32cubeide_1.7.0/plugins/com.st.stm32cube.ide.mcu.externaltools.gnu-tools-for-stm32.9-2020-q2-update.linux64_2.0.0.202105311346/tools/bin/../lib/gcc/arm-none-eabi/9.3.1/../../../../arm-none-eabi/lib/thumb/v7e-m+fp/hard/libc_nano.a(lib_a-makebuf.o)
 .ARM.attributes
                0x0000000000000419       0x34 /opt/st/stm32cubeide_1.7.0/plugins/com.st.stm32cube.ide.mcu.externaltools.gnu-tools-for-stm32.9-2020-q2-update.linux64_2.0.0.202105311346/tools/bin/../lib/gcc/arm-none-eabi/9.3.1/../../../../arm-none-eabi/lib/thumb/v7e-m+fp/hard/libc_nano.a(lib_a-nano-freer.o)
 .ARM.attributes
                0x000000000000044d       0x34 /opt/st/stm32cubeide_1.7.0/plugins/com.st.stm32cube.ide.mcu.externaltools.gnu-tools-for-stm32.9-2020-q2-update.linux64_2.0.0.202105311346/tools/bin/../lib/gcc/arm-none-eabi/9.3.1/../../../../arm-none-eabi/lib/thumb/v7e-m+fp/hard/libc_nano.a(lib_a-nano-mallocr.o)
 .ARM.attributes
                0x0000000000000481       0x34 /opt/st/stm32cubeide_1.7.0/plugins/com.st.stm32cube.ide.mcu.externaltools.gnu-tools-for-stm32.9-2020-q2-update.linux64_2.0.0.202105311346/tools/bin/../lib/gcc/arm-none-eabi/9.3.1/../../../../arm-none-eabi/lib/thumb/v7e-m+fp/hard/libc_nano.a(lib_a-nano-vfprintf.o)
 .ARM.attributes
                0x00000000000004b5       0x34 /opt/st/stm32cubeide_1.7.0/plugins/com.st.stm32cube.ide.mcu.externaltools.gnu-tools-for-stm32.9-2020-q2-update.linux64_2.0.0.202105311346/tools/bin/../lib/gcc/arm-none-eabi/9.3.1/../../../../arm-none-eabi/lib/thumb/v7e-m+fp/hard/libc_nano.a(lib_a-nano-vfprintf_i.o)
 .ARM.attributes
                0x00000000000004e9       0x34 /opt/st/stm32cubeide_1.7.0/plugins/com.st.stm32cube.ide.mcu.externaltools.gnu-tools-for-stm32.9-2020-q2-update.linux64_2.0.0.202105311346/tools/bin/../lib/gcc/arm-none-eabi/9.3.1/../../../../arm-none-eabi/lib/thumb/v7e-m+fp/hard/libc_nano.a(lib_a-sbrkr.o)
 .ARM.attributes
                0x000000000000051d       0x34 /opt/st/stm32cubeide_1.7.0/plugins/com.st.stm32cube.ide.mcu.externaltools.gnu-tools-for-stm32.9-2020-q2-update.linux64_2.0.0.202105311346/tools/bin/../lib/gcc/arm-none-eabi/9.3.1/../../../../arm-none-eabi/lib/thumb/v7e-m+fp/hard/libc_nano.a(lib_a-stdio.o)
 .ARM.attributes
                0x0000000000000551       0x34 /opt/st/stm32cubeide_1.7.0/plugins/com.st.stm32cube.ide.mcu.externaltools.gnu-tools-for-stm32.9-2020-q2-update.linux64_2.0.0.202105311346/tools/bin/../lib/gcc/arm-none-eabi/9.3.1/../../../../arm-none-eabi/lib/thumb/v7e-m+fp/hard/libc_nano.a(lib_a-writer.o)
 .ARM.attributes
                0x0000000000000585       0x34 /opt/st/stm32cubeide_1.7.0/plugins/com.st.stm32cube.ide.mcu.externaltools.gnu-tools-for-stm32.9-2020-q2-update.linux64_2.0.0.202105311346/tools/bin/../lib/gcc/arm-none-eabi/9.3.1/../../../../arm-none-eabi/lib/thumb/v7e-m+fp/hard/libc_nano.a(lib_a-closer.o)
 .ARM.attributes
                0x00000000000005b9       0x34 /opt/st/stm32cubeide_1.7.0/plugins/com.st.stm32cube.ide.mcu.externaltools.gnu-tools-for-stm32.9-2020-q2-update.linux64_2.0.0.202105311346/tools/bin/../lib/gcc/arm-none-eabi/9.3.1/../../../../arm-none-eabi/lib/thumb/v7e-m+fp/hard/libc_nano.a(lib_a-fstatr.o)
 .ARM.attributes
                0x00000000000005ed       0x34 /opt/st/stm32cubeide_1.7.0/plugins/com.st.stm32cube.ide.mcu.externaltools.gnu-tools-for-stm32.9-2020-q2-update.linux64_2.0.0.202105311346/tools/bin/../lib/gcc/arm-none-eabi/9.3.1/../../../../arm-none-eabi/lib/thumb/v7e-m+fp/hard/libc_nano.a(lib_a-isattyr.o)
 .ARM.attributes
                0x0000000000000621       0x34 /opt/st/stm32cubeide_1.7.0/plugins/com.st.stm32cube.ide.mcu.externaltools.gnu-tools-for-stm32.9-2020-q2-update.linux64_2.0.0.202105311346/tools/bin/../lib/gcc/arm-none-eabi/9.3.1/../../../../arm-none-eabi/lib/thumb/v7e-m+fp/hard/libc_nano.a(lib_a-lseekr.o)
 .ARM.attributes
                0x0000000000000655       0x1c /opt/st/stm32cubeide_1.7.0/plugins/com.st.stm32cube.ide.mcu.externaltools.gnu-tools-for-stm32.9-2020-q2-update.linux64_2.0.0.202105311346/tools/bin/../lib/gcc/arm-none-eabi/9.3.1/../../../../arm-none-eabi/lib/thumb/v7e-m+fp/hard/libc_nano.a(lib_a-memchr.o)
 .ARM.attributes
                0x0000000000000671       0x34 /opt/st/stm32cubeide_1.7.0/plugins/com.st.stm32cube.ide.mcu.externaltools.gnu-tools-for-stm32.9-2020-q2-update.linux64_2.0.0.202105311346/tools/bin/../lib/gcc/arm-none-eabi/9.3.1/../../../../arm-none-eabi/lib/thumb/v7e-m+fp/hard/libc_nano.a(lib_a-mlock.o)
 .ARM.attributes
                0x00000000000006a5       0x34 /opt/st/stm32cubeide_1.7.0/plugins/com.st.stm32cube.ide.mcu.externaltools.gnu-tools-for-stm32.9-2020-q2-update.linux64_2.0.0.202105311346/tools/bin/../lib/gcc/arm-none-eabi/9.3.1/../../../../arm-none-eabi/lib/thumb/v7e-m+fp/hard/libc_nano.a(lib_a-readr.o)
 .ARM.attributes
                0x00000000000006d9       0x34 /opt/st/stm32cubeide_1.7.0/plugins/com.st.stm32cube.ide.mcu.externaltools.gnu-tools-for-stm32.9-2020-q2-update.linux64_2.0.0.202105311346/tools/bin/../lib/gcc/arm-none-eabi/9.3.1/../../../../arm-none-eabi/lib/thumb/v7e-m+fp/hard/libc_nano.a(lib_a-reent.o)
 .ARM.attributes
                0x000000000000070d       0x34 /opt/st/stm32cubeide_1.7.0/plugins/com.st.stm32cube.ide.mcu.externaltools.gnu-tools-for-stm32.9-2020-q2-update.linux64_2.0.0.202105311346/tools/bin/../lib/gcc/arm-none-eabi/9.3.1/../../../../arm-none-eabi/lib/thumb/v7e-m+fp/hard/librdimon_nano.a(rdimon-syscalls.o)
 .ARM.attributes
                0x0000000000000741       0x17 /opt/st/stm32cubeide_1.7.0/plugins/com.st.stm32cube.ide.mcu.externaltools.gnu-tools-for-stm32.9-2020-q2-update.linux64_2.0.0.202105311346/tools/bin/../lib/gcc/arm-none-eabi/9.3.1/../../../../arm-none-eabi/lib/thumb/v7e-m+fp/hard/libc_nano.a(lib_a-strlen.o)
 .ARM.attributes
                0x0000000000000758       0x1e /opt/st/stm32cubeide_1.7.0/plugins/com.st.stm32cube.ide.mcu.externaltools.gnu-tools-for-stm32.9-2020-q2-update.linux64_2.0.0.202105311346/tools/bin/../lib/gcc/arm-none-eabi/9.3.1/thumb/v7e-m+fp/hard/crtn.o
OUTPUT(weather_station2.elf elf32-littlearm)
LOAD linker stubs
LOAD /opt/st/stm32cubeide_1.7.0/plugins/com.st.stm32cube.ide.mcu.externaltools.gnu-tools-for-stm32.9-2020-q2-update.linux64_2.0.0.202105311346/tools/bin/../lib/gcc/arm-none-eabi/9.3.1/../../../../arm-none-eabi/lib/thumb/v7e-m+fp/hard/libc.a
LOAD /opt/st/stm32cubeide_1.7.0/plugins/com.st.stm32cube.ide.mcu.externaltools.gnu-tools-for-stm32.9-2020-q2-update.linux64_2.0.0.202105311346/tools/bin/../lib/gcc/arm-none-eabi/9.3.1/../../../../arm-none-eabi/lib/thumb/v7e-m+fp/hard/libm.a
LOAD /opt/st/stm32cubeide_1.7.0/plugins/com.st.stm32cube.ide.mcu.externaltools.gnu-tools-for-stm32.9-2020-q2-update.linux64_2.0.0.202105311346/tools/bin/../lib/gcc/arm-none-eabi/9.3.1/thumb/v7e-m+fp/hard/libgcc.a

.debug_info     0x0000000000000000     0x322a
 .debug_info    0x0000000000000000      0x5a2 ./Core/Src/GPIO_Lib.o
 .debug_info    0x00000000000005a2      0xf2d ./Core/Src/clocks_lib.o
 .debug_info    0x00000000000014cf      0xda2 ./Core/Src/main.o
 .debug_info    0x0000000000002271      0xa25 ./Core/Src/sysmem.o
 .debug_info    0x0000000000002c96      0x572 ./Core/Src/system_stm32f4xx.o
 .debug_info    0x0000000000003208       0x22 ./Core/Startup/startup_stm32f401retx.o

.debug_abbrev   0x0000000000000000      0x9ca
 .debug_abbrev  0x0000000000000000      0x1cf ./Core/Src/GPIO_Lib.o
 .debug_abbrev  0x00000000000001cf      0x2ba ./Core/Src/clocks_lib.o
 .debug_abbrev  0x0000000000000489      0x247 ./Core/Src/main.o
 .debug_abbrev  0x00000000000006d0      0x1bf ./Core/Src/sysmem.o
 .debug_abbrev  0x000000000000088f      0x129 ./Core/Src/system_stm32f4xx.o
 .debug_abbrev  0x00000000000009b8       0x12 ./Core/Startup/startup_stm32f401retx.o

.debug_aranges  0x0000000000000000      0x190
 .debug_aranges
                0x0000000000000000       0x50 ./Core/Src/GPIO_Lib.o
 .debug_aranges
                0x0000000000000050       0x90 ./Core/Src/clocks_lib.o
 .debug_aranges
                0x00000000000000e0       0x40 ./Core/Src/main.o
 .debug_aranges
                0x0000000000000120       0x20 ./Core/Src/sysmem.o
 .debug_aranges
                0x0000000000000140       0x28 ./Core/Src/system_stm32f4xx.o
 .debug_aranges
                0x0000000000000168       0x28 ./Core/Startup/startup_stm32f401retx.o

.debug_ranges   0x0000000000000000      0x138
 .debug_ranges  0x0000000000000000       0x40 ./Core/Src/GPIO_Lib.o
 .debug_ranges  0x0000000000000040       0x80 ./Core/Src/clocks_lib.o
 .debug_ranges  0x00000000000000c0       0x30 ./Core/Src/main.o
 .debug_ranges  0x00000000000000f0       0x10 ./Core/Src/sysmem.o
 .debug_ranges  0x0000000000000100       0x18 ./Core/Src/system_stm32f4xx.o
 .debug_ranges  0x0000000000000118       0x20 ./Core/Startup/startup_stm32f401retx.o

.debug_macro    0x0000000000000000     0x19e0
 .debug_macro   0x0000000000000000       0xdc ./Core/Src/GPIO_Lib.o
 .debug_macro   0x00000000000000dc       0x10 ./Core/Src/GPIO_Lib.o
 .debug_macro   0x00000000000000ec       0x7c ./Core/Src/GPIO_Lib.o
 .debug_macro   0x0000000000000168      0x241 ./Core/Src/clocks_lib.o
 .debug_macro   0x00000000000003a9       0x88 ./Core/Src/clocks_lib.o
 .debug_macro   0x0000000000000431       0x52 ./Core/Src/clocks_lib.o
 .debug_macro   0x0000000000000483       0x18 ./Core/Src/clocks_lib.o
 .debug_macro   0x000000000000049b       0x3c ./Core/Src/clocks_lib.o
 .debug_macro   0x00000000000004d7       0x34 ./Core/Src/clocks_lib.o
 .debug_macro   0x000000000000050b       0x16 ./Core/Src/clocks_lib.o
 .debug_macro   0x0000000000000521       0x97 ./Core/Src/clocks_lib.o
 .debug_macro   0x00000000000005b8      0x333 ./Core/Src/clocks_lib.o
 .debug_macro   0x00000000000008eb       0xfd ./Core/Src/clocks_lib.o
 .debug_macro   0x00000000000009e8       0x10 ./Core/Src/clocks_lib.o
 .debug_macro   0x00000000000009f8       0x16 ./Core/Src/clocks_lib.o
 .debug_macro   0x0000000000000a0e       0x43 ./Core/Src/clocks_lib.o
 .debug_macro   0x0000000000000a51       0x34 ./Core/Src/clocks_lib.o
 .debug_macro   0x0000000000000a85       0x10 ./Core/Src/clocks_lib.o
 .debug_macro   0x0000000000000a95       0x58 ./Core/Src/clocks_lib.o
 .debug_macro   0x0000000000000aed       0x71 ./Core/Src/clocks_lib.o
 .debug_macro   0x0000000000000b5e       0x1c ./Core/Src/clocks_lib.o
 .debug_macro   0x0000000000000b7a      0x12a ./Core/Src/clocks_lib.o
 .debug_macro   0x0000000000000ca4       0x10 ./Core/Src/clocks_lib.o
 .debug_macro   0x0000000000000cb4       0x1c ./Core/Src/clocks_lib.o
 .debug_macro   0x0000000000000cd0       0x52 ./Core/Src/clocks_lib.o
 .debug_macro   0x0000000000000d22       0x22 ./Core/Src/clocks_lib.o
 .debug_macro   0x0000000000000d44       0x10 ./Core/Src/clocks_lib.o
 .debug_macro   0x0000000000000d54       0x40 ./Core/Src/clocks_lib.o
 .debug_macro   0x0000000000000d94       0xd5 ./Core/Src/clocks_lib.o
 .debug_macro   0x0000000000000e69       0x1c ./Core/Src/clocks_lib.o
 .debug_macro   0x0000000000000e85       0x3d ./Core/Src/clocks_lib.o
 .debug_macro   0x0000000000000ec2       0x16 ./Core/Src/clocks_lib.o
 .debug_macro   0x0000000000000ed8      0x145 ./Core/Src/clocks_lib.o
 .debug_macro   0x000000000000101d      0x286 ./Core/Src/main.o
 .debug_macro   0x00000000000012a3       0x2e ./Core/Src/main.o
 .debug_macro   0x00000000000012d1       0x40 ./Core/Src/main.o
 .debug_macro   0x0000000000001311       0xff ./Core/Src/sysmem.o
 .debug_macro   0x0000000000001410       0x10 ./Core/Src/sysmem.o
 .debug_macro   0x0000000000001420       0x4c ./Core/Src/sysmem.o
 .debug_macro   0x000000000000146c       0x94 ./Core/Src/sysmem.o
 .debug_macro   0x0000000000001500      0x174 ./Core/Src/sysmem.o
 .debug_macro   0x0000000000001674       0x57 ./Core/Src/sysmem.o
 .debug_macro   0x00000000000016cb      0x23b ./Core/Src/sysmem.o
 .debug_macro   0x0000000000001906       0xda ./Core/Src/system_stm32f4xx.o

.debug_line     0x0000000000000000     0x2057
 .debug_line    0x0000000000000000      0x637 ./Core/Src/GPIO_Lib.o
 .debug_line    0x0000000000000637      0x8e8 ./Core/Src/clocks_lib.o
 .debug_line    0x0000000000000f1f      0x717 ./Core/Src/main.o
 .debug_line    0x0000000000001636      0x4cb ./Core/Src/sysmem.o
 .debug_line    0x0000000000001b01      0x4ce ./Core/Src/system_stm32f4xx.o
 .debug_line    0x0000000000001fcf       0x88 ./Core/Startup/startup_stm32f401retx.o

.debug_str      0x0000000000000000    0x544d9
 .debug_str     0x0000000000000000    0x4f669 ./Core/Src/GPIO_Lib.o
                                      0x4f7ff (size before relaxing)
 .debug_str     0x000000000004f669     0x45e6 ./Core/Src/clocks_lib.o
                                      0x53d27 (size before relaxing)
 .debug_str     0x0000000000053c4f      0x284 ./Core/Src/main.o
                                      0x53e7b (size before relaxing)
 .debug_str     0x0000000000053ed3      0x4e9 ./Core/Src/sysmem.o
                                       0x62a4 (size before relaxing)
 .debug_str     0x00000000000543bc       0xe7 ./Core/Src/system_stm32f4xx.o
                                      0x4f6dd (size before relaxing)
 .debug_str     0x00000000000544a3       0x36 ./Core/Startup/startup_stm32f401retx.o
                                         0x75 (size before relaxing)

.comment        0x0000000000000000       0x53
 .comment       0x0000000000000000       0x53 ./Core/Src/GPIO_Lib.o
                                         0x54 (size before relaxing)
 .comment       0x0000000000000053       0x54 ./Core/Src/clocks_lib.o
 .comment       0x0000000000000053       0x54 ./Core/Src/main.o
 .comment       0x0000000000000053       0x54 ./Core/Src/sysmem.o
 .comment       0x0000000000000053       0x54 ./Core/Src/system_stm32f4xx.o

.debug_frame    0x0000000000000000     0x1084
 .debug_frame   0x0000000000000000      0x120 ./Core/Src/GPIO_Lib.o
 .debug_frame   0x0000000000000120      0x234 ./Core/Src/clocks_lib.o
 .debug_frame   0x0000000000000354       0xac ./Core/Src/main.o
 .debug_frame   0x0000000000000400       0x34 ./Core/Src/sysmem.o
 .debug_frame   0x0000000000000434       0x58 ./Core/Src/system_stm32f4xx.o
 .debug_frame   0x000000000000048c       0x20 /opt/st/stm32cubeide_1.7.0/plugins/com.st.stm32cube.ide.mcu.externaltools.gnu-tools-for-stm32.9-2020-q2-update.linux64_2.0.0.202105311346/tools/bin/../lib/gcc/arm-none-eabi/9.3.1/../../../../arm-none-eabi/lib/thumb/v7e-m+fp/hard/libc_nano.a(lib_a-errno.o)
 .debug_frame   0x00000000000004ac       0x2c /opt/st/stm32cubeide_1.7.0/plugins/com.st.stm32cube.ide.mcu.externaltools.gnu-tools-for-stm32.9-2020-q2-update.linux64_2.0.0.202105311346/tools/bin/../lib/gcc/arm-none-eabi/9.3.1/../../../../arm-none-eabi/lib/thumb/v7e-m+fp/hard/libc_nano.a(lib_a-init.o)
 .debug_frame   0x00000000000004d8       0x20 /opt/st/stm32cubeide_1.7.0/plugins/com.st.stm32cube.ide.mcu.externaltools.gnu-tools-for-stm32.9-2020-q2-update.linux64_2.0.0.202105311346/tools/bin/../lib/gcc/arm-none-eabi/9.3.1/../../../../arm-none-eabi/lib/thumb/v7e-m+fp/hard/libc_nano.a(lib_a-memset.o)
 .debug_frame   0x00000000000004f8       0x74 /opt/st/stm32cubeide_1.7.0/plugins/com.st.stm32cube.ide.mcu.externaltools.gnu-tools-for-stm32.9-2020-q2-update.linux64_2.0.0.202105311346/tools/bin/../lib/gcc/arm-none-eabi/9.3.1/../../../../arm-none-eabi/lib/thumb/v7e-m+fp/hard/libc_nano.a(lib_a-printf.o)
 .debug_frame   0x000000000000056c       0x3c /opt/st/stm32cubeide_1.7.0/plugins/com.st.stm32cube.ide.mcu.externaltools.gnu-tools-for-stm32.9-2020-q2-update.linux64_2.0.0.202105311346/tools/bin/../lib/gcc/arm-none-eabi/9.3.1/../../../../arm-none-eabi/lib/thumb/v7e-m+fp/hard/libc_nano.a(lib_a-puts.o)
 .debug_frame   0x00000000000005a8       0x40 /opt/st/stm32cubeide_1.7.0/plugins/com.st.stm32cube.ide.mcu.externaltools.gnu-tools-for-stm32.9-2020-q2-update.linux64_2.0.0.202105311346/tools/bin/../lib/gcc/arm-none-eabi/9.3.1/../../../../arm-none-eabi/lib/thumb/v7e-m+fp/hard/libc_nano.a(lib_a-wbuf.o)
 .debug_frame   0x00000000000005e8       0x2c /opt/st/stm32cubeide_1.7.0/plugins/com.st.stm32cube.ide.mcu.externaltools.gnu-tools-for-stm32.9-2020-q2-update.linux64_2.0.0.202105311346/tools/bin/../lib/gcc/arm-none-eabi/9.3.1/../../../../arm-none-eabi/lib/thumb/v7e-m+fp/hard/libc_nano.a(lib_a-wsetup.o)
 .debug_frame   0x0000000000000614       0x5c /opt/st/stm32cubeide_1.7.0/plugins/com.st.stm32cube.ide.mcu.externaltools.gnu-tools-for-stm32.9-2020-q2-update.linux64_2.0.0.202105311346/tools/bin/../lib/gcc/arm-none-eabi/9.3.1/../../../../arm-none-eabi/lib/thumb/v7e-m+fp/hard/libc_nano.a(lib_a-fflush.o)
 .debug_frame   0x0000000000000670      0x14c /opt/st/stm32cubeide_1.7.0/plugins/com.st.stm32cube.ide.mcu.externaltools.gnu-tools-for-stm32.9-2020-q2-update.linux64_2.0.0.202105311346/tools/bin/../lib/gcc/arm-none-eabi/9.3.1/../../../../arm-none-eabi/lib/thumb/v7e-m+fp/hard/libc_nano.a(lib_a-findfp.o)
 .debug_frame   0x00000000000007bc       0x54 /opt/st/stm32cubeide_1.7.0/plugins/com.st.stm32cube.ide.mcu.externaltools.gnu-tools-for-stm32.9-2020-q2-update.linux64_2.0.0.202105311346/tools/bin/../lib/gcc/arm-none-eabi/9.3.1/../../../../arm-none-eabi/lib/thumb/v7e-m+fp/hard/libc_nano.a(lib_a-fwalk.o)
 .debug_frame   0x0000000000000810       0xb0 /opt/st/stm32cubeide_1.7.0/plugins/com.st.stm32cube.ide.mcu.externaltools.gnu-tools-for-stm32.9-2020-q2-update.linux64_2.0.0.202105311346/tools/bin/../lib/gcc/arm-none-eabi/9.3.1/../../../../arm-none-eabi/lib/thumb/v7e-m+fp/hard/libc_nano.a(lib_a-lock.o)
 .debug_frame   0x00000000000008c0       0x58 /opt/st/stm32cubeide_1.7.0/plugins/com.st.stm32cube.ide.mcu.externaltools.gnu-tools-for-stm32.9-2020-q2-update.linux64_2.0.0.202105311346/tools/bin/../lib/gcc/arm-none-eabi/9.3.1/../../../../arm-none-eabi/lib/thumb/v7e-m+fp/hard/libc_nano.a(lib_a-makebuf.o)
 .debug_frame   0x0000000000000918       0x38 /opt/st/stm32cubeide_1.7.0/plugins/com.st.stm32cube.ide.mcu.externaltools.gnu-tools-for-stm32.9-2020-q2-update.linux64_2.0.0.202105311346/tools/bin/../lib/gcc/arm-none-eabi/9.3.1/../../../../arm-none-eabi/lib/thumb/v7e-m+fp/hard/libc_nano.a(lib_a-nano-freer.o)
 .debug_frame   0x0000000000000950       0x30 /opt/st/stm32cubeide_1.7.0/plugins/com.st.stm32cube.ide.mcu.externaltools.gnu-tools-for-stm32.9-2020-q2-update.linux64_2.0.0.202105311346/tools/bin/../lib/gcc/arm-none-eabi/9.3.1/../../../../arm-none-eabi/lib/thumb/v7e-m+fp/hard/libc_nano.a(lib_a-nano-mallocr.o)
 .debug_frame   0x0000000000000980       0xac /opt/st/stm32cubeide_1.7.0/plugins/com.st.stm32cube.ide.mcu.externaltools.gnu-tools-for-stm32.9-2020-q2-update.linux64_2.0.0.202105311346/tools/bin/../lib/gcc/arm-none-eabi/9.3.1/../../../../arm-none-eabi/lib/thumb/v7e-m+fp/hard/libc_nano.a(lib_a-nano-vfprintf.o)
 .debug_frame   0x0000000000000a2c       0x60 /opt/st/stm32cubeide_1.7.0/plugins/com.st.stm32cube.ide.mcu.externaltools.gnu-tools-for-stm32.9-2020-q2-update.linux64_2.0.0.202105311346/tools/bin/../lib/gcc/arm-none-eabi/9.3.1/../../../../arm-none-eabi/lib/thumb/v7e-m+fp/hard/libc_nano.a(lib_a-nano-vfprintf_i.o)
 .debug_frame   0x0000000000000a8c       0x2c /opt/st/stm32cubeide_1.7.0/plugins/com.st.stm32cube.ide.mcu.externaltools.gnu-tools-for-stm32.9-2020-q2-update.linux64_2.0.0.202105311346/tools/bin/../lib/gcc/arm-none-eabi/9.3.1/../../../../arm-none-eabi/lib/thumb/v7e-m+fp/hard/libc_nano.a(lib_a-sbrkr.o)
 .debug_frame   0x0000000000000ab8       0x88 /opt/st/stm32cubeide_1.7.0/plugins/com.st.stm32cube.ide.mcu.externaltools.gnu-tools-for-stm32.9-2020-q2-update.linux64_2.0.0.202105311346/tools/bin/../lib/gcc/arm-none-eabi/9.3.1/../../../../arm-none-eabi/lib/thumb/v7e-m+fp/hard/libc_nano.a(lib_a-stdio.o)
 .debug_frame   0x0000000000000b40       0x2c /opt/st/stm32cubeide_1.7.0/plugins/com.st.stm32cube.ide.mcu.externaltools.gnu-tools-for-stm32.9-2020-q2-update.linux64_2.0.0.202105311346/tools/bin/../lib/gcc/arm-none-eabi/9.3.1/../../../../arm-none-eabi/lib/thumb/v7e-m+fp/hard/libc_nano.a(lib_a-writer.o)
 .debug_frame   0x0000000000000b6c       0x2c /opt/st/stm32cubeide_1.7.0/plugins/com.st.stm32cube.ide.mcu.externaltools.gnu-tools-for-stm32.9-2020-q2-update.linux64_2.0.0.202105311346/tools/bin/../lib/gcc/arm-none-eabi/9.3.1/../../../../arm-none-eabi/lib/thumb/v7e-m+fp/hard/libc_nano.a(lib_a-closer.o)
 .debug_frame   0x0000000000000b98       0x2c /opt/st/stm32cubeide_1.7.0/plugins/com.st.stm32cube.ide.mcu.externaltools.gnu-tools-for-stm32.9-2020-q2-update.linux64_2.0.0.202105311346/tools/bin/../lib/gcc/arm-none-eabi/9.3.1/../../../../arm-none-eabi/lib/thumb/v7e-m+fp/hard/libc_nano.a(lib_a-fstatr.o)
 .debug_frame   0x0000000000000bc4       0x2c /opt/st/stm32cubeide_1.7.0/plugins/com.st.stm32cube.ide.mcu.externaltools.gnu-tools-for-stm32.9-2020-q2-update.linux64_2.0.0.202105311346/tools/bin/../lib/gcc/arm-none-eabi/9.3.1/../../../../arm-none-eabi/lib/thumb/v7e-m+fp/hard/libc_nano.a(lib_a-isattyr.o)
 .debug_frame   0x0000000000000bf0       0x2c /opt/st/stm32cubeide_1.7.0/plugins/com.st.stm32cube.ide.mcu.externaltools.gnu-tools-for-stm32.9-2020-q2-update.linux64_2.0.0.202105311346/tools/bin/../lib/gcc/arm-none-eabi/9.3.1/../../../../arm-none-eabi/lib/thumb/v7e-m+fp/hard/libc_nano.a(lib_a-lseekr.o)
 .debug_frame   0x0000000000000c1c       0x30 /opt/st/stm32cubeide_1.7.0/plugins/com.st.stm32cube.ide.mcu.externaltools.gnu-tools-for-stm32.9-2020-q2-update.linux64_2.0.0.202105311346/tools/bin/../lib/gcc/arm-none-eabi/9.3.1/../../../../arm-none-eabi/lib/thumb/v7e-m+fp/hard/libc_nano.a(lib_a-mlock.o)
 .debug_frame   0x0000000000000c4c       0x2c /opt/st/stm32cubeide_1.7.0/plugins/com.st.stm32cube.ide.mcu.externaltools.gnu-tools-for-stm32.9-2020-q2-update.linux64_2.0.0.202105311346/tools/bin/../lib/gcc/arm-none-eabi/9.3.1/../../../../arm-none-eabi/lib/thumb/v7e-m+fp/hard/libc_nano.a(lib_a-readr.o)
 .debug_frame   0x0000000000000c78       0x5c /opt/st/stm32cubeide_1.7.0/plugins/com.st.stm32cube.ide.mcu.externaltools.gnu-tools-for-stm32.9-2020-q2-update.linux64_2.0.0.202105311346/tools/bin/../lib/gcc/arm-none-eabi/9.3.1/../../../../arm-none-eabi/lib/thumb/v7e-m+fp/hard/libc_nano.a(lib_a-reent.o)
 .debug_frame   0x0000000000000cd4      0x3b0 /opt/st/stm32cubeide_1.7.0/plugins/com.st.stm32cube.ide.mcu.externaltools.gnu-tools-for-stm32.9-2020-q2-update.linux64_2.0.0.202105311346/tools/bin/../lib/gcc/arm-none-eabi/9.3.1/../../../../arm-none-eabi/lib/thumb/v7e-m+fp/hard/librdimon_nano.a(rdimon-syscalls.o)
