Archive member included to satisfy reference by file (symbol)

c:/st/stm32cubeide_1.8.0/stm32cubeide/plugins/com.st.stm32cube.ide.mcu.externaltools.gnu-tools-for-stm32.9-2020-q2-update.win32_2.0.0.202105311346/tools/bin/../lib/gcc/arm-none-eabi/9.3.1/../../../../arm-none-eabi/lib/thumb/v7e-m+fp/hard\libc_nano.a(lib_a-errno.o)
                              ./Core/Src/sysmem.o (__errno)
c:/st/stm32cubeide_1.8.0/stm32cubeide/plugins/com.st.stm32cube.ide.mcu.externaltools.gnu-tools-for-stm32.9-2020-q2-update.win32_2.0.0.202105311346/tools/bin/../lib/gcc/arm-none-eabi/9.3.1/../../../../arm-none-eabi/lib/thumb/v7e-m+fp/hard\libc_nano.a(lib_a-exit.o)
                              c:/st/stm32cubeide_1.8.0/stm32cubeide/plugins/com.st.stm32cube.ide.mcu.externaltools.gnu-tools-for-stm32.9-2020-q2-update.win32_2.0.0.202105311346/tools/bin/../lib/gcc/arm-none-eabi/9.3.1/../../../../arm-none-eabi/lib/thumb/v7e-m+fp/hard/rdimon-crt0.o (exit)
c:/st/stm32cubeide_1.8.0/stm32cubeide/plugins/com.st.stm32cube.ide.mcu.externaltools.gnu-tools-for-stm32.9-2020-q2-update.win32_2.0.0.202105311346/tools/bin/../lib/gcc/arm-none-eabi/9.3.1/../../../../arm-none-eabi/lib/thumb/v7e-m+fp/hard\libc_nano.a(lib_a-impure.o)
                              c:/st/stm32cubeide_1.8.0/stm32cubeide/plugins/com.st.stm32cube.ide.mcu.externaltools.gnu-tools-for-stm32.9-2020-q2-update.win32_2.0.0.202105311346/tools/bin/../lib/gcc/arm-none-eabi/9.3.1/../../../../arm-none-eabi/lib/thumb/v7e-m+fp/hard\libc_nano.a(lib_a-exit.o) (_global_impure_ptr)
c:/st/stm32cubeide_1.8.0/stm32cubeide/plugins/com.st.stm32cube.ide.mcu.externaltools.gnu-tools-for-stm32.9-2020-q2-update.win32_2.0.0.202105311346/tools/bin/../lib/gcc/arm-none-eabi/9.3.1/../../../../arm-none-eabi/lib/thumb/v7e-m+fp/hard\libc_nano.a(lib_a-init.o)
                              c:/st/stm32cubeide_1.8.0/stm32cubeide/plugins/com.st.stm32cube.ide.mcu.externaltools.gnu-tools-for-stm32.9-2020-q2-update.win32_2.0.0.202105311346/tools/bin/../lib/gcc/arm-none-eabi/9.3.1/../../../../arm-none-eabi/lib/thumb/v7e-m+fp/hard/rdimon-crt0.o (__libc_init_array)
c:/st/stm32cubeide_1.8.0/stm32cubeide/plugins/com.st.stm32cube.ide.mcu.externaltools.gnu-tools-for-stm32.9-2020-q2-update.win32_2.0.0.202105311346/tools/bin/../lib/gcc/arm-none-eabi/9.3.1/../../../../arm-none-eabi/lib/thumb/v7e-m+fp/hard\libc_nano.a(lib_a-memset.o)
                              c:/st/stm32cubeide_1.8.0/stm32cubeide/plugins/com.st.stm32cube.ide.mcu.externaltools.gnu-tools-for-stm32.9-2020-q2-update.win32_2.0.0.202105311346/tools/bin/../lib/gcc/arm-none-eabi/9.3.1/../../../../arm-none-eabi/lib/thumb/v7e-m+fp/hard/rdimon-crt0.o (memset)
c:/st/stm32cubeide_1.8.0/stm32cubeide/plugins/com.st.stm32cube.ide.mcu.externaltools.gnu-tools-for-stm32.9-2020-q2-update.win32_2.0.0.202105311346/tools/bin/../lib/gcc/arm-none-eabi/9.3.1/../../../../arm-none-eabi/lib/thumb/v7e-m+fp/hard\libc_nano.a(lib_a-printf.o)
                              ./Core/Src/main.o (printf)
c:/st/stm32cubeide_1.8.0/stm32cubeide/plugins/com.st.stm32cube.ide.mcu.externaltools.gnu-tools-for-stm32.9-2020-q2-update.win32_2.0.0.202105311346/tools/bin/../lib/gcc/arm-none-eabi/9.3.1/../../../../arm-none-eabi/lib/thumb/v7e-m+fp/hard\libc_nano.a(lib_a-sprintf.o)
                              ./Core/Src/interrupts.o (sprintf)
c:/st/stm32cubeide_1.8.0/stm32cubeide/plugins/com.st.stm32cube.ide.mcu.externaltools.gnu-tools-for-stm32.9-2020-q2-update.win32_2.0.0.202105311346/tools/bin/../lib/gcc/arm-none-eabi/9.3.1/../../../../arm-none-eabi/lib/thumb/v7e-m+fp/hard\libc_nano.a(lib_a-findfp.o)
                              c:/st/stm32cubeide_1.8.0/stm32cubeide/plugins/com.st.stm32cube.ide.mcu.externaltools.gnu-tools-for-stm32.9-2020-q2-update.win32_2.0.0.202105311346/tools/bin/../lib/gcc/arm-none-eabi/9.3.1/../../../../arm-none-eabi/lib/thumb/v7e-m+fp/hard\libc_nano.a(lib_a-printf.o) (__sinit)
c:/st/stm32cubeide_1.8.0/stm32cubeide/plugins/com.st.stm32cube.ide.mcu.externaltools.gnu-tools-for-stm32.9-2020-q2-update.win32_2.0.0.202105311346/tools/bin/../lib/gcc/arm-none-eabi/9.3.1/../../../../arm-none-eabi/lib/thumb/v7e-m+fp/hard\libc_nano.a(lib_a-fwalk.o)
                              c:/st/stm32cubeide_1.8.0/stm32cubeide/plugins/com.st.stm32cube.ide.mcu.externaltools.gnu-tools-for-stm32.9-2020-q2-update.win32_2.0.0.202105311346/tools/bin/../lib/gcc/arm-none-eabi/9.3.1/../../../../arm-none-eabi/lib/thumb/v7e-m+fp/hard\libc_nano.a(lib_a-findfp.o) (_fwalk)
c:/st/stm32cubeide_1.8.0/stm32cubeide/plugins/com.st.stm32cube.ide.mcu.externaltools.gnu-tools-for-stm32.9-2020-q2-update.win32_2.0.0.202105311346/tools/bin/../lib/gcc/arm-none-eabi/9.3.1/../../../../arm-none-eabi/lib/thumb/v7e-m+fp/hard\libc_nano.a(lib_a-lock.o)
[...]
Memory Configuration

Name             Origin             Length             Attributes
RAM              0x0000000020000000 0x0000000000018000 xrw
FLASH            0x0000000008000000 0x0000000000080000 xr
*default*        0x0000000000000000 0xffffffffffffffff

Linker script and memory map

LOAD c:/st/stm32cubeide_1.8.0/stm32cubeide/plugins/com.st.stm32cube.ide.mcu.externaltools.gnu-tools-for-stm32.9-2020-q2-update.win32_2.0.0.202105311346/tools/bin/../lib/gcc/arm-none-eabi/9.3.1/thumb/v7e-m+fp/hard/crti.o
LOAD c:/st/stm32cubeide_1.8.0/stm32cubeide/plugins/com.st.stm32cube.ide.mcu.externaltools.gnu-tools-for-stm32.9-2020-q2-update.win32_2.0.0.202105311346/tools/bin/../lib/gcc/arm-none-eabi/9.3.1/thumb/v7e-m+fp/hard/crtbegin.o
LOAD c:/st/stm32cubeide_1.8.0/stm32cubeide/plugins/com.st.stm32cube.ide.mcu.externaltools.gnu-tools-for-stm32.9-2020-q2-update.win32_2.0.0.202105311346/tools/bin/../lib/gcc/arm-none-eabi/9.3.1/../../../../arm-none-eabi/lib/thumb/v7e-m+fp/hard/rdimon-crt0.o
LOAD ./Core/Src/EXTI_lib.o
LOAD ./Core/Src/GPIO_Lib.o
LOAD ./Core/Src/I2c_lib.o
LOAD ./Core/Src/NVIC_lib.o
LOAD ./Core/Src/RTC.o
LOAD ./Core/Src/UART_lib.o
LOAD ./Core/Src/clocks_lib.o
LOAD ./Core/Src/delay_timer_lib.o
LOAD ./Core/Src/dht22.o
LOAD ./Core/Src/interrupts.o
LOAD ./Core/Src/lcd.o
LOAD ./Core/Src/main.o
LOAD ./Core/Src/sysmem.o
LOAD ./Core/Src/system_stm32f4xx.o
LOAD ./Core/Src/systick_IR_ timer_lib.o
LOAD ./Core/Startup/startup_stm32f401retx.o
LOAD c:/st/stm32cubeide_1.8.0/stm32cubeide/plugins/com.st.stm32cube.ide.mcu.externaltools.gnu-tools-for-stm32.9-2020-q2-update.win32_2.0.0.202105311346/tools/bin/../lib/gcc/arm-none-eabi/9.3.1/../../../../arm-none-eabi/lib/thumb/v7e-m+fp/hard\libc_nano.a
LOAD c:/st/stm32cubeide_1.8.0/stm32cubeide/plugins/com.st.stm32cube.ide.mcu.externaltools.gnu-tools-for-stm32.9-2020-q2-update.win32_2.0.0.202105311346/tools/bin/../lib/gcc/arm-none-eabi/9.3.1/../../../../arm-none-eabi/lib/thumb/v7e-m+fp/hard\librdimon_nano.a
START GROUP
LOAD c:/st/stm32cubeide_1.8.0/stm32cubeide/plugins/com.st.stm32cube.ide.mcu.externaltools.gnu-tools-for-stm32.9-2020-q2-update.win32_2.0.0.202105311346/tools/bin/../lib/gcc/arm-none-eabi/9.3.1/../../../../arm-none-eabi/lib/thumb/v7e-m+fp/hard\libc_nano.a
LOAD c:/st/stm32cubeide_1.8.0/stm32cubeide/plugins/com.st.stm32cube.ide.mcu.externaltools.gnu-tools-for-stm32.9-2020-q2-update.win32_2.0.0.202105311346/tools/bin/../lib/gcc/arm-none-eabi/9.3.1/../../../../arm-none-eabi/lib/thumb/v7e-m+fp/hard\libm.a
END GROUP
START GROUP
LOAD c:/st/stm32cubeide_1.8.0/stm32cubeide/plugins/com.st.stm32cube.ide.mcu.externaltools.gnu-tools-for-stm32.9-2020-q2-update.win32_2.0.0.202105311346/tools/bin/../lib/gcc/arm-none-eabi/9.3.1/thumb/v7e-m+fp/hard\libgcc.a
LOAD c:/st/stm32cubeide_1.8.0/stm32cubeide/plugins/com.st.stm32cube.ide.mcu.externaltools.gnu-tools-for-stm32.9-2020-q2-update.win32_2.0.0.202105311346/tools/bin/../lib/gcc/arm-none-eabi/9.3.1/../../../../arm-none-eabi/lib/thumb/v7e-m+fp/hard\libc_nano.a
END GROUP
START GROUP
LOAD c:/st/stm32cubeide_1.8.0/stm32cubeide/plugins/com.st.stm32cube.ide.mcu.externaltools.gnu-tools-for-stm32.9-2020-q2-update.win32_2.0.0.202105311346/tools/bin/../lib/gcc/arm-none-eabi/9.3.1/thumb/v7e-m+fp/hard\libgcc.a
LOAD c:/st/stm32cubeide_1.8.0/stm32cubeide/plugins/com.st.stm32cube.ide.mcu.externaltools.gnu-tools-for-stm32.9-2020-q2-update.win32_2.0.0.202105311346/tools/bin/../lib/gcc/arm-none-eabi/9.3.1/../../../../arm-none-eabi/lib/thumb/v7e-m+fp/hard\libc_nano.a
LOAD c:/st/stm32cubeide_1.8.0/stm32cubeide/plugins/com.st.stm32cube.ide.mcu.externaltools.gnu-tools-for-stm32.9-2020-q2-update.win32_2.0.0.202105311346/tools/bin/../lib/gcc/arm-none-eabi/9.3.1/../../../../arm-none-eabi/lib/thumb/v7e-m+fp/hard\libnosys.a
END GROUP
START GROUP
LOAD c:/st/stm32cubeide_1.8.0/stm32cubeide/plugins/com.st.stm32cube.ide.mcu.externaltools.gnu-tools-for-stm32.9-2020-q2-update.win32_2.0.0.202105311346/tools/bin/../lib/gcc/arm-none-eabi/9.3.1/thumb/v7e-m+fp/hard\libgcc.a
LOAD c:/st/stm32cubeide_1.8.0/stm32cubeide/plugins/com.st.stm32cube.ide.mcu.externaltools.gnu-tools-for-stm32.9-2020-q2-update.win32_2.0.0.202105311346/tools/bin/../lib/gcc/arm-none-eabi/9.3.1/../../../../arm-none-eabi/lib/thumb/v7e-m+fp/hard\libc_nano.a
LOAD c:/st/stm32cubeide_1.8.0/stm32cubeide/plugins/com.st.stm32cube.ide.mcu.externaltools.gnu-tools-for-stm32.9-2020-q2-update.win32_2.0.0.202105311346/tools/bin/../lib/gcc/arm-none-eabi/9.3.1/../../../../arm-none-eabi/lib/thumb/v7e-m+fp/hard\librdimon_nano.a
END GROUP
START GROUP
LOAD c:/st/stm32cubeide_1.8.0/stm32cubeide/plugins/com.st.stm32cube.ide.mcu.externaltools.gnu-tools-for-stm32.9-2020-q2-update.win32_2.0.0.202105311346/tools/bin/../lib/gcc/arm-none-eabi/9.3.1/thumb/v7e-m+fp/hard\libgcc.a
LOAD c:/st/stm32cubeide_1.8.0/stm32cubeide/plugins/com.st.stm32cube.ide.mcu.externaltools.gnu-tools-for-stm32.9-2020-q2-update.win32_2.0.0.202105311346/tools/bin/../lib/gcc/arm-none-eabi/9.3.1/../../../../arm-none-eabi/lib/thumb/v7e-m+fp/hard\libc_nano.a
LOAD c:/st/stm32cubeide_1.8.0/stm32cubeide/plugins/com.st.stm32cube.ide.mcu.externaltools.gnu-tools-for-stm32.9-2020-q2-update.win32_2.0.0.202105311346/tools/bin/../lib/gcc/arm-none-eabi/9.3.1/../../../../arm-none-eabi/lib/thumb/v7e-m+fp/hard\librdimon_nano.a
LOAD c:/st/stm32cubeide_1.8.0/stm32cubeide/plugins/com.st.stm32cube.ide.mcu.externaltools.gnu-tools-for-stm32.9-2020-q2-update.win32_2.0.0.202105311346/tools/bin/../lib/gcc/arm-none-eabi/9.3.1/../../../../arm-none-eabi/lib/thumb/v7e-m+fp/hard\libnosys.a
END GROUP
LOAD c:/st/stm32cubeide_1.8.0/stm32cubeide/plugins/com.st.stm32cube.ide.mcu.externaltools.gnu-tools-for-stm32.9-2020-q2-update.win32_2.0.0.202105311346/tools/bin/../lib/gcc/arm-none-eabi/9.3.1/thumb/v7e-m+fp/hard/crtend.o
LOAD c:/st/stm32cubeide_1.8.0/stm32cubeide/plugins/com.st.stm32cube.ide.mcu.externaltools.gnu-tools-for-stm32.9-2020-q2-update.win32_2.0.0.202105311346/tools/bin/../lib/gcc/arm-none-eabi/9.3.1/thumb/v7e-m+fp/hard/crtn.o
                0x0000000020018000                _estack = (ORIGIN (RAM) + LENGTH (RAM))
                0x0000000000000200                _Min_Heap_Size = 0x200
                0x0000000000000400                _Min_Stack_Size = 0x400

.isr_vector     0x0000000008000000      0x194
                0x0000000008000000                . = ALIGN (0x4)
 *(.isr_vector)
 .isr_vector    0x0000000008000000      0x194 ./Core/Startup/startup_stm32f401retx.o
                0x0000000008000000                g_pfnVectors
                0x0000000008000194                . = ALIGN (0x4)

.text           0x00000000080001a0     0x2c74
                0x00000000080001a0                . = ALIGN (0x4)
 *(.text)
 .text          0x00000000080001a0       0x40 c:/st/stm32cubeide_1.8.0/stm32cubeide/plugins/com.st.stm32cube.ide.mcu.externaltools.gnu-tools-for-stm32.9-2020-q2-update.win32_2.0.0.202105311346/tools/bin/../lib/gcc/arm-none-eabi/9.3.1/thumb/v7e-m+fp/hard/crtbegin.o
 .text          0x00000000080001e0       0xa0 c:/st/stm32cubeide_1.8.0/stm32cubeide/plugins/com.st.stm32cube.ide.mcu.externaltools.gnu-tools-for-stm32.9-2020-q2-update.win32_2.0.0.202105311346/tools/bin/../lib/gcc/arm-none-eabi/9.3.1/../../../../arm-none-eabi/lib/thumb/v7e-m+fp/hard\libc_nano.a(lib_a-memchr.o)
                0x00000000080001e0                memchr
 *(.text*)
 .text.calculate_SYSCFG_values
                0x0000000008000280       0x38 ./Core/Src/EXTI_lib.o
 .text.enable_EXTI
                0x00000000080002b8       0xd0 ./Core/Src/EXTI_lib.o
                0x00000000080002b8                enable_EXTI
 .text.disable_EXTI
                0x0000000008000388       0x84 ./Core/Src/EXTI_lib.o
                0x0000000008000388                disable_EXTI
 .text.enable_GPIOx_clock
                0x000000000800040c       0xb4 ./Core/Src/GPIO_Lib.o
 .text.init_pin
                0x00000000080004c0       0x5c ./Core/Src/GPIO_Lib.o
                0x00000000080004c0                init_pin
 .text.change_mode
                0x000000000800051c       0xc4 ./Core/Src/GPIO_Lib.o
                0x000000000800051c                change_mode
 .text.read_pin
                0x00000000080005e0       0x32 ./Core/Src/GPIO_Lib.o
                0x00000000080005e0                read_pin
 *fill*         0x0000000008000612        0x2 
 .text.I2C_enable_clock
                0x0000000008000614       0x6c ./Core/Src/I2c_lib.o
 .text.I2C_enable_IR
                0x0000000008000680       0x64 ./Core/Src/I2c_lib.o
 .text.I2C_disable_IR
                0x00000000080006e4       0x64 ./Core/Src/I2c_lib.o
 .text.I2C_init
                0x0000000008000748       0x78 ./Core/Src/I2c_lib.o
                0x0000000008000748                I2C_init
 .text.start_communication
                0x00000000080007c0       0x44 ./Core/Src/I2c_lib.o
 .text.I2C_transmit_data
                0x0000000008000804       0x28 ./Core/Src/I2c_lib.o
                0x0000000008000804                I2C_transmit_data
 .text.I2C_transmit_data_and_wait
                0x000000000800082c       0x2c ./Core/Src/I2c_lib.o
                0x000000000800082c                I2C_transmit_data_and_wait
 .text.handle_start_condition
                0x0000000008000858       0x4e ./Core/Src/I2c_lib.o
 .text.handle_transmitting
                0x00000000080008a6       0xb2 ./Core/Src/I2c_lib.o
 .text.handle_receiving
                0x0000000008000958      0x164 ./Core/Src/I2c_lib.o
 .text.I2C_handle_EV
                0x0000000008000abc       0x2e ./Core/Src/I2c_lib.o
                0x0000000008000abc                I2C_handle_EV
 .text.I2C_handle_ER
                0x0000000008000aea       0x7a ./Core/Src/I2c_lib.o
                0x0000000008000aea                I2C_handle_ER
 .text.calculate_ISER_values
                0x0000000008000b64       0x34 ./Core/Src/NVIC_lib.o
 .text.enable_IR
                0x0000000008000b98       0x40 ./Core/Src/NVIC_lib.o
                0x0000000008000b98                enable_IR
 .text.disable_IR
                0x0000000008000bd8       0x40 ./Core/Src/NVIC_lib.o
                0x0000000008000bd8                disable_IR
 .text.bin2bcd  0x0000000008000c18       0x68 ./Core/Src/RTC.o
 .text.RTC_init
                0x0000000008000c80      0x164 ./Core/Src/RTC.o
                0x0000000008000c80                RTC_init
 .text.enable_uart_clock
                0x0000000008000de4       0x64 ./Core/Src/UART_lib.o
 .text.set_BRR  0x0000000008000e48       0x38 ./Core/Src/UART_lib.o
 .text.uart_init
                0x0000000008000e80       0x60 ./Core/Src/UART_lib.o
                0x0000000008000e80                uart_init
 .text.uart_transmit_data
                0x0000000008000ee0       0x7a ./Core/Src/UART_lib.o
                0x0000000008000ee0                uart_transmit_data
 *fill*         0x0000000008000f5a        0x2 
 .text.get_AHB_prescaler
                0x0000000008000f5c       0x98 ./Core/Src/clocks_lib.o
 .text.get_PLLM
                0x0000000008000ff4       0x20 ./Core/Src/clocks_lib.o
 .text.get_PLLN
                0x0000000008001014       0x20 ./Core/Src/clocks_lib.o
 .text.get_PLLP
                0x0000000008001034       0x58 ./Core/Src/clocks_lib.o
 .text.get_clk_value
                0x000000000800108c       0x38 ./Core/Src/clocks_lib.o
 .text.calculate_PLL_clk
                0x00000000080010c4       0x3a ./Core/Src/clocks_lib.o
 *fill*         0x00000000080010fe        0x2 
 .text.get_APB1_prescaler
                0x0000000008001100       0x6c ./Core/Src/clocks_lib.o
                0x0000000008001100                get_APB1_prescaler
 .text.get_APB2_prescaler
                0x000000000800116c       0x68 ./Core/Src/clocks_lib.o
                0x000000000800116c                get_APB2_prescaler
 .text.get_SYSCLK
                0x00000000080011d4       0x7c ./Core/Src/clocks_lib.o
                0x00000000080011d4                get_SYSCLK
 .text.get_AHB_clock
                0x0000000008001250       0x18 ./Core/Src/clocks_lib.o
                0x0000000008001250                get_AHB_clock
 .text.get_APB1_clock
                0x0000000008001268       0x18 ./Core/Src/clocks_lib.o
                0x0000000008001268                get_APB1_clock
 .text.get_APB2_clock
                0x0000000008001280       0x18 ./Core/Src/clocks_lib.o
                0x0000000008001280                get_APB2_clock
 .text.enable_timer_clock
                0x0000000008001298       0xe4 ./Core/Src/delay_timer_lib.o
 .text.init_timer
                0x000000000800137c       0x24 ./Core/Src/delay_timer_lib.o
                0x000000000800137c                init_timer
 .text.read_bit
                0x00000000080013a0       0xcc ./Core/Src/dht22.o
 .text.dht22_handle_data_pin_IT
                0x000000000800146c        0xe ./Core/Src/dht22.o
                0x000000000800146c                dht22_handle_data_pin_IT
 *fill*         0x000000000800147a        0x2 
 .text.dht22_handle_delay_IT
                0x000000000800147c       0x58 ./Core/Src/dht22.o
                0x000000000800147c                dht22_handle_delay_IT
 .text.init_dht22
                0x00000000080014d4       0x34 ./Core/Src/dht22.o
                0x00000000080014d4                init_dht22
 .text.SysTick_Handler
                0x0000000008001508       0x18 ./Core/Src/interrupts.o
                0x0000000008001508                SysTick_Handler
 .text.EXTI15_10_IRQHandler
                0x0000000008001520       0x1c ./Core/Src/interrupts.o
                0x0000000008001520                EXTI15_10_IRQHandler
 .text.I2C1_EV_IRQHandler
                0x000000000800153c       0x14 ./Core/Src/interrupts.o
                0x000000000800153c                I2C1_EV_IRQHandler
 .text.I2C1_ER_IRQHandler
                0x0000000008001550       0x38 ./Core/Src/interrupts.o
                0x0000000008001550                I2C1_ER_IRQHandler
 .text.dht22_application_callback
                0x0000000008001588       0x28 ./Core/Src/main.o
                0x0000000008001588                dht22_application_callback
 .text.uart_pins_init
                0x00000000080015b0       0x4c ./Core/Src/main.o
                0x00000000080015b0                uart_pins_init
 .text.I2C_pins_init
                0x00000000080015fc       0x4c ./Core/Src/main.o
                0x00000000080015fc                I2C_pins_init
 .text.main     0x0000000008001648       0xc0 ./Core/Src/main.o
                0x0000000008001648                main
 .text._sbrk    0x0000000008001708       0x6c ./Core/Src/sysmem.o
                0x0000000008001708                _sbrk
 .text.SystemInit
                0x0000000008001774       0x24 ./Core/Src/system_stm32f4xx.o
                0x0000000008001774                SystemInit
 .text.timer    0x0000000008001798       0x4c ./Core/Src/systick_IR_ timer_lib.o
 .text.init_systick
                0x00000000080017e4       0x44 ./Core/Src/systick_IR_ timer_lib.o
                0x00000000080017e4                init_systick
 .text.IR_timer_micros
                0x0000000008001828       0x20 ./Core/Src/systick_IR_ timer_lib.o
                0x0000000008001828                IR_timer_micros
 .text.Reset_Handler
                0x0000000008001848       0x50 ./Core/Startup/startup_stm32f401retx.o
                0x0000000008001848                Reset_Handler
 .text.Default_Handler
                0x0000000008001898        0x2 ./Core/Startup/startup_stm32f401retx.o
                0x0000000008001898                RTC_Alarm_IRQHandler
                0x0000000008001898                EXTI2_IRQHandler
                0x0000000008001898                DebugMon_Handler
                0x0000000008001898                SPI4_IRQHandler
                0x0000000008001898                TIM1_CC_IRQHandler
                0x0000000008001898                DMA2_Stream5_IRQHandler
                0x0000000008001898                HardFault_Handler
                0x0000000008001898                DMA1_Stream5_IRQHandler
                0x0000000008001898                PVD_IRQHandler
                0x0000000008001898                SDIO_IRQHandler
                0x0000000008001898                TAMP_STAMP_IRQHandler
                0x0000000008001898                PendSV_Handler
                0x0000000008001898                NMI_Handler
                0x0000000008001898                EXTI3_IRQHandler
                0x0000000008001898                TIM1_UP_TIM10_IRQHandler
                0x0000000008001898                I2C3_ER_IRQHandler
                0x0000000008001898                EXTI0_IRQHandler
                0x0000000008001898                I2C2_EV_IRQHandler
                0x0000000008001898                DMA1_Stream2_IRQHandler
                0x0000000008001898                FPU_IRQHandler
                0x0000000008001898                UsageFault_Handler
                0x0000000008001898                DMA2_Stream2_IRQHandler
                0x0000000008001898                SPI1_IRQHandler
                0x0000000008001898                TIM1_BRK_TIM9_IRQHandler
                0x0000000008001898                DMA2_Stream3_IRQHandler
                0x0000000008001898                USART6_IRQHandler
                0x0000000008001898                DMA2_Stream0_IRQHandler
                0x0000000008001898                TIM4_IRQHandler
                0x0000000008001898                DMA1_Stream6_IRQHandler
                0x0000000008001898                DMA1_Stream1_IRQHandler
                0x0000000008001898                TIM3_IRQHandler
                0x0000000008001898                RCC_IRQHandler
                0x0000000008001898                Default_Handler
                0x0000000008001898                ADC_IRQHandler
                0x0000000008001898                DMA1_Stream7_IRQHandler
                0x0000000008001898                TIM5_IRQHandler
                0x0000000008001898                DMA2_Stream7_IRQHandler
                0x0000000008001898                I2C3_EV_IRQHandler
                0x0000000008001898                EXTI9_5_IRQHandler
                0x0000000008001898                RTC_WKUP_IRQHandler
                0x0000000008001898                SPI2_IRQHandler
                0x0000000008001898                MemManage_Handler
                0x0000000008001898                DMA1_Stream0_IRQHandler
                0x0000000008001898                SVC_Handler
                0x0000000008001898                EXTI4_IRQHandler
                0x0000000008001898                WWDG_IRQHandler
                0x0000000008001898                TIM2_IRQHandler
                0x0000000008001898                OTG_FS_WKUP_IRQHandler
                0x0000000008001898                TIM1_TRG_COM_TIM11_IRQHandler
                0x0000000008001898                EXTI1_IRQHandler
                0x0000000008001898                USART2_IRQHandler
                0x0000000008001898                I2C2_ER_IRQHandler
                0x0000000008001898                DMA2_Stream1_IRQHandler
                0x0000000008001898                FLASH_IRQHandler
                0x0000000008001898                DMA2_Stream4_IRQHandler
                0x0000000008001898                BusFault_Handler
                0x0000000008001898                USART1_IRQHandler
                0x0000000008001898                OTG_FS_IRQHandler
                0x0000000008001898                SPI3_IRQHandler
                0x0000000008001898                DMA1_Stream4_IRQHandler
                0x0000000008001898                DMA2_Stream6_IRQHandler
                0x0000000008001898                DMA1_Stream3_IRQHandler
 *fill*         0x000000000800189a        0x2 
 .text.__errno  0x000000000800189c        0xc c:/st/stm32cubeide_1.8.0/stm32cubeide/plugins/com.st.stm32cube.ide.mcu.externaltools.gnu-tools-for-stm32.9-2020-q2-update.win32_2.0.0.202105311346/tools/bin/../lib/gcc/arm-none-eabi/9.3.1/../../../../arm-none-eabi/lib/thumb/v7e-m+fp/hard\libc_nano.a(lib_a-errno.o)
                0x000000000800189c                __errno
 .text.__libc_init_array
                0x00000000080018a8       0x48 c:/st/stm32cubeide_1.8.0/stm32cubeide/plugins/com.st.stm32cube.ide.mcu.externaltools.gnu-tools-for-stm32.9-2020-q2-update.win32_2.0.0.202105311346/tools/bin/../lib/gcc/arm-none-eabi/9.3.1/../../../../arm-none-eabi/lib/thumb/v7e-m+fp/hard\libc_nano.a(lib_a-init.o)
                0x00000000080018a8                __libc_init_array
 .text.memset   0x00000000080018f0       0x10 c:/st/stm32cubeide_1.8.0/stm32cubeide/plugins/com.st.stm32cube.ide.mcu.externaltools.gnu-tools-for-stm32.9-2020-q2-update.win32_2.0.0.202105311346/tools/bin/../lib/gcc/arm-none-eabi/9.3.1/../../../../arm-none-eabi/lib/thumb/v7e-m+fp/hard\libc_nano.a(lib_a-memset.o)
                0x00000000080018f0                memset
 .text.printf   0x0000000008001900       0x30 c:/st/stm32cubeide_1.8.0/stm32cubeide/plugins/com.st.stm32cube.ide.mcu.externaltools.gnu-tools-for-stm32.9-2020-q2-update.win32_2.0.0.202105311346/tools/bin/../lib/gcc/arm-none-eabi/9.3.1/../../../../arm-none-eabi/lib/thumb/v7e-m+fp/hard\libc_nano.a(lib_a-printf.o)
                0x0000000008001900                iprintf
                0x0000000008001900                printf
 .text.sprintf  0x0000000008001930       0x40 c:/st/stm32cubeide_1.8.0/stm32cubeide/plugins/com.st.stm32cube.ide.mcu.externaltools.gnu-tools-for-stm32.9-2020-q2-update.win32_2.0.0.202105311346/tools/bin/../lib/gcc/arm-none-eabi/9.3.1/../../../../arm-none-eabi/lib/thumb/v7e-m+fp/hard\libc_nano.a(lib_a-sprintf.o)
                0x0000000008001930                siprintf
                0x0000000008001930                sprintf
 .text.std      0x0000000008001970       0x48 c:/st/stm32cubeide_1.8.0/stm32cubeide/plugins/com.st.stm32cube.ide.mcu.externaltools.gnu-tools-for-stm32.9-2020-q2-update.win32_2.0.0.202105311346/tools/bin/../lib/gcc/arm-none-eabi/9.3.1/../../../../arm-none-eabi/lib/thumb/v7e-m+fp/hard\libc_nano.a(lib_a-findfp.o)
 .text._cleanup_r
                0x00000000080019b8        0xc c:/st/stm32cubeide_1.8.0/stm32cubeide/plugins/com.st.stm32cube.ide.mcu.externaltools.gnu-tools-for-stm32.9-2020-q2-update.win32_2.0.0.202105311346/tools/bin/../lib/gcc/arm-none-eabi/9.3.1/../../../../arm-none-eabi/lib/thumb/v7e-m+fp/hard\libc_nano.a(lib_a-findfp.o)
                0x00000000080019b8                _cleanup_r
 .text.__sfmoreglue
                0x00000000080019c4       0x2c c:/st/stm32cubeide_1.8.0/stm32cubeide/plugins/com.st.stm32cube.ide.mcu.externaltools.gnu-tools-for-stm32.9-2020-q2-update.win32_2.0.0.202105311346/tools/bin/../lib/gcc/arm-none-eabi/9.3.1/../../../../arm-none-eabi/lib/thumb/v7e-m+fp/hard\libc_nano.a(lib_a-findfp.o)
                0x00000000080019c4                __sfmoreglue
 .text.__sfp_lock_acquire
                0x00000000080019f0        0xc c:/st/stm32cubeide_1.8.0/stm32cubeide/plugins/com.st.stm32cube.ide.mcu.externaltools.gnu-tools-for-stm32.9-2020-q2-update.win32_2.0.0.202105311346/tools/bin/../lib/gcc/arm-none-eabi/9.3.1/../../../../arm-none-eabi/lib/thumb/v7e-m+fp/hard\libc_nano.a(lib_a-findfp.o)
                0x00000000080019f0                __sfp_lock_acquire
 .text.__sfp_lock_release
                0x00000000080019fc        0xc c:/st/stm32cubeide_1.8.0/stm32cubeide/plugins/com.st.stm32cube.ide.mcu.externaltools.gnu-tools-for-stm32.9-2020-q2-update.win32_2.0.0.202105311346/tools/bin/../lib/gcc/arm-none-eabi/9.3.1/../../../../arm-none-eabi/lib/thumb/v7e-m+fp/hard\libc_nano.a(lib_a-findfp.o)
                0x00000000080019fc                __sfp_lock_release
 .text.__sinit_lock_acquire
                0x0000000008001a08        0xc c:/st/stm32cubeide_1.8.0/stm32cubeide/plugins/com.st.stm32cube.ide.mcu.externaltools.gnu-tools-for-stm32.9-2020-q2-update.win32_2.0.0.202105311346/tools/bin/../lib/gcc/arm-none-eabi/9.3.1/../../../../arm-none-eabi/lib/thumb/v7e-m+fp/hard\libc_nano.a(lib_a-findfp.o)
                0x0000000008001a08                __sinit_lock_acquire
 .text.__sinit_lock_release
                0x0000000008001a14        0xc c:/st/stm32cubeide_1.8.0/stm32cubeide/plugins/com.st.stm32cube.ide.mcu.externaltools.gnu-tools-for-stm32.9-2020-q2-update.win32_2.0.0.202105311346/tools/bin/../lib/gcc/arm-none-eabi/9.3.1/../../../../arm-none-eabi/lib/thumb/v7e-m+fp/hard\libc_nano.a(lib_a-findfp.o)
                0x0000000008001a14                __sinit_lock_release
 .text.__sinit  0x0000000008001a20       0x70 c:/st/stm32cubeide_1.8.0/stm32cubeide/plugins/com.st.stm32cube.ide.mcu.externaltools.gnu-tools-for-stm32.9-2020-q2-update.win32_2.0.0.202105311346/tools/bin/../lib/gcc/arm-none-eabi/9.3.1/../../../../arm-none-eabi/lib/thumb/v7e-m+fp/hard\libc_nano.a(lib_a-findfp.o)
                0x0000000008001a20                __sinit
 .text.__sfp    0x0000000008001a90       0x8c c:/st/stm32cubeide_1.8.0/stm32cubeide/plugins/com.st.stm32cube.ide.mcu.externaltools.gnu-tools-for-stm32.9-2020-q2-update.win32_2.0.0.202105311346/tools/bin/../lib/gcc/arm-none-eabi/9.3.1/../../../../arm-none-eabi/lib/thumb/v7e-m+fp/hard\libc_nano.a(lib_a-findfp.o)
                0x0000000008001a90                __sfp
 .text._fwalk_reent
                0x0000000008001b1c       0x3e c:/st/stm32cubeide_1.8.0/stm32cubeide/plugins/com.st.stm32cube.ide.mcu.externaltools.gnu-tools-for-stm32.9-2020-q2-update.win32_2.0.0.202105311346/tools/bin/../lib/gcc/arm-none-eabi/9.3.1/../../../../arm-none-eabi/lib/thumb/v7e-m+fp/hard\libc_nano.a(lib_a-fwalk.o)
                0x0000000008001b1c                _fwalk_reent
 .text.__retarget_lock_init_recursive
                0x0000000008001b5a        0x2 c:/st/stm32cubeide_1.8.0/stm32cubeide/plugins/com.st.stm32cube.ide.mcu.externaltools.gnu-tools-for-stm32.9-2020-q2-update.win32_2.0.0.202105311346/tools/bin/../lib/gcc/arm-none-eabi/9.3.1/../../../../arm-none-eabi/lib/thumb/v7e-m+fp/hard\libc_nano.a(lib_a-lock.o)
                0x0000000008001b5a                __retarget_lock_init_recursive
 .text.__retarget_lock_acquire_recursive
                0x0000000008001b5c        0x2 c:/st/stm32cubeide_1.8.0/stm32cubeide/plugins/com.st.stm32cube.ide.mcu.externaltools.gnu-tools-for-stm32.9-2020-q2-update.win32_2.0.0.202105311346/tools/bin/../lib/gcc/arm-none-eabi/9.3.1/../../../../arm-none-eabi/lib/thumb/v7e-m+fp/hard\libc_nano.a(lib_a-lock.o)
                0x0000000008001b5c                __retarget_lock_acquire_recursive
 .text.__retarget_lock_release_recursive
                0x0000000008001b5e        0x2 c:/st/stm32cubeide_1.8.0/stm32cubeide/plugins/com.st.stm32cube.ide.mcu.externaltools.gnu-tools-for-stm32.9-2020-q2-update.win32_2.0.0.202105311346/tools/bin/../lib/gcc/arm-none-eabi/9.3.1/../../../../arm-none-eabi/lib/thumb/v7e-m+fp/hard\libc_nano.a(lib_a-lock.o)
                0x0000000008001b5e                __retarget_lock_release_recursive
 .text._malloc_r
                0x0000000008001b60       0xb4 c:/st/stm32cubeide_1.8.0/stm32cubeide/plugins/com.st.stm32cube.ide.mcu.externaltools.gnu-tools-for-stm32.9-2020-q2-update.win32_2.0.0.202105311346/tools/bin/../lib/gcc/arm-none-eabi/9.3.1/../../../../arm-none-eabi/lib/thumb/v7e-m+fp/hard\libc_nano.a(lib_a-nano-mallocr.o)
                0x0000000008001b60                _malloc_r
 .text.__ssputs_r
                0x0000000008001c14       0xb6 c:/st/stm32cubeide_1.8.0/stm32cubeide/plugins/com.st.stm32cube.ide.mcu.externaltools.gnu-tools-for-stm32.9-2020-q2-update.win32_2.0.0.202105311346/tools/bin/../lib/gcc/arm-none-eabi/9.3.1/../../../../arm-none-eabi/lib/thumb/v7e-m+fp/hard\libc_nano.a(lib_a-nano-svfprintf.o)
                0x0000000008001c14                __ssputs_r
 *fill*         0x0000000008001cca        0x2 
 .text._svfprintf_r
                0x0000000008001ccc      0x200 c:/st/stm32cubeide_1.8.0/stm32cubeide/plugins/com.st.stm32cube.ide.mcu.externaltools.gnu-tools-for-stm32.9-2020-q2-update.win32_2.0.0.202105311346/tools/bin/../lib/gcc/arm-none-eabi/9.3.1/../../../../arm-none-eabi/lib/thumb/v7e-m+fp/hard\libc_nano.a(lib_a-nano-svfprintf.o)
                0x0000000008001ccc                _svfiprintf_r
                0x0000000008001ccc                _svfprintf_r
 .text.__sfputc_r
                0x0000000008001ecc       0x2e c:/st/stm32cubeide_1.8.0/stm32cubeide/plugins/com.st.stm32cube.ide.mcu.externaltools.gnu-tools-for-stm32.9-2020-q2-update.win32_2.0.0.202105311346/tools/bin/../lib/gcc/arm-none-eabi/9.3.1/../../../../arm-none-eabi/lib/thumb/v7e-m+fp/hard\libc_nano.a(lib_a-nano-vfprintf.o)
 .text.__sfputs_r
                0x0000000008001efa       0x24 c:/st/stm32cubeide_1.8.0/stm32cubeide/plugins/com.st.stm32cube.ide.mcu.externaltools.gnu-tools-for-stm32.9-2020-q2-update.win32_2.0.0.202105311346/tools/bin/../lib/gcc/arm-none-eabi/9.3.1/../../../../arm-none-eabi/lib/thumb/v7e-m+fp/hard\libc_nano.a(lib_a-nano-vfprintf.o)
                0x0000000008001efa                __sfputs_r
 *fill*         0x0000000008001f1e        0x2 
 .text._vfprintf_r
                0x0000000008001f20      0x260 c:/st/stm32cubeide_1.8.0/stm32cubeide/plugins/com.st.stm32cube.ide.mcu.externaltools.gnu-tools-for-stm32.9-2020-q2-update.win32_2.0.0.202105311346/tools/bin/../lib/gcc/arm-none-eabi/9.3.1/../../../../arm-none-eabi/lib/thumb/v7e-m+fp/hard\libc_nano.a(lib_a-nano-vfprintf.o)
                0x0000000008001f20                _vfprintf_r
                0x0000000008001f20                _vfiprintf_r
 .text._printf_common
                0x0000000008002180       0xda c:/st/stm32cubeide_1.8.0/stm32cubeide/plugins/com.st.stm32cube.ide.mcu.externaltools.gnu-tools-for-stm32.9-2020-q2-update.win32_2.0.0.202105311346/tools/bin/../lib/gcc/arm-none-eabi/9.3.1/../../../../arm-none-eabi/lib/thumb/v7e-m+fp/hard\libc_nano.a(lib_a-nano-vfprintf_i.o)
                0x0000000008002180                _printf_common
 *fill*         0x000000000800225a        0x2 
 .text._printf_i
                0x000000000800225c      0x24c c:/st/stm32cubeide_1.8.0/stm32cubeide/plugins/com.st.stm32cube.ide.mcu.externaltools.gnu-tools-for-stm32.9-2020-q2-update.win32_2.0.0.202105311346/tools/bin/../lib/gcc/arm-none-eabi/9.3.1/../../../../arm-none-eabi/lib/thumb/v7e-m+fp/hard\libc_nano.a(lib_a-nano-vfprintf_i.o)
                0x000000000800225c                _printf_i
 .text._sbrk_r  0x00000000080024a8       0x20 c:/st/stm32cubeide_1.8.0/stm32cubeide/plugins/com.st.stm32cube.ide.mcu.externaltools.gnu-tools-for-stm32.9-2020-q2-update.win32_2.0.0.202105311346/tools/bin/../lib/gcc/arm-none-eabi/9.3.1/../../../../arm-none-eabi/lib/thumb/v7e-m+fp/hard\libc_nano.a(lib_a-sbrkr.o)
                0x00000000080024a8                _sbrk_r
 .text.__sread  0x00000000080024c8       0x22 c:/st/stm32cubeide_1.8.0/stm32cubeide/plugins/com.st.stm32cube.ide.mcu.externaltools.gnu-tools-for-stm32.9-2020-q2-update.win32_2.0.0.202105311346/tools/bin/../lib/gcc/arm-none-eabi/9.3.1/../../../../arm-none-eabi/lib/thumb/v7e-m+fp/hard\libc_nano.a(lib_a-stdio.o)
                0x00000000080024c8                __sread
 .text.__swrite
                0x00000000080024ea       0x38 c:/st/stm32cubeide_1.8.0/stm32cubeide/plugins/com.st.stm32cube.ide.mcu.externaltools.gnu-tools-for-stm32.9-2020-q2-update.win32_2.0.0.202105311346/tools/bin/../lib/gcc/arm-none-eabi/9.3.1/../../../../arm-none-eabi/lib/thumb/v7e-m+fp/hard\libc_nano.a(lib_a-stdio.o)
                0x00000000080024ea                __swrite
 .text.__sseek  0x0000000008002522       0x24 c:/st/stm32cubeide_1.8.0/stm32cubeide/plugins/com.st.stm32cube.ide.mcu.externaltools.gnu-tools-for-stm32.9-2020-q2-update.win32_2.0.0.202105311346/tools/bin/../lib/gcc/arm-none-eabi/9.3.1/../../../../arm-none-eabi/lib/thumb/v7e-m+fp/hard\libc_nano.a(lib_a-stdio.o)
                0x0000000008002522                __sseek
 .text.__sclose
                0x0000000008002546        0x8 c:/st/stm32cubeide_1.8.0/stm32cubeide/plugins/com.st.stm32cube.ide.mcu.externaltools.gnu-tools-for-stm32.9-2020-q2-update.win32_2.0.0.202105311346/tools/bin/../lib/gcc/arm-none-eabi/9.3.1/../../../../arm-none-eabi/lib/thumb/v7e-m+fp/hard\libc_nano.a(lib_a-stdio.o)
                0x0000000008002546                __sclose
 *fill*         0x000000000800254e        0x2 
 .text.__swbuf_r
                0x0000000008002550       0xa4 c:/st/stm32cubeide_1.8.0/stm32cubeide/plugins/com.st.stm32cube.ide.mcu.externaltools.gnu-tools-for-stm32.9-2020-q2-update.win32_2.0.0.202105311346/tools/bin/../lib/gcc/arm-none-eabi/9.3.1/../../../../arm-none-eabi/lib/thumb/v7e-m+fp/hard\libc_nano.a(lib_a-wbuf.o)
                0x0000000008002550                __swbuf_r
 .text._write_r
                0x00000000080025f4       0x24 c:/st/stm32cubeide_1.8.0/stm32cubeide/plugins/com.st.stm32cube.ide.mcu.externaltools.gnu-tools-for-stm32.9-2020-q2-update.win32_2.0.0.202105311346/tools/bin/../lib/gcc/arm-none-eabi/9.3.1/../../../../arm-none-eabi/lib/thumb/v7e-m+fp/hard\libc_nano.a(lib_a-writer.o)
                0x00000000080025f4                _write_r
 .text.__swsetup_r
                0x0000000008002618       0xdc c:/st/stm32cubeide_1.8.0/stm32cubeide/plugins/com.st.stm32cube.ide.mcu.externaltools.gnu-tools-for-stm32.9-2020-q2-update.win32_2.0.0.202105311346/tools/bin/../lib/gcc/arm-none-eabi/9.3.1/../../../../arm-none-eabi/lib/thumb/v7e-m+fp/hard\libc_nano.a(lib_a-wsetup.o)
                0x0000000008002618                __swsetup_r
 .text._close_r
                0x00000000080026f4       0x20 c:/st/stm32cubeide_1.8.0/stm32cubeide/plugins/com.st.stm32cube.ide.mcu.externaltools.gnu-tools-for-stm32.9-2020-q2-update.win32_2.0.0.202105311346/tools/bin/../lib/gcc/arm-none-eabi/9.3.1/../../../../arm-none-eabi/lib/thumb/v7e-m+fp/hard\libc_nano.a(lib_a-closer.o)
                0x00000000080026f4                _close_r
 .text.__sflush_r
                0x0000000008002714      0x10c c:/st/stm32cubeide_1.8.0/stm32cubeide/plugins/com.st.stm32cube.ide.mcu.externaltools.gnu-tools-for-stm32.9-2020-q2-update.win32_2.0.0.202105311346/tools/bin/../lib/gcc/arm-none-eabi/9.3.1/../../../../arm-none-eabi/lib/thumb/v7e-m+fp/hard\libc_nano.a(lib_a-fflush.o)
                0x0000000008002714                __sflush_r
 .text._fflush_r
                0x0000000008002820       0x78 c:/st/stm32cubeide_1.8.0/stm32cubeide/plugins/com.st.stm32cube.ide.mcu.externaltools.gnu-tools-for-stm32.9-2020-q2-update.win32_2.0.0.202105311346/tools/bin/../lib/gcc/arm-none-eabi/9.3.1/../../../../arm-none-eabi/lib/thumb/v7e-m+fp/hard\libc_nano.a(lib_a-fflush.o)
                0x0000000008002820                _fflush_r
 .text._lseek_r
                0x0000000008002898       0x24 c:/st/stm32cubeide_1.8.0/stm32cubeide/plugins/com.st.stm32cube.ide.mcu.externaltools.gnu-tools-for-stm32.9-2020-q2-update.win32_2.0.0.202105311346/tools/bin/../lib/gcc/arm-none-eabi/9.3.1/../../../../arm-none-eabi/lib/thumb/v7e-m+fp/hard\libc_nano.a(lib_a-lseekr.o)
                0x0000000008002898                _lseek_r
 .text.__swhatbuf_r
                0x00000000080028bc       0x48 c:/st/stm32cubeide_1.8.0/stm32cubeide/plugins/com.st.stm32cube.ide.mcu.externaltools.gnu-tools-for-stm32.9-2020-q2-update.win32_2.0.0.202105311346/tools/bin/../lib/gcc/arm-none-eabi/9.3.1/../../../../arm-none-eabi/lib/thumb/v7e-m+fp/hard\libc_nano.a(lib_a-makebuf.o)
                0x00000000080028bc                __swhatbuf_r
 .text.__smakebuf_r
                0x0000000008002904       0x80 c:/st/stm32cubeide_1.8.0/stm32cubeide/plugins/com.st.stm32cube.ide.mcu.externaltools.gnu-tools-for-stm32.9-2020-q2-update.win32_2.0.0.202105311346/tools/bin/../lib/gcc/arm-none-eabi/9.3.1/../../../../arm-none-eabi/lib/thumb/v7e-m+fp/hard\libc_nano.a(lib_a-makebuf.o)
                0x0000000008002904                __smakebuf_r
 .text.memcpy   0x0000000008002984       0x1c c:/st/stm32cubeide_1.8.0/stm32cubeide/plugins/com.st.stm32cube.ide.mcu.externaltools.gnu-tools-for-stm32.9-2020-q2-update.win32_2.0.0.202105311346/tools/bin/../lib/gcc/arm-none-eabi/9.3.1/../../../../arm-none-eabi/lib/thumb/v7e-m+fp/hard\libc_nano.a(lib_a-memcpy-stub.o)
                0x0000000008002984                memcpy
 .text.memmove  0x00000000080029a0       0x34 c:/st/stm32cubeide_1.8.0/stm32cubeide/plugins/com.st.stm32cube.ide.mcu.externaltools.gnu-tools-for-stm32.9-2020-q2-update.win32_2.0.0.202105311346/tools/bin/../lib/gcc/arm-none-eabi/9.3.1/../../../../arm-none-eabi/lib/thumb/v7e-m+fp/hard\libc_nano.a(lib_a-memmove.o)
                0x00000000080029a0                memmove
 .text.__malloc_lock
                0x00000000080029d4        0xc c:/st/stm32cubeide_1.8.0/stm32cubeide/plugins/com.st.stm32cube.ide.mcu.externaltools.gnu-tools-for-stm32.9-2020-q2-update.win32_2.0.0.202105311346/tools/bin/../lib/gcc/arm-none-eabi/9.3.1/../../../../arm-none-eabi/lib/thumb/v7e-m+fp/hard\libc_nano.a(lib_a-mlock.o)
                0x00000000080029d4                __malloc_lock
 .text.__malloc_unlock
                0x00000000080029e0        0xc c:/st/stm32cubeide_1.8.0/stm32cubeide/plugins/com.st.stm32cube.ide.mcu.externaltools.gnu-tools-for-stm32.9-2020-q2-update.win32_2.0.0.202105311346/tools/bin/../lib/gcc/arm-none-eabi/9.3.1/../../../../arm-none-eabi/lib/thumb/v7e-m+fp/hard\libc_nano.a(lib_a-mlock.o)
                0x00000000080029e0                __malloc_unlock
 .text._free_r  0x00000000080029ec       0xa0 c:/st/stm32cubeide_1.8.0/stm32cubeide/plugins/com.st.stm32cube.ide.mcu.externaltools.gnu-tools-for-stm32.9-2020-q2-update.win32_2.0.0.202105311346/tools/bin/../lib/gcc/arm-none-eabi/9.3.1/../../../../arm-none-eabi/lib/thumb/v7e-m+fp/hard\libc_nano.a(lib_a-nano-freer.o)
                0x00000000080029ec                _free_r
 .text._realloc_r
                0x0000000008002a8c       0x4c c:/st/stm32cubeide_1.8.0/stm32cubeide/plugins/com.st.stm32cube.ide.mcu.externaltools.gnu-tools-for-stm32.9-2020-q2-update.win32_2.0.0.202105311346/tools/bin/../lib/gcc/arm-none-eabi/9.3.1/../../../../arm-none-eabi/lib/thumb/v7e-m+fp/hard\libc_nano.a(lib_a-nano-reallocr.o)
                0x0000000008002a8c                _realloc_r
 .text._read_r  0x0000000008002ad8       0x24 c:/st/stm32cubeide_1.8.0/stm32cubeide/plugins/com.st.stm32cube.ide.mcu.externaltools.gnu-tools-for-stm32.9-2020-q2-update.win32_2.0.0.202105311346/tools/bin/../lib/gcc/arm-none-eabi/9.3.1/../../../../arm-none-eabi/lib/thumb/v7e-m+fp/hard\libc_nano.a(lib_a-readr.o)
                0x0000000008002ad8                _read_r
 .text._fstat_r
                0x0000000008002afc       0x24 c:/st/stm32cubeide_1.8.0/stm32cubeide/plugins/com.st.stm32cube.ide.mcu.externaltools.gnu-tools-for-stm32.9-2020-q2-update.win32_2.0.0.202105311346/tools/bin/../lib/gcc/arm-none-eabi/9.3.1/../../../../arm-none-eabi/lib/thumb/v7e-m+fp/hard\libc_nano.a(lib_a-fstatr.o)
                0x0000000008002afc                _fstat_r
 .text._isatty_r
                0x0000000008002b20       0x20 c:/st/stm32cubeide_1.8.0/stm32cubeide/plugins/com.st.stm32cube.ide.mcu.externaltools.gnu-tools-for-stm32.9-2020-q2-update.win32_2.0.0.202105311346/tools/bin/../lib/gcc/arm-none-eabi/9.3.1/../../../../arm-none-eabi/lib/thumb/v7e-m+fp/hard\libc_nano.a(lib_a-isattyr.o)
                0x0000000008002b20                _isatty_r
 .text._malloc_usable_size_r
                0x0000000008002b40       0x10 c:/st/stm32cubeide_1.8.0/stm32cubeide/plugins/com.st.stm32cube.ide.mcu.externaltools.gnu-tools-for-stm32.9-2020-q2-update.win32_2.0.0.202105311346/tools/bin/../lib/gcc/arm-none-eabi/9.3.1/../../../../arm-none-eabi/lib/thumb/v7e-m+fp/hard\libc_nano.a(lib_a-nano-msizer.o)
                0x0000000008002b40                _malloc_usable_size_r
 .text.findslot
                0x0000000008002b50       0x34 c:/st/stm32cubeide_1.8.0/stm32cubeide/plugins/com.st.stm32cube.ide.mcu.externaltools.gnu-tools-for-stm32.9-2020-q2-update.win32_2.0.0.202105311346/tools/bin/../lib/gcc/arm-none-eabi/9.3.1/../../../../arm-none-eabi/lib/thumb/v7e-m+fp/hard\librdimon_nano.a(rdimon-syscalls.o)
 .text.checkerror
                0x0000000008002b84       0x20 c:/st/stm32cubeide_1.8.0/stm32cubeide/plugins/com.st.stm32cube.ide.mcu.externaltools.gnu-tools-for-stm32.9-2020-q2-update.win32_2.0.0.202105311346/tools/bin/../lib/gcc/arm-none-eabi/9.3.1/../../../../arm-none-eabi/lib/thumb/v7e-m+fp/hard\librdimon_nano.a(rdimon-syscalls.o)
 .text.error    0x0000000008002ba4       0x1c c:/st/stm32cubeide_1.8.0/stm32cubeide/plugins/com.st.stm32cube.ide.mcu.externaltools.gnu-tools-for-stm32.9-2020-q2-update.win32_2.0.0.202105311346/tools/bin/../lib/gcc/arm-none-eabi/9.3.1/../../../../arm-none-eabi/lib/thumb/v7e-m+fp/hard\librdimon_nano.a(rdimon-syscalls.o)
 .text._swiread
                0x0000000008002bc0       0x20 c:/st/stm32cubeide_1.8.0/stm32cubeide/plugins/com.st.stm32cube.ide.mcu.externaltools.gnu-tools-for-stm32.9-2020-q2-update.win32_2.0.0.202105311346/tools/bin/../lib/gcc/arm-none-eabi/9.3.1/../../../../arm-none-eabi/lib/thumb/v7e-m+fp/hard\librdimon_nano.a(rdimon-syscalls.o)
                0x0000000008002bc0                _swiread
 .text._read    0x0000000008002be0       0x38 c:/st/stm32cubeide_1.8.0/stm32cubeide/plugins/com.st.stm32cube.ide.mcu.externaltools.gnu-tools-for-stm32.9-2020-q2-update.win32_2.0.0.202105311346/tools/bin/../lib/gcc/arm-none-eabi/9.3.1/../../../../arm-none-eabi/lib/thumb/v7e-m+fp/hard\librdimon_nano.a(rdimon-syscalls.o)
                0x0000000008002be0                _read
 .text._swilseek
                0x0000000008002c18       0x78 c:/st/stm32cubeide_1.8.0/stm32cubeide/plugins/com.st.stm32cube.ide.mcu.externaltools.gnu-tools-for-stm32.9-2020-q2-update.win32_2.0.0.202105311346/tools/bin/../lib/gcc/arm-none-eabi/9.3.1/../../../../arm-none-eabi/lib/thumb/v7e-m+fp/hard\librdimon_nano.a(rdimon-syscalls.o)
                0x0000000008002c18                _swilseek
 .text._lseek   0x0000000008002c90        0x4 c:/st/stm32cubeide_1.8.0/stm32cubeide/plugins/com.st.stm32cube.ide.mcu.externaltools.gnu-tools-for-stm32.9-2020-q2-update.win32_2.0.0.202105311346/tools/bin/../lib/gcc/arm-none-eabi/9.3.1/../../../../arm-none-eabi/lib/thumb/v7e-m+fp/hard\librdimon_nano.a(rdimon-syscalls.o)
                0x0000000008002c90                _lseek
 .text._swiwrite
                0x0000000008002c94       0x20 c:/st/stm32cubeide_1.8.0/stm32cubeide/plugins/com.st.stm32cube.ide.mcu.externaltools.gnu-tools-for-stm32.9-2020-q2-update.win32_2.0.0.202105311346/tools/bin/../lib/gcc/arm-none-eabi/9.3.1/../../../../arm-none-eabi/lib/thumb/v7e-m+fp/hard\librdimon_nano.a(rdimon-syscalls.o)
                0x0000000008002c94                _swiwrite
 .text._write   0x0000000008002cb4       0x48 c:/st/stm32cubeide_1.8.0/stm32cubeide/plugins/com.st.stm32cube.ide.mcu.externaltools.gnu-tools-for-stm32.9-2020-q2-update.win32_2.0.0.202105311346/tools/bin/../lib/gcc/arm-none-eabi/9.3.1/../../../../arm-none-eabi/lib/thumb/v7e-m+fp/hard\librdimon_nano.a(rdimon-syscalls.o)
                0x0000000008002cb4                _write
 .text._swiclose
                0x0000000008002cfc       0x1a c:/st/stm32cubeide_1.8.0/stm32cubeide/plugins/com.st.stm32cube.ide.mcu.externaltools.gnu-tools-for-stm32.9-2020-q2-update.win32_2.0.0.202105311346/tools/bin/../lib/gcc/arm-none-eabi/9.3.1/../../../../arm-none-eabi/lib/thumb/v7e-m+fp/hard\librdimon_nano.a(rdimon-syscalls.o)
                0x0000000008002cfc                _swiclose
 *fill*         0x0000000008002d16        0x2 
 .text._close   0x0000000008002d18       0x4c c:/st/stm32cubeide_1.8.0/stm32cubeide/plugins/com.st.stm32cube.ide.mcu.externaltools.gnu-tools-for-stm32.9-2020-q2-update.win32_2.0.0.202105311346/tools/bin/../lib/gcc/arm-none-eabi/9.3.1/../../../../arm-none-eabi/lib/thumb/v7e-m+fp/hard\librdimon_nano.a(rdimon-syscalls.o)
                0x0000000008002d18                _close
 .text._swistat
                0x0000000008002d64       0x42 c:/st/stm32cubeide_1.8.0/stm32cubeide/plugins/com.st.stm32cube.ide.mcu.externaltools.gnu-tools-for-stm32.9-2020-q2-update.win32_2.0.0.202105311346/tools/bin/../lib/gcc/arm-none-eabi/9.3.1/../../../../arm-none-eabi/lib/thumb/v7e-m+fp/hard\librdimon_nano.a(rdimon-syscalls.o)
                0x0000000008002d64                _swistat
 .text._fstat   0x0000000008002da6       0x1c c:/st/stm32cubeide_1.8.0/stm32cubeide/plugins/com.st.stm32cube.ide.mcu.externaltools.gnu-tools-for-stm32.9-2020-q2-update.win32_2.0.0.202105311346/tools/bin/../lib/gcc/arm-none-eabi/9.3.1/../../../../arm-none-eabi/lib/thumb/v7e-m+fp/hard\librdimon_nano.a(rdimon-syscalls.o)
                0x0000000008002da6                _fstat
 .text._isatty  0x0000000008002dc2       0x38 c:/st/stm32cubeide_1.8.0/stm32cubeide/plugins/com.st.stm32cube.ide.mcu.externaltools.gnu-tools-for-stm32.9-2020-q2-update.win32_2.0.0.202105311346/tools/bin/../lib/gcc/arm-none-eabi/9.3.1/../../../../arm-none-eabi/lib/thumb/v7e-m+fp/hard\librdimon_nano.a(rdimon-syscalls.o)
                0x0000000008002dc2                _isatty
 *(.glue_7)
 .glue_7        0x0000000008002dfa        0x0 linker stubs
 *(.glue_7t)
 .glue_7t       0x0000000008002dfa        0x0 linker stubs
 *(.eh_frame)
 *fill*         0x0000000008002dfa        0x2 
 .eh_frame      0x0000000008002dfc        0x0 c:/st/stm32cubeide_1.8.0/stm32cubeide/plugins/com.st.stm32cube.ide.mcu.externaltools.gnu-tools-for-stm32.9-2020-q2-update.win32_2.0.0.202105311346/tools/bin/../lib/gcc/arm-none-eabi/9.3.1/thumb/v7e-m+fp/hard/crtbegin.o
 *(.init)
 .init          0x0000000008002dfc        0x4 c:/st/stm32cubeide_1.8.0/stm32cubeide/plugins/com.st.stm32cube.ide.mcu.externaltools.gnu-tools-for-stm32.9-2020-q2-update.win32_2.0.0.202105311346/tools/bin/../lib/gcc/arm-none-eabi/9.3.1/thumb/v7e-m+fp/hard/crti.o
                0x0000000008002dfc                _init
 .init          0x0000000008002e00        0x8 c:/st/stm32cubeide_1.8.0/stm32cubeide/plugins/com.st.stm32cube.ide.mcu.externaltools.gnu-tools-for-stm32.9-2020-q2-update.win32_2.0.0.202105311346/tools/bin/../lib/gcc/arm-none-eabi/9.3.1/thumb/v7e-m+fp/hard/crtn.o
 *(.fini)
 .fini          0x0000000008002e08        0x4 c:/st/stm32cubeide_1.8.0/stm32cubeide/plugins/com.st.stm32cube.ide.mcu.externaltools.gnu-tools-for-stm32.9-2020-q2-update.win32_2.0.0.202105311346/tools/bin/../lib/gcc/arm-none-eabi/9.3.1/thumb/v7e-m+fp/hard/crti.o
                0x0000000008002e08                _fini
 .fini          0x0000000008002e0c        0x8 c:/st/stm32cubeide_1.8.0/stm32cubeide/plugins/com.st.stm32cube.ide.mcu.externaltools.gnu-tools-for-stm32.9-2020-q2-update.win32_2.0.0.202105311346/tools/bin/../lib/gcc/arm-none-eabi/9.3.1/thumb/v7e-m+fp/hard/crtn.o
                0x0000000008002e14                . = ALIGN (0x4)
                0x0000000008002e14                _etext = .

.vfp11_veneer   0x0000000008002e14        0x0
 .vfp11_veneer  0x0000000008002e14        0x0 linker stubs

.v4_bx          0x0000000008002e14        0x0
 .v4_bx         0x0000000008002e14        0x0 linker stubs

.iplt           0x0000000008002e14        0x0
 .iplt          0x0000000008002e14        0x0 c:/st/stm32cubeide_1.8.0/stm32cubeide/plugins/com.st.stm32cube.ide.mcu.externaltools.gnu-tools-for-stm32.9-2020-q2-update.win32_2.0.0.202105311346/tools/bin/../lib/gcc/arm-none-eabi/9.3.1/thumb/v7e-m+fp/hard/crtbegin.o

.rodata         0x0000000008002e14       0xc4
                0x0000000008002e14                . = ALIGN (0x4)
 *(.rodata)
 .rodata        0x0000000008002e14        0x3 ./Core/Src/interrupts.o
 *fill*         0x0000000008002e17        0x1 
 .rodata        0x0000000008002e18       0x27 ./Core/Src/main.o
 *(.rodata*)
 *fill*         0x0000000008002e3f        0x1 
 .rodata._global_impure_ptr
                0x0000000008002e40        0x4 c:/st/stm32cubeide_1.8.0/stm32cubeide/plugins/com.st.stm32cube.ide.mcu.externaltools.gnu-tools-for-stm32.9-2020-q2-update.win32_2.0.0.202105311346/tools/bin/../lib/gcc/arm-none-eabi/9.3.1/../../../../arm-none-eabi/lib/thumb/v7e-m+fp/hard\libc_nano.a(lib_a-impure.o)
                0x0000000008002e40                _global_impure_ptr
 .rodata.__sf_fake_stderr
                0x0000000008002e44       0x20 c:/st/stm32cubeide_1.8.0/stm32cubeide/plugins/com.st.stm32cube.ide.mcu.externaltools.gnu-tools-for-stm32.9-2020-q2-update.win32_2.0.0.202105311346/tools/bin/../lib/gcc/arm-none-eabi/9.3.1/../../../../arm-none-eabi/lib/thumb/v7e-m+fp/hard\libc_nano.a(lib_a-findfp.o)
                0x0000000008002e44                __sf_fake_stderr
 .rodata.__sf_fake_stdin
                0x0000000008002e64       0x20 c:/st/stm32cubeide_1.8.0/stm32cubeide/plugins/com.st.stm32cube.ide.mcu.externaltools.gnu-tools-for-stm32.9-2020-q2-update.win32_2.0.0.202105311346/tools/bin/../lib/gcc/arm-none-eabi/9.3.1/../../../../arm-none-eabi/lib/thumb/v7e-m+fp/hard\libc_nano.a(lib_a-findfp.o)
                0x0000000008002e64                __sf_fake_stdin
 .rodata.__sf_fake_stdout
                0x0000000008002e84       0x20 c:/st/stm32cubeide_1.8.0/stm32cubeide/plugins/com.st.stm32cube.ide.mcu.externaltools.gnu-tools-for-stm32.9-2020-q2-update.win32_2.0.0.202105311346/tools/bin/../lib/gcc/arm-none-eabi/9.3.1/../../../../arm-none-eabi/lib/thumb/v7e-m+fp/hard\libc_nano.a(lib_a-findfp.o)
                0x0000000008002e84                __sf_fake_stdout
 .rodata._svfprintf_r.str1.1
                0x0000000008002ea4       0x11 c:/st/stm32cubeide_1.8.0/stm32cubeide/plugins/com.st.stm32cube.ide.mcu.externaltools.gnu-tools-for-stm32.9-2020-q2-update.win32_2.0.0.202105311346/tools/bin/../lib/gcc/arm-none-eabi/9.3.1/../../../../arm-none-eabi/lib/thumb/v7e-m+fp/hard\libc_nano.a(lib_a-nano-svfprintf.o)
 .rodata._vfprintf_r.str1.1
                0x0000000008002eb5       0x11 c:/st/stm32cubeide_1.8.0/stm32cubeide/plugins/com.st.stm32cube.ide.mcu.externaltools.gnu-tools-for-stm32.9-2020-q2-update.win32_2.0.0.202105311346/tools/bin/../lib/gcc/arm-none-eabi/9.3.1/../../../../arm-none-eabi/lib/thumb/v7e-m+fp/hard\libc_nano.a(lib_a-nano-vfprintf.o)
 .rodata._printf_i.str1.1
                0x0000000008002eb5       0x22 c:/st/stm32cubeide_1.8.0/stm32cubeide/plugins/com.st.stm32cube.ide.mcu.externaltools.gnu-tools-for-stm32.9-2020-q2-update.win32_2.0.0.202105311346/tools/bin/../lib/gcc/arm-none-eabi/9.3.1/../../../../arm-none-eabi/lib/thumb/v7e-m+fp/hard\libc_nano.a(lib_a-nano-vfprintf_i.o)
                0x0000000008002ed8                . = ALIGN (0x4)
 *fill*         0x0000000008002ed7        0x1 

.rel.dyn        0x0000000008002ed8        0x0
 .rel.iplt      0x0000000008002ed8        0x0 c:/st/stm32cubeide_1.8.0/stm32cubeide/plugins/com.st.stm32cube.ide.mcu.externaltools.gnu-tools-for-stm32.9-2020-q2-update.win32_2.0.0.202105311346/tools/bin/../lib/gcc/arm-none-eabi/9.3.1/thumb/v7e-m+fp/hard/crtbegin.o

.ARM.extab      0x0000000008002ed8        0x0
                0x0000000008002ed8                . = ALIGN (0x4)
 *(.ARM.extab* .gnu.linkonce.armextab.*)
                0x0000000008002ed8                . = ALIGN (0x4)

.ARM            0x0000000008002ed8        0x0
                0x0000000008002ed8                . = ALIGN (0x4)
                0x0000000008002ed8                __exidx_start = .
 *(.ARM.exidx*)
                0x0000000008002ed8                __exidx_end = .
                0x0000000008002ed8                . = ALIGN (0x4)

.preinit_array  0x0000000008002ed8        0x0
                0x0000000008002ed8                . = ALIGN (0x4)
                0x0000000008002ed8                PROVIDE (__preinit_array_start = .)
 *(.preinit_array*)
                0x0000000008002ed8                PROVIDE (__preinit_array_end = .)
                0x0000000008002ed8                . = ALIGN (0x4)

.init_array     0x0000000008002ed8        0x4
                0x0000000008002ed8                . = ALIGN (0x4)
                0x0000000008002ed8                PROVIDE (__init_array_start = .)
 *(SORT_BY_NAME(.init_array.*))
 *(.init_array*)
 .init_array    0x0000000008002ed8        0x4 c:/st/stm32cubeide_1.8.0/stm32cubeide/plugins/com.st.stm32cube.ide.mcu.externaltools.gnu-tools-for-stm32.9-2020-q2-update.win32_2.0.0.202105311346/tools/bin/../lib/gcc/arm-none-eabi/9.3.1/thumb/v7e-m+fp/hard/crtbegin.o
                0x0000000008002edc                PROVIDE (__init_array_end = .)
                0x0000000008002edc                . = ALIGN (0x4)

.fini_array     0x0000000008002edc        0x4
                0x0000000008002edc                . = ALIGN (0x4)
                [!provide]                        PROVIDE (__fini_array_start = .)
 *(SORT_BY_NAME(.fini_array.*))
 *(.fini_array*)
 .fini_array    0x0000000008002edc        0x4 c:/st/stm32cubeide_1.8.0/stm32cubeide/plugins/com.st.stm32cube.ide.mcu.externaltools.gnu-tools-for-stm32.9-2020-q2-update.win32_2.0.0.202105311346/tools/bin/../lib/gcc/arm-none-eabi/9.3.1/thumb/v7e-m+fp/hard/crtbegin.o
                [!provide]                        PROVIDE (__fini_array_end = .)
                0x0000000008002ee0                . = ALIGN (0x4)
                0x0000000008002ee0                _sidata = LOADADDR (.data)

.data           0x0000000020000000       0x64 load address 0x0000000008002ee0
                0x0000000020000000                . = ALIGN (0x4)
                0x0000000020000000                _sdata = .
 *(.data)
 *(.data*)
 .data._impure_ptr
                0x0000000020000000        0x4 c:/st/stm32cubeide_1.8.0/stm32cubeide/plugins/com.st.stm32cube.ide.mcu.externaltools.gnu-tools-for-stm32.9-2020-q2-update.win32_2.0.0.202105311346/tools/bin/../lib/gcc/arm-none-eabi/9.3.1/../../../../arm-none-eabi/lib/thumb/v7e-m+fp/hard\libc_nano.a(lib_a-impure.o)
                0x0000000020000000                _impure_ptr
 .data.impure_data
                0x0000000020000004       0x60 c:/st/stm32cubeide_1.8.0/stm32cubeide/plugins/com.st.stm32cube.ide.mcu.externaltools.gnu-tools-for-stm32.9-2020-q2-update.win32_2.0.0.202105311346/tools/bin/../lib/gcc/arm-none-eabi/9.3.1/../../../../arm-none-eabi/lib/thumb/v7e-m+fp/hard\libc_nano.a(lib_a-impure.o)
 *(.RamFunc)
 *(.RamFunc*)
                0x0000000020000064                . = ALIGN (0x4)
                0x0000000020000064                _edata = .

.igot.plt       0x0000000020000064        0x0 load address 0x0000000008002f44
 .igot.plt      0x0000000020000064        0x0 c:/st/stm32cubeide_1.8.0/stm32cubeide/plugins/com.st.stm32cube.ide.mcu.externaltools.gnu-tools-for-stm32.9-2020-q2-update.win32_2.0.0.202105311346/tools/bin/../lib/gcc/arm-none-eabi/9.3.1/thumb/v7e-m+fp/hard/crtbegin.o
                0x0000000020000064                . = ALIGN (0x4)

.bss            0x0000000020000064      0x11c load address 0x0000000008002f44
                0x0000000020000064                _sbss = .
                0x0000000020000064                __bss_start__ = _sbss
 *(.bss)
 .bss           0x0000000020000064       0x1c c:/st/stm32cubeide_1.8.0/stm32cubeide/plugins/com.st.stm32cube.ide.mcu.externaltools.gnu-tools-for-stm32.9-2020-q2-update.win32_2.0.0.202105311346/tools/bin/../lib/gcc/arm-none-eabi/9.3.1/thumb/v7e-m+fp/hard/crtbegin.o
 *(.bss*)
 .bss.repeated_start.6880
                0x0000000020000080        0x1 ./Core/Src/I2c_lib.o
 *fill*         0x0000000020000081        0x3 
 .bss.__sbrk_heap_end
                0x0000000020000084        0x4 ./Core/Src/sysmem.o
 .bss.__malloc_free_list
                0x0000000020000088        0x4 c:/st/stm32cubeide_1.8.0/stm32cubeide/plugins/com.st.stm32cube.ide.mcu.externaltools.gnu-tools-for-stm32.9-2020-q2-update.win32_2.0.0.202105311346/tools/bin/../lib/gcc/arm-none-eabi/9.3.1/../../../../arm-none-eabi/lib/thumb/v7e-m+fp/hard\libc_nano.a(lib_a-nano-mallocr.o)
                0x0000000020000088                __malloc_free_list
 .bss.__malloc_sbrk_start
                0x000000002000008c        0x4 c:/st/stm32cubeide_1.8.0/stm32cubeide/plugins/com.st.stm32cube.ide.mcu.externaltools.gnu-tools-for-stm32.9-2020-q2-update.win32_2.0.0.202105311346/tools/bin/../lib/gcc/arm-none-eabi/9.3.1/../../../../arm-none-eabi/lib/thumb/v7e-m+fp/hard\libc_nano.a(lib_a-nano-mallocr.o)
                0x000000002000008c                __malloc_sbrk_start
 .bss.openfiles
                0x0000000020000090       0xa0 c:/st/stm32cubeide_1.8.0/stm32cubeide/plugins/com.st.stm32cube.ide.mcu.externaltools.gnu-tools-for-stm32.9-2020-q2-update.win32_2.0.0.202105311346/tools/bin/../lib/gcc/arm-none-eabi/9.3.1/../../../../arm-none-eabi/lib/thumb/v7e-m+fp/hard\librdimon_nano.a(rdimon-syscalls.o)
 *(COMMON)
 COMMON         0x0000000020000130       0x20 ./Core/Src/dht22.o
                0x0000000020000130                humidity_tmp
                0x0000000020000134                MILLIS
                0x0000000020000138                dht22_data
                0x000000002000013c                MICROS
                0x000000002000013d                bits_read
                0x000000002000013e                dht_status
                0x0000000020000140                temperature_tmp
                0x0000000020000144                dht22
 COMMON         0x0000000020000150       0x20 ./Core/Src/interrupts.o
                0x0000000020000150                I2C_handle
                0x0000000020000164                internal_led_pin
 COMMON         0x0000000020000170        0x9 c:/st/stm32cubeide_1.8.0/stm32cubeide/plugins/com.st.stm32cube.ide.mcu.externaltools.gnu-tools-for-stm32.9-2020-q2-update.win32_2.0.0.202105311346/tools/bin/../lib/gcc/arm-none-eabi/9.3.1/../../../../arm-none-eabi/lib/thumb/v7e-m+fp/hard\libc_nano.a(lib_a-lock.o)
                0x0000000020000170                __lock___atexit_recursive_mutex
                0x0000000020000171                __lock___arc4random_mutex
                0x0000000020000172                __lock___env_recursive_mutex
                0x0000000020000173                __lock___sinit_recursive_mutex
                0x0000000020000174                __lock___malloc_recursive_mutex
                0x0000000020000175                __lock___at_quick_exit_mutex
                0x0000000020000176                __lock___dd_hash_mutex
                0x0000000020000177                __lock___tz_mutex
                0x0000000020000178                __lock___sfp_recursive_mutex
 *fill*         0x0000000020000179        0x3 
 COMMON         0x000000002000017c        0x4 c:/st/stm32cubeide_1.8.0/stm32cubeide/plugins/com.st.stm32cube.ide.mcu.externaltools.gnu-tools-for-stm32.9-2020-q2-update.win32_2.0.0.202105311346/tools/bin/../lib/gcc/arm-none-eabi/9.3.1/../../../../arm-none-eabi/lib/thumb/v7e-m+fp/hard\libc_nano.a(lib_a-reent.o)
                0x000000002000017c                errno
                0x0000000020000180                . = ALIGN (0x4)
                0x0000000020000180                _ebss = .
                0x0000000020000180                __bss_end__ = _ebss

._user_heap_stack
                0x0000000020000180      0x600 load address 0x0000000008002f44
                0x0000000020000180                . = ALIGN (0x8)
                0x0000000020000180                PROVIDE (end = .)
                0x0000000020000180                PROVIDE (_end = .)
                0x0000000020000380                . = (. + _Min_Heap_Size)
 *fill*         0x0000000020000180      0x200 
                0x0000000020000780                . = (. + _Min_Stack_Size)
 *fill*         0x0000000020000380      0x400 
                0x0000000020000780                . = ALIGN (0x8)

/DISCARD/
 libc.a(*)
 libm.a(*)
 libgcc.a(*)

.ARM.attributes
                0x0000000000000000       0x30
 *(.ARM.attributes)
 .ARM.attributes
                0x0000000000000000       0x1e c:/st/stm32cubeide_1.8.0/stm32cubeide/plugins/com.st.stm32cube.ide.mcu.externaltools.gnu-tools-for-stm32.9-2020-q2-update.win32_2.0.0.202105311346/tools/bin/../lib/gcc/arm-none-eabi/9.3.1/thumb/v7e-m+fp/hard/crti.o
 .ARM.attributes
                0x000000000000001e       0x34 c:/st/stm32cubeide_1.8.0/stm32cubeide/plugins/com.st.stm32cube.ide.mcu.externaltools.gnu-tools-for-stm32.9-2020-q2-update.win32_2.0.0.202105311346/tools/bin/../lib/gcc/arm-none-eabi/9.3.1/thumb/v7e-m+fp/hard/crtbegin.o
 .ARM.attributes
                0x0000000000000052       0x34 ./Core/Src/EXTI_lib.o
 .ARM.attributes
                0x0000000000000086       0x34 ./Core/Src/GPIO_Lib.o
 .ARM.attributes
                0x00000000000000ba       0x34 ./Core/Src/I2c_lib.o
 .ARM.attributes
                0x00000000000000ee       0x34 ./Core/Src/NVIC_lib.o
 .ARM.attributes
                0x0000000000000122       0x34 ./Core/Src/RTC.o
 .ARM.attributes
                0x0000000000000156       0x34 ./Core/Src/UART_lib.o
 .ARM.attributes
                0x000000000000018a       0x34 ./Core/Src/clocks_lib.o
 .ARM.attributes
                0x00000000000001be       0x34 ./Core/Src/delay_timer_lib.o
 .ARM.attributes
                0x00000000000001f2       0x34 ./Core/Src/dht22.o
 .ARM.attributes
                0x0000000000000226       0x34 ./Core/Src/interrupts.o
 .ARM.attributes
                0x000000000000025a       0x34 ./Core/Src/main.o
 .ARM.attributes
                0x000000000000028e       0x34 ./Core/Src/sysmem.o
 .ARM.attributes
                0x00000000000002c2       0x34 ./Core/Src/system_stm32f4xx.o
 .ARM.attributes
                0x00000000000002f6       0x34 ./Core/Src/systick_IR_ timer_lib.o
 .ARM.attributes
                0x000000000000032a       0x21 ./Core/Startup/startup_stm32f401retx.o
 .ARM.attributes
                0x000000000000034b       0x34 c:/st/stm32cubeide_1.8.0/stm32cubeide/plugins/com.st.stm32cube.ide.mcu.externaltools.gnu-tools-for-stm32.9-2020-q2-update.win32_2.0.0.202105311346/tools/bin/../lib/gcc/arm-none-eabi/9.3.1/../../../../arm-none-eabi/lib/thumb/v7e-m+fp/hard\libc_nano.a(lib_a-errno.o)
 .ARM.attributes
                0x000000000000037f       0x32 c:/st/stm32cubeide_1.8.0/stm32cubeide/plugins/com.st.stm32cube.ide.mcu.externaltools.gnu-tools-for-stm32.9-2020-q2-update.win32_2.0.0.202105311346/tools/bin/../lib/gcc/arm-none-eabi/9.3.1/../../../../arm-none-eabi/lib/thumb/v7e-m+fp/hard\libc_nano.a(lib_a-impure.o)
 .ARM.attributes
                0x00000000000003b1       0x34 c:/st/stm32cubeide_1.8.0/stm32cubeide/plugins/com.st.stm32cube.ide.mcu.externaltools.gnu-tools-for-stm32.9-2020-q2-update.win32_2.0.0.202105311346/tools/bin/../lib/gcc/arm-none-eabi/9.3.1/../../../../arm-none-eabi/lib/thumb/v7e-m+fp/hard\libc_nano.a(lib_a-init.o)
 .ARM.attributes
                0x00000000000003e5       0x34 c:/st/stm32cubeide_1.8.0/stm32cubeide/plugins/com.st.stm32cube.ide.mcu.externaltools.gnu-tools-for-stm32.9-2020-q2-update.win32_2.0.0.202105311346/tools/bin/../lib/gcc/arm-none-eabi/9.3.1/../../../../arm-none-eabi/lib/thumb/v7e-m+fp/hard\libc_nano.a(lib_a-memset.o)
 .ARM.attributes
                0x0000000000000419       0x34 c:/st/stm32cubeide_1.8.0/stm32cubeide/plugins/com.st.stm32cube.ide.mcu.externaltools.gnu-tools-for-stm32.9-2020-q2-update.win32_2.0.0.202105311346/tools/bin/../lib/gcc/arm-none-eabi/9.3.1/../../../../arm-none-eabi/lib/thumb/v7e-m+fp/hard\libc_nano.a(lib_a-printf.o)
 .ARM.attributes
                0x000000000000044d       0x34 c:/st/stm32cubeide_1.8.0/stm32cubeide/plugins/com.st.stm32cube.ide.mcu.externaltools.gnu-tools-for-stm32.9-2020-q2-update.win32_2.0.0.202105311346/tools/bin/../lib/gcc/arm-none-eabi/9.3.1/../../../../arm-none-eabi/lib/thumb/v7e-m+fp/hard\libc_nano.a(lib_a-sprintf.o)
 .ARM.attributes
                0x0000000000000481       0x34 c:/st/stm32cubeide_1.8.0/stm32cubeide/plugins/com.st.stm32cube.ide.mcu.externaltools.gnu-tools-for-stm32.9-2020-q2-update.win32_2.0.0.202105311346/tools/bin/../lib/gcc/arm-none-eabi/9.3.1/../../../../arm-none-eabi/lib/thumb/v7e-m+fp/hard\libc_nano.a(lib_a-findfp.o)
 .ARM.attributes
                0x00000000000004b5       0x34 c:/st/stm32cubeide_1.8.0/stm32cubeide/plugins/com.st.stm32cube.ide.mcu.externaltools.gnu-tools-for-stm32.9-2020-q2-update.win32_2.0.0.202105311346/tools/bin/../lib/gcc/arm-none-eabi/9.3.1/../../../../arm-none-eabi/lib/thumb/v7e-m+fp/hard\libc_nano.a(lib_a-fwalk.o)
 .ARM.attributes
                0x00000000000004e9       0x34 c:/st/stm32cubeide_1.8.0/stm32cubeide/plugins/com.st.stm32cube.ide.mcu.externaltools.gnu-tools-for-stm32.9-2020-q2-update.win32_2.0.0.202105311346/tools/bin/../lib/gcc/arm-none-eabi/9.3.1/../../../../arm-none-eabi/lib/thumb/v7e-m+fp/hard\libc_nano.a(lib_a-lock.o)
 .ARM.attributes
                0x000000000000051d       0x34 c:/st/stm32cubeide_1.8.0/stm32cubeide/plugins/com.st.stm32cube.ide.mcu.externaltools.gnu-tools-for-stm32.9-2020-q2-update.win32_2.0.0.202105311346/tools/bin/../lib/gcc/arm-none-eabi/9.3.1/../../../../arm-none-eabi/lib/thumb/v7e-m+fp/hard\libc_nano.a(lib_a-nano-mallocr.o)
 .ARM.attributes
                0x0000000000000551       0x34 c:/st/stm32cubeide_1.8.0/stm32cubeide/plugins/com.st.stm32cube.ide.mcu.externaltools.gnu-tools-for-stm32.9-2020-q2-update.win32_2.0.0.202105311346/tools/bin/../lib/gcc/arm-none-eabi/9.3.1/../../../../arm-none-eabi/lib/thumb/v7e-m+fp/hard\libc_nano.a(lib_a-nano-svfprintf.o)
 .ARM.attributes
                0x0000000000000585       0x34 c:/st/stm32cubeide_1.8.0/stm32cubeide/plugins/com.st.stm32cube.ide.mcu.externaltools.gnu-tools-for-stm32.9-2020-q2-update.win32_2.0.0.202105311346/tools/bin/../lib/gcc/arm-none-eabi/9.3.1/../../../../arm-none-eabi/lib/thumb/v7e-m+fp/hard\libc_nano.a(lib_a-nano-vfprintf.o)
 .ARM.attributes
                0x00000000000005b9       0x34 c:/st/stm32cubeide_1.8.0/stm32cubeide/plugins/com.st.stm32cube.ide.mcu.externaltools.gnu-tools-for-stm32.9-2020-q2-update.win32_2.0.0.202105311346/tools/bin/../lib/gcc/arm-none-eabi/9.3.1/../../../../arm-none-eabi/lib/thumb/v7e-m+fp/hard\libc_nano.a(lib_a-nano-vfprintf_i.o)
 .ARM.attributes
                0x00000000000005ed       0x34 c:/st/stm32cubeide_1.8.0/stm32cubeide/plugins/com.st.stm32cube.ide.mcu.externaltools.gnu-tools-for-stm32.9-2020-q2-update.win32_2.0.0.202105311346/tools/bin/../lib/gcc/arm-none-eabi/9.3.1/../../../../arm-none-eabi/lib/thumb/v7e-m+fp/hard\libc_nano.a(lib_a-sbrkr.o)
 .ARM.attributes
                0x0000000000000621       0x34 c:/st/stm32cubeide_1.8.0/stm32cubeide/plugins/com.st.stm32cube.ide.mcu.externaltools.gnu-tools-for-stm32.9-2020-q2-update.win32_2.0.0.202105311346/tools/bin/../lib/gcc/arm-none-eabi/9.3.1/../../../../arm-none-eabi/lib/thumb/v7e-m+fp/hard\libc_nano.a(lib_a-stdio.o)
 .ARM.attributes
                0x0000000000000655       0x34 c:/st/stm32cubeide_1.8.0/stm32cubeide/plugins/com.st.stm32cube.ide.mcu.externaltools.gnu-tools-for-stm32.9-2020-q2-update.win32_2.0.0.202105311346/tools/bin/../lib/gcc/arm-none-eabi/9.3.1/../../../../arm-none-eabi/lib/thumb/v7e-m+fp/hard\libc_nano.a(lib_a-wbuf.o)
 .ARM.attributes
                0x0000000000000689       0x34 c:/st/stm32cubeide_1.8.0/stm32cubeide/plugins/com.st.stm32cube.ide.mcu.externaltools.gnu-tools-for-stm32.9-2020-q2-update.win32_2.0.0.202105311346/tools/bin/../lib/gcc/arm-none-eabi/9.3.1/../../../../arm-none-eabi/lib/thumb/v7e-m+fp/hard\libc_nano.a(lib_a-writer.o)
 .ARM.attributes
                0x00000000000006bd       0x34 c:/st/stm32cubeide_1.8.0/stm32cubeide/plugins/com.st.stm32cube.ide.mcu.externaltools.gnu-tools-for-stm32.9-2020-q2-update.win32_2.0.0.202105311346/tools/bin/../lib/gcc/arm-none-eabi/9.3.1/../../../../arm-none-eabi/lib/thumb/v7e-m+fp/hard\libc_nano.a(lib_a-wsetup.o)
 .ARM.attributes
                0x00000000000006f1       0x34 c:/st/stm32cubeide_1.8.0/stm32cubeide/plugins/com.st.stm32cube.ide.mcu.externaltools.gnu-tools-for-stm32.9-2020-q2-update.win32_2.0.0.202105311346/tools/bin/../lib/gcc/arm-none-eabi/9.3.1/../../../../arm-none-eabi/lib/thumb/v7e-m+fp/hard\libc_nano.a(lib_a-closer.o)
 .ARM.attributes
                0x0000000000000725       0x34 c:/st/stm32cubeide_1.8.0/stm32cubeide/plugins/com.st.stm32cube.ide.mcu.externaltools.gnu-tools-for-stm32.9-2020-q2-update.win32_2.0.0.202105311346/tools/bin/../lib/gcc/arm-none-eabi/9.3.1/../../../../arm-none-eabi/lib/thumb/v7e-m+fp/hard\libc_nano.a(lib_a-fflush.o)
 .ARM.attributes
                0x0000000000000759       0x34 c:/st/stm32cubeide_1.8.0/stm32cubeide/plugins/com.st.stm32cube.ide.mcu.externaltools.gnu-tools-for-stm32.9-2020-q2-update.win32_2.0.0.202105311346/tools/bin/../lib/gcc/arm-none-eabi/9.3.1/../../../../arm-none-eabi/lib/thumb/v7e-m+fp/hard\libc_nano.a(lib_a-lseekr.o)
 .ARM.attributes
                0x000000000000078d       0x34 c:/st/stm32cubeide_1.8.0/stm32cubeide/plugins/com.st.stm32cube.ide.mcu.externaltools.gnu-tools-for-stm32.9-2020-q2-update.win32_2.0.0.202105311346/tools/bin/../lib/gcc/arm-none-eabi/9.3.1/../../../../arm-none-eabi/lib/thumb/v7e-m+fp/hard\libc_nano.a(lib_a-makebuf.o)
 .ARM.attributes
                0x00000000000007c1       0x1c c:/st/stm32cubeide_1.8.0/stm32cubeide/plugins/com.st.stm32cube.ide.mcu.externaltools.gnu-tools-for-stm32.9-2020-q2-update.win32_2.0.0.202105311346/tools/bin/../lib/gcc/arm-none-eabi/9.3.1/../../../../arm-none-eabi/lib/thumb/v7e-m+fp/hard\libc_nano.a(lib_a-memchr.o)
 .ARM.attributes
                0x00000000000007dd       0x34 c:/st/stm32cubeide_1.8.0/stm32cubeide/plugins/com.st.stm32cube.ide.mcu.externaltools.gnu-tools-for-stm32.9-2020-q2-update.win32_2.0.0.202105311346/tools/bin/../lib/gcc/arm-none-eabi/9.3.1/../../../../arm-none-eabi/lib/thumb/v7e-m+fp/hard\libc_nano.a(lib_a-memcpy-stub.o)
 .ARM.attributes
                0x0000000000000811       0x34 c:/st/stm32cubeide_1.8.0/stm32cubeide/plugins/com.st.stm32cube.ide.mcu.externaltools.gnu-tools-for-stm32.9-2020-q2-update.win32_2.0.0.202105311346/tools/bin/../lib/gcc/arm-none-eabi/9.3.1/../../../../arm-none-eabi/lib/thumb/v7e-m+fp/hard\libc_nano.a(lib_a-memmove.o)
 .ARM.attributes
                0x0000000000000845       0x34 c:/st/stm32cubeide_1.8.0/stm32cubeide/plugins/com.st.stm32cube.ide.mcu.externaltools.gnu-tools-for-stm32.9-2020-q2-update.win32_2.0.0.202105311346/tools/bin/../lib/gcc/arm-none-eabi/9.3.1/../../../../arm-none-eabi/lib/thumb/v7e-m+fp/hard\libc_nano.a(lib_a-mlock.o)
 .ARM.attributes
                0x0000000000000879       0x34 c:/st/stm32cubeide_1.8.0/stm32cubeide/plugins/com.st.stm32cube.ide.mcu.externaltools.gnu-tools-for-stm32.9-2020-q2-update.win32_2.0.0.202105311346/tools/bin/../lib/gcc/arm-none-eabi/9.3.1/../../../../arm-none-eabi/lib/thumb/v7e-m+fp/hard\libc_nano.a(lib_a-nano-freer.o)
 .ARM.attributes
                0x00000000000008ad       0x34 c:/st/stm32cubeide_1.8.0/stm32cubeide/plugins/com.st.stm32cube.ide.mcu.externaltools.gnu-tools-for-stm32.9-2020-q2-update.win32_2.0.0.202105311346/tools/bin/../lib/gcc/arm-none-eabi/9.3.1/../../../../arm-none-eabi/lib/thumb/v7e-m+fp/hard\libc_nano.a(lib_a-nano-reallocr.o)
 .ARM.attributes
                0x00000000000008e1       0x34 c:/st/stm32cubeide_1.8.0/stm32cubeide/plugins/com.st.stm32cube.ide.mcu.externaltools.gnu-tools-for-stm32.9-2020-q2-update.win32_2.0.0.202105311346/tools/bin/../lib/gcc/arm-none-eabi/9.3.1/../../../../arm-none-eabi/lib/thumb/v7e-m+fp/hard\libc_nano.a(lib_a-readr.o)
 .ARM.attributes
                0x0000000000000915       0x34 c:/st/stm32cubeide_1.8.0/stm32cubeide/plugins/com.st.stm32cube.ide.mcu.externaltools.gnu-tools-for-stm32.9-2020-q2-update.win32_2.0.0.202105311346/tools/bin/../lib/gcc/arm-none-eabi/9.3.1/../../../../arm-none-eabi/lib/thumb/v7e-m+fp/hard\libc_nano.a(lib_a-reent.o)
 .ARM.attributes
                0x0000000000000949       0x34 c:/st/stm32cubeide_1.8.0/stm32cubeide/plugins/com.st.stm32cube.ide.mcu.externaltools.gnu-tools-for-stm32.9-2020-q2-update.win32_2.0.0.202105311346/tools/bin/../lib/gcc/arm-none-eabi/9.3.1/../../../../arm-none-eabi/lib/thumb/v7e-m+fp/hard\libc_nano.a(lib_a-fstatr.o)
 .ARM.attributes
                0x000000000000097d       0x34 c:/st/stm32cubeide_1.8.0/stm32cubeide/plugins/com.st.stm32cube.ide.mcu.externaltools.gnu-tools-for-stm32.9-2020-q2-update.win32_2.0.0.202105311346/tools/bin/../lib/gcc/arm-none-eabi/9.3.1/../../../../arm-none-eabi/lib/thumb/v7e-m+fp/hard\libc_nano.a(lib_a-isattyr.o)
 .ARM.attributes
                0x00000000000009b1       0x34 c:/st/stm32cubeide_1.8.0/stm32cubeide/plugins/com.st.stm32cube.ide.mcu.externaltools.gnu-tools-for-stm32.9-2020-q2-update.win32_2.0.0.202105311346/tools/bin/../lib/gcc/arm-none-eabi/9.3.1/../../../../arm-none-eabi/lib/thumb/v7e-m+fp/hard\libc_nano.a(lib_a-nano-msizer.o)
 .ARM.attributes
                0x00000000000009e5       0x34 c:/st/stm32cubeide_1.8.0/stm32cubeide/plugins/com.st.stm32cube.ide.mcu.externaltools.gnu-tools-for-stm32.9-2020-q2-update.win32_2.0.0.202105311346/tools/bin/../lib/gcc/arm-none-eabi/9.3.1/../../../../arm-none-eabi/lib/thumb/v7e-m+fp/hard\librdimon_nano.a(rdimon-syscalls.o)
 .ARM.attributes
                0x0000000000000a19       0x1e c:/st/stm32cubeide_1.8.0/stm32cubeide/plugins/com.st.stm32cube.ide.mcu.externaltools.gnu-tools-for-stm32.9-2020-q2-update.win32_2.0.0.202105311346/tools/bin/../lib/gcc/arm-none-eabi/9.3.1/thumb/v7e-m+fp/hard/crtn.o
OUTPUT(weather_station2.elf elf32-littlearm)
LOAD linker stubs
LOAD c:/st/stm32cubeide_1.8.0/stm32cubeide/plugins/com.st.stm32cube.ide.mcu.externaltools.gnu-tools-for-stm32.9-2020-q2-update.win32_2.0.0.202105311346/tools/bin/../lib/gcc/arm-none-eabi/9.3.1/../../../../arm-none-eabi/lib/thumb/v7e-m+fp/hard\libc.a
LOAD c:/st/stm32cubeide_1.8.0/stm32cubeide/plugins/com.st.stm32cube.ide.mcu.externaltools.gnu-tools-for-stm32.9-2020-q2-update.win32_2.0.0.202105311346/tools/bin/../lib/gcc/arm-none-eabi/9.3.1/../../../../arm-none-eabi/lib/thumb/v7e-m+fp/hard\libm.a
LOAD c:/st/stm32cubeide_1.8.0/stm32cubeide/plugins/com.st.stm32cube.ide.mcu.externaltools.gnu-tools-for-stm32.9-2020-q2-update.win32_2.0.0.202105311346/tools/bin/../lib/gcc/arm-none-eabi/9.3.1/thumb/v7e-m+fp/hard\libgcc.a

.debug_info     0x0000000000000000     0x7029
 .debug_info    0x0000000000000000      0x4e0 ./Core/Src/EXTI_lib.o
 .debug_info    0x00000000000004e0      0x5f9 ./Core/Src/GPIO_Lib.o
 .debug_info    0x0000000000000ad9      0x8a0 ./Core/Src/I2c_lib.o
 .debug_info    0x0000000000001379      0x32c ./Core/Src/NVIC_lib.o
 .debug_info    0x00000000000016a5      0x7d4 ./Core/Src/RTC.o
 .debug_info    0x0000000000001e79      0x4c0 ./Core/Src/UART_lib.o
 .debug_info    0x0000000000002339      0xf66 ./Core/Src/clocks_lib.o
 .debug_info    0x000000000000329f      0x5b0 ./Core/Src/delay_timer_lib.o
 .debug_info    0x000000000000384f      0x5c2 ./Core/Src/dht22.o
 .debug_info    0x0000000000003e11      0xebd ./Core/Src/interrupts.o
 .debug_info    0x0000000000004cce     0x1167 ./Core/Src/main.o
 .debug_info    0x0000000000005e35      0xa25 ./Core/Src/sysmem.o
 .debug_info    0x000000000000685a      0x572 ./Core/Src/system_stm32f4xx.o
 .debug_info    0x0000000000006dcc      0x23b ./Core/Src/systick_IR_ timer_lib.o
 .debug_info    0x0000000000007007       0x22 ./Core/Startup/startup_stm32f401retx.o

.debug_abbrev   0x0000000000000000     0x1883
 .debug_abbrev  0x0000000000000000      0x165 ./Core/Src/EXTI_lib.o
 .debug_abbrev  0x0000000000000165      0x1b1 ./Core/Src/GPIO_Lib.o
 .debug_abbrev  0x0000000000000316      0x21d ./Core/Src/I2c_lib.o
 .debug_abbrev  0x0000000000000533      0x14e ./Core/Src/NVIC_lib.o
 .debug_abbrev  0x0000000000000681      0x1d3 ./Core/Src/RTC.o
 .debug_abbrev  0x0000000000000854      0x182 ./Core/Src/UART_lib.o
 .debug_abbrev  0x00000000000009d6      0x2ba ./Core/Src/clocks_lib.o
 .debug_abbrev  0x0000000000000c90      0x17d ./Core/Src/delay_timer_lib.o
 .debug_abbrev  0x0000000000000e0d      0x1b2 ./Core/Src/dht22.o
 .debug_abbrev  0x0000000000000fbf      0x20b ./Core/Src/interrupts.o
 .debug_abbrev  0x00000000000011ca      0x269 ./Core/Src/main.o
 .debug_abbrev  0x0000000000001433      0x1bf ./Core/Src/sysmem.o
 .debug_abbrev  0x00000000000015f2      0x129 ./Core/Src/system_stm32f4xx.o
 .debug_abbrev  0x000000000000171b      0x156 ./Core/Src/systick_IR_ timer_lib.o
 .debug_abbrev  0x0000000000001871       0x12 ./Core/Startup/startup_stm32f401retx.o

.debug_aranges  0x0000000000000000      0x3e0
 .debug_aranges
                0x0000000000000000       0x30 ./Core/Src/EXTI_lib.o
 .debug_aranges
                0x0000000000000030       0x48 ./Core/Src/GPIO_Lib.o
 .debug_aranges
                0x0000000000000078       0x88 ./Core/Src/I2c_lib.o
 .debug_aranges
                0x0000000000000100       0x30 ./Core/Src/NVIC_lib.o
 .debug_aranges
                0x0000000000000130       0x38 ./Core/Src/RTC.o
 .debug_aranges
                0x0000000000000168       0x38 ./Core/Src/UART_lib.o
 .debug_aranges
                0x00000000000001a0       0x98 ./Core/Src/clocks_lib.o
 .debug_aranges
                0x0000000000000238       0x40 ./Core/Src/delay_timer_lib.o
 .debug_aranges
                0x0000000000000278       0x48 ./Core/Src/dht22.o
 .debug_aranges
                0x00000000000002c0       0x38 ./Core/Src/interrupts.o
 .debug_aranges
                0x00000000000002f8       0x40 ./Core/Src/main.o
 .debug_aranges
                0x0000000000000338       0x20 ./Core/Src/sysmem.o
 .debug_aranges
                0x0000000000000358       0x28 ./Core/Src/system_stm32f4xx.o
 .debug_aranges
                0x0000000000000380       0x38 ./Core/Src/systick_IR_ timer_lib.o
 .debug_aranges
                0x00000000000003b8       0x28 ./Core/Startup/startup_stm32f401retx.o

.debug_ranges   0x0000000000000000      0x2f8
 .debug_ranges  0x0000000000000000       0x20 ./Core/Src/EXTI_lib.o
 .debug_ranges  0x0000000000000020       0x38 ./Core/Src/GPIO_Lib.o
 .debug_ranges  0x0000000000000058       0x78 ./Core/Src/I2c_lib.o
 .debug_ranges  0x00000000000000d0       0x20 ./Core/Src/NVIC_lib.o
 .debug_ranges  0x00000000000000f0       0x28 ./Core/Src/RTC.o
 .debug_ranges  0x0000000000000118       0x28 ./Core/Src/UART_lib.o
 .debug_ranges  0x0000000000000140       0x88 ./Core/Src/clocks_lib.o
 .debug_ranges  0x00000000000001c8       0x30 ./Core/Src/delay_timer_lib.o
 .debug_ranges  0x00000000000001f8       0x38 ./Core/Src/dht22.o
 .debug_ranges  0x0000000000000230       0x28 ./Core/Src/interrupts.o
 .debug_ranges  0x0000000000000258       0x30 ./Core/Src/main.o
 .debug_ranges  0x0000000000000288       0x10 ./Core/Src/sysmem.o
 .debug_ranges  0x0000000000000298       0x18 ./Core/Src/system_stm32f4xx.o
 .debug_ranges  0x00000000000002b0       0x28 ./Core/Src/systick_IR_ timer_lib.o
 .debug_ranges  0x00000000000002d8       0x20 ./Core/Startup/startup_stm32f401retx.o

.debug_macro    0x0000000000000000    0x10012
 .debug_macro   0x0000000000000000       0xdd ./Core/Src/EXTI_lib.o
 .debug_macro   0x00000000000000dd      0xaa8 ./Core/Src/EXTI_lib.o
 .debug_macro   0x0000000000000b85       0x2e ./Core/Src/EXTI_lib.o
 .debug_macro   0x0000000000000bb3       0x28 ./Core/Src/EXTI_lib.o
 .debug_macro   0x0000000000000bdb       0x22 ./Core/Src/EXTI_lib.o
 .debug_macro   0x0000000000000bfd       0x8e ./Core/Src/EXTI_lib.o
 .debug_macro   0x0000000000000c8b       0x51 ./Core/Src/EXTI_lib.o
 .debug_macro   0x0000000000000cdc      0x103 ./Core/Src/EXTI_lib.o
 .debug_macro   0x0000000000000ddf       0x6a ./Core/Src/EXTI_lib.o
 .debug_macro   0x0000000000000e49      0x1df ./Core/Src/EXTI_lib.o
 .debug_macro   0x0000000000001028       0x1c ./Core/Src/EXTI_lib.o
 .debug_macro   0x0000000000001044       0x22 ./Core/Src/EXTI_lib.o
 .debug_macro   0x0000000000001066       0xdf ./Core/Src/EXTI_lib.o
 .debug_macro   0x0000000000001145     0x102d ./Core/Src/EXTI_lib.o
 .debug_macro   0x0000000000002172      0x11f ./Core/Src/EXTI_lib.o
 .debug_macro   0x0000000000002291     0xb86c ./Core/Src/EXTI_lib.o
 .debug_macro   0x000000000000dafd       0x6d ./Core/Src/EXTI_lib.o
 .debug_macro   0x000000000000db6a       0x3a ./Core/Src/EXTI_lib.o
 .debug_macro   0x000000000000dba4       0xdd ./Core/Src/GPIO_Lib.o
 .debug_macro   0x000000000000dc81       0x28 ./Core/Src/GPIO_Lib.o
 .debug_macro   0x000000000000dca9       0xf0 ./Core/Src/I2c_lib.o
 .debug_macro   0x000000000000dd99       0x22 ./Core/Src/I2c_lib.o
 .debug_macro   0x000000000000ddbb       0x8e ./Core/Src/I2c_lib.o
 .debug_macro   0x000000000000de49       0xd8 ./Core/Src/NVIC_lib.o
 .debug_macro   0x000000000000df21       0xdd ./Core/Src/RTC.o
 .debug_macro   0x000000000000dffe       0x1c ./Core/Src/RTC.o
 .debug_macro   0x000000000000e01a       0xe0 ./Core/Src/UART_lib.o
 .debug_macro   0x000000000000e0fa       0x2e ./Core/Src/UART_lib.o
 .debug_macro   0x000000000000e128      0x241 ./Core/Src/clocks_lib.o
 .debug_macro   0x000000000000e369       0x88 ./Core/Src/clocks_lib.o
 .debug_macro   0x000000000000e3f1       0x52 ./Core/Src/clocks_lib.o
 .debug_macro   0x000000000000e443       0x18 ./Core/Src/clocks_lib.o
 .debug_macro   0x000000000000e45b       0x3c ./Core/Src/clocks_lib.o
 .debug_macro   0x000000000000e497       0x34 ./Core/Src/clocks_lib.o
 .debug_macro   0x000000000000e4cb       0x16 ./Core/Src/clocks_lib.o
 .debug_macro   0x000000000000e4e1       0x97 ./Core/Src/clocks_lib.o
 .debug_macro   0x000000000000e578      0x333 ./Core/Src/clocks_lib.o
 .debug_macro   0x000000000000e8ab       0xfd ./Core/Src/clocks_lib.o
 .debug_macro   0x000000000000e9a8       0x10 ./Core/Src/clocks_lib.o
 .debug_macro   0x000000000000e9b8       0x16 ./Core/Src/clocks_lib.o
 .debug_macro   0x000000000000e9ce       0x43 ./Core/Src/clocks_lib.o
 .debug_macro   0x000000000000ea11       0x34 ./Core/Src/clocks_lib.o
 .debug_macro   0x000000000000ea45       0x10 ./Core/Src/clocks_lib.o
 .debug_macro   0x000000000000ea55       0x58 ./Core/Src/clocks_lib.o
 .debug_macro   0x000000000000eaad       0x71 ./Core/Src/clocks_lib.o
 .debug_macro   0x000000000000eb1e       0x1c ./Core/Src/clocks_lib.o
 .debug_macro   0x000000000000eb3a      0x12a ./Core/Src/clocks_lib.o
 .debug_macro   0x000000000000ec64       0x10 ./Core/Src/clocks_lib.o
 .debug_macro   0x000000000000ec74       0x1c ./Core/Src/clocks_lib.o
 .debug_macro   0x000000000000ec90       0x52 ./Core/Src/clocks_lib.o
 .debug_macro   0x000000000000ece2       0x22 ./Core/Src/clocks_lib.o
 .debug_macro   0x000000000000ed04       0x10 ./Core/Src/clocks_lib.o
 .debug_macro   0x000000000000ed14       0x40 ./Core/Src/clocks_lib.o
 .debug_macro   0x000000000000ed54       0xd5 ./Core/Src/clocks_lib.o
 .debug_macro   0x000000000000ee29       0x1c ./Core/Src/clocks_lib.o
 .debug_macro   0x000000000000ee45       0x3d ./Core/Src/clocks_lib.o
 .debug_macro   0x000000000000ee82       0x16 ./Core/Src/clocks_lib.o
 .debug_macro   0x000000000000ee98      0x145 ./Core/Src/clocks_lib.o
 .debug_macro   0x000000000000efdd       0xe0 ./Core/Src/delay_timer_lib.o
 .debug_macro   0x000000000000f0bd       0x16 ./Core/Src/delay_timer_lib.o
 .debug_macro   0x000000000000f0d3      0x108 ./Core/Src/dht22.o
 .debug_macro   0x000000000000f1db       0x1c ./Core/Src/dht22.o
 .debug_macro   0x000000000000f1f7       0x16 ./Core/Src/dht22.o
 .debug_macro   0x000000000000f20d       0x40 ./Core/Src/dht22.o
 .debug_macro   0x000000000000f24d      0x266 ./Core/Src/interrupts.o
 .debug_macro   0x000000000000f4b3       0x2e ./Core/Src/interrupts.o
 .debug_macro   0x000000000000f4e1       0x28 ./Core/Src/interrupts.o
 .debug_macro   0x000000000000f509      0x2b7 ./Core/Src/main.o
 .debug_macro   0x000000000000f7c0       0x16 ./Core/Src/main.o
 .debug_macro   0x000000000000f7d6       0x35 ./Core/Src/main.o
 .debug_macro   0x000000000000f80b       0x20 ./Core/Src/main.o
 .debug_macro   0x000000000000f82b       0x22 ./Core/Src/main.o
 .debug_macro   0x000000000000f84d       0xff ./Core/Src/sysmem.o
 .debug_macro   0x000000000000f94c       0x10 ./Core/Src/sysmem.o
 .debug_macro   0x000000000000f95c       0x4c ./Core/Src/sysmem.o
 .debug_macro   0x000000000000f9a8       0x94 ./Core/Src/sysmem.o
 .debug_macro   0x000000000000fa3c      0x174 ./Core/Src/sysmem.o
 .debug_macro   0x000000000000fbb0       0x57 ./Core/Src/sysmem.o
 .debug_macro   0x000000000000fc07      0x23b ./Core/Src/sysmem.o
 .debug_macro   0x000000000000fe42       0xda ./Core/Src/system_stm32f4xx.o
 .debug_macro   0x000000000000ff1c       0xe6 ./Core/Src/systick_IR_ timer_lib.o
 .debug_macro   0x0000000000010002       0x10 ./Core/Src/systick_IR_ timer_lib.o

.debug_line     0x0000000000000000     0x5794
 .debug_line    0x0000000000000000      0x53e ./Core/Src/EXTI_lib.o
 .debug_line    0x000000000000053e      0x622 ./Core/Src/GPIO_Lib.o
 .debug_line    0x0000000000000b60      0x8db ./Core/Src/I2c_lib.o
 .debug_line    0x000000000000143b      0x4df ./Core/Src/NVIC_lib.o
 .debug_line    0x000000000000191a      0x5f1 ./Core/Src/RTC.o
 .debug_line    0x0000000000001f0b      0x55e ./Core/Src/UART_lib.o
 .debug_line    0x0000000000002469      0x93e ./Core/Src/clocks_lib.o
 .debug_line    0x0000000000002da7      0x5cc ./Core/Src/delay_timer_lib.o
 .debug_line    0x0000000000003373      0x5c5 ./Core/Src/dht22.o
 .debug_line    0x0000000000003938      0x6eb ./Core/Src/interrupts.o
 .debug_line    0x0000000000004023      0x7f5 ./Core/Src/main.o
 .debug_line    0x0000000000004818      0x4f8 ./Core/Src/sysmem.o
 .debug_line    0x0000000000004d10      0x4f2 ./Core/Src/system_stm32f4xx.o
 .debug_line    0x0000000000005202      0x50a ./Core/Src/systick_IR_ timer_lib.o
 .debug_line    0x000000000000570c       0x88 ./Core/Startup/startup_stm32f401retx.o

.debug_str      0x0000000000000000    0x550e7
 .debug_str     0x0000000000000000    0x4f5ad ./Core/Src/EXTI_lib.o
                                      0x4f739 (size before relaxing)
 .debug_str     0x000000000004f5ad      0x1b2 ./Core/Src/GPIO_Lib.o
                                      0x4f7b8 (size before relaxing)
 .debug_str     0x000000000004f75f      0x75f ./Core/Src/I2c_lib.o
                                      0x4fd69 (size before relaxing)
 .debug_str     0x000000000004febe       0x70 ./Core/Src/NVIC_lib.o
                                      0x4f5b9 (size before relaxing)
 .debug_str     0x000000000004ff2e      0x21d ./Core/Src/RTC.o
                                      0x4f838 (size before relaxing)
 .debug_str     0x000000000005014b      0x119 ./Core/Src/UART_lib.o
                                      0x4f888 (size before relaxing)
 .debug_str     0x0000000000050264     0x4442 ./Core/Src/clocks_lib.o
                                      0x53d32 (size before relaxing)
 .debug_str     0x00000000000546a6       0xd4 ./Core/Src/delay_timer_lib.o
                                      0x4f884 (size before relaxing)
 .debug_str     0x000000000005477a      0x146 ./Core/Src/dht22.o
                                      0x4fbcb (size before relaxing)
 .debug_str     0x00000000000548c0       0xb1 ./Core/Src/interrupts.o
                                      0x53d17 (size before relaxing)
 .debug_str     0x0000000000054971      0x104 ./Core/Src/main.o
                                      0x53ef7 (size before relaxing)
 .debug_str     0x0000000000054a75      0x4e9 ./Core/Src/sysmem.o
                                       0x62a2 (size before relaxing)
 .debug_str     0x0000000000054f5e       0xed ./Core/Src/system_stm32f4xx.o
                                      0x4f6db (size before relaxing)
 .debug_str     0x000000000005504b       0x66 ./Core/Src/systick_IR_ timer_lib.o
                                      0x4f720 (size before relaxing)
 .debug_str     0x00000000000550b1       0x36 ./Core/Startup/startup_stm32f401retx.o
                                         0x73 (size before relaxing)

.comment        0x0000000000000000       0x53
 .comment       0x0000000000000000       0x53 ./Core/Src/EXTI_lib.o
                                         0x54 (size before relaxing)
 .comment       0x0000000000000053       0x54 ./Core/Src/GPIO_Lib.o
 .comment       0x0000000000000053       0x54 ./Core/Src/I2c_lib.o
 .comment       0x0000000000000053       0x54 ./Core/Src/NVIC_lib.o
 .comment       0x0000000000000053       0x54 ./Core/Src/RTC.o
 .comment       0x0000000000000053       0x54 ./Core/Src/UART_lib.o
 .comment       0x0000000000000053       0x54 ./Core/Src/clocks_lib.o
 .comment       0x0000000000000053       0x54 ./Core/Src/delay_timer_lib.o
 .comment       0x0000000000000053       0x54 ./Core/Src/dht22.o
 .comment       0x0000000000000053       0x54 ./Core/Src/interrupts.o
 .comment       0x0000000000000053       0x54 ./Core/Src/main.o
 .comment       0x0000000000000053       0x54 ./Core/Src/sysmem.o
 .comment       0x0000000000000053       0x54 ./Core/Src/system_stm32f4xx.o
 .comment       0x0000000000000053       0x54 ./Core/Src/systick_IR_ timer_lib.o

.debug_frame    0x0000000000000000     0x191c
 .debug_frame   0x0000000000000000       0x80 ./Core/Src/EXTI_lib.o
 .debug_frame   0x0000000000000080       0xfc ./Core/Src/GPIO_Lib.o
 .debug_frame   0x000000000000017c      0x214 ./Core/Src/I2c_lib.o
 .debug_frame   0x0000000000000390       0x80 ./Core/Src/NVIC_lib.o
 .debug_frame   0x0000000000000410       0xa8 ./Core/Src/RTC.o
 .debug_frame   0x00000000000004b8       0xa8 ./Core/Src/UART_lib.o
 .debug_frame   0x0000000000000560      0x25c ./Core/Src/clocks_lib.o
 .debug_frame   0x00000000000007bc       0xc8 ./Core/Src/delay_timer_lib.o
 .debug_frame   0x0000000000000884       0xc0 ./Core/Src/dht22.o
 .debug_frame   0x0000000000000944       0x84 ./Core/Src/interrupts.o
 .debug_frame   0x00000000000009c8       0xc0 ./Core/Src/main.o
 .debug_frame   0x0000000000000a88       0x34 ./Core/Src/sysmem.o
 .debug_frame   0x0000000000000abc       0x58 ./Core/Src/system_stm32f4xx.o
 .debug_frame   0x0000000000000b14       0xa4 ./Core/Src/systick_IR_ timer_lib.o
 .debug_frame   0x0000000000000bb8       0x20 c:/st/stm32cubeide_1.8.0/stm32cubeide/plugins/com.st.stm32cube.ide.mcu.externaltools.gnu-tools-for-stm32.9-2020-q2-update.win32_2.0.0.202105311346/tools/bin/../lib/gcc/arm-none-eabi/9.3.1/../../../../arm-none-eabi/lib/thumb/v7e-m+fp/hard\libc_nano.a(lib_a-errno.o)
 .debug_frame   0x0000000000000bd8       0x2c c:/st/stm32cubeide_1.8.0/stm32cubeide/plugins/com.st.stm32cube.ide.mcu.externaltools.gnu-tools-for-stm32.9-2020-q2-update.win32_2.0.0.202105311346/tools/bin/../lib/gcc/arm-none-eabi/9.3.1/../../../../arm-none-eabi/lib/thumb/v7e-m+fp/hard\libc_nano.a(lib_a-init.o)
 .debug_frame   0x0000000000000c04       0x20 c:/st/stm32cubeide_1.8.0/stm32cubeide/plugins/com.st.stm32cube.ide.mcu.externaltools.gnu-tools-for-stm32.9-2020-q2-update.win32_2.0.0.202105311346/tools/bin/../lib/gcc/arm-none-eabi/9.3.1/../../../../arm-none-eabi/lib/thumb/v7e-m+fp/hard\libc_nano.a(lib_a-memset.o)
 .debug_frame   0x0000000000000c24       0x74 c:/st/stm32cubeide_1.8.0/stm32cubeide/plugins/com.st.stm32cube.ide.mcu.externaltools.gnu-tools-for-stm32.9-2020-q2-update.win32_2.0.0.202105311346/tools/bin/../lib/gcc/arm-none-eabi/9.3.1/../../../../arm-none-eabi/lib/thumb/v7e-m+fp/hard\libc_nano.a(lib_a-printf.o)
 .debug_frame   0x0000000000000c98       0x6c c:/st/stm32cubeide_1.8.0/stm32cubeide/plugins/com.st.stm32cube.ide.mcu.externaltools.gnu-tools-for-stm32.9-2020-q2-update.win32_2.0.0.202105311346/tools/bin/../lib/gcc/arm-none-eabi/9.3.1/../../../../arm-none-eabi/lib/thumb/v7e-m+fp/hard\libc_nano.a(lib_a-sprintf.o)
 .debug_frame   0x0000000000000d04      0x14c c:/st/stm32cubeide_1.8.0/stm32cubeide/plugins/com.st.stm32cube.ide.mcu.externaltools.gnu-tools-for-stm32.9-2020-q2-update.win32_2.0.0.202105311346/tools/bin/../lib/gcc/arm-none-eabi/9.3.1/../../../../arm-none-eabi/lib/thumb/v7e-m+fp/hard\libc_nano.a(lib_a-findfp.o)
 .debug_frame   0x0000000000000e50       0x54 c:/st/stm32cubeide_1.8.0/stm32cubeide/plugins/com.st.stm32cube.ide.mcu.externaltools.gnu-tools-for-stm32.9-2020-q2-update.win32_2.0.0.202105311346/tools/bin/../lib/gcc/arm-none-eabi/9.3.1/../../../../arm-none-eabi/lib/thumb/v7e-m+fp/hard\libc_nano.a(lib_a-fwalk.o)
 .debug_frame   0x0000000000000ea4       0xb0 c:/st/stm32cubeide_1.8.0/stm32cubeide/plugins/com.st.stm32cube.ide.mcu.externaltools.gnu-tools-for-stm32.9-2020-q2-update.win32_2.0.0.202105311346/tools/bin/../lib/gcc/arm-none-eabi/9.3.1/../../../../arm-none-eabi/lib/thumb/v7e-m+fp/hard\libc_nano.a(lib_a-lock.o)
 .debug_frame   0x0000000000000f54       0x30 c:/st/stm32cubeide_1.8.0/stm32cubeide/plugins/com.st.stm32cube.ide.mcu.externaltools.gnu-tools-for-stm32.9-2020-q2-update.win32_2.0.0.202105311346/tools/bin/../lib/gcc/arm-none-eabi/9.3.1/../../../../arm-none-eabi/lib/thumb/v7e-m+fp/hard\libc_nano.a(lib_a-nano-mallocr.o)
 .debug_frame   0x0000000000000f84       0x90 c:/st/stm32cubeide_1.8.0/stm32cubeide/plugins/com.st.stm32cube.ide.mcu.externaltools.gnu-tools-for-stm32.9-2020-q2-update.win32_2.0.0.202105311346/tools/bin/../lib/gcc/arm-none-eabi/9.3.1/../../../../arm-none-eabi/lib/thumb/v7e-m+fp/hard\libc_nano.a(lib_a-nano-svfprintf.o)
 .debug_frame   0x0000000000001014       0xac c:/st/stm32cubeide_1.8.0/stm32cubeide/plugins/com.st.stm32cube.ide.mcu.externaltools.gnu-tools-for-stm32.9-2020-q2-update.win32_2.0.0.202105311346/tools/bin/../lib/gcc/arm-none-eabi/9.3.1/../../../../arm-none-eabi/lib/thumb/v7e-m+fp/hard\libc_nano.a(lib_a-nano-vfprintf.o)
 .debug_frame   0x00000000000010c0       0x60 c:/st/stm32cubeide_1.8.0/stm32cubeide/plugins/com.st.stm32cube.ide.mcu.externaltools.gnu-tools-for-stm32.9-2020-q2-update.win32_2.0.0.202105311346/tools/bin/../lib/gcc/arm-none-eabi/9.3.1/../../../../arm-none-eabi/lib/thumb/v7e-m+fp/hard\libc_nano.a(lib_a-nano-vfprintf_i.o)
 .debug_frame   0x0000000000001120       0x2c c:/st/stm32cubeide_1.8.0/stm32cubeide/plugins/com.st.stm32cube.ide.mcu.externaltools.gnu-tools-for-stm32.9-2020-q2-update.win32_2.0.0.202105311346/tools/bin/../lib/gcc/arm-none-eabi/9.3.1/../../../../arm-none-eabi/lib/thumb/v7e-m+fp/hard\libc_nano.a(lib_a-sbrkr.o)
 .debug_frame   0x000000000000114c       0x88 c:/st/stm32cubeide_1.8.0/stm32cubeide/plugins/com.st.stm32cube.ide.mcu.externaltools.gnu-tools-for-stm32.9-2020-q2-update.win32_2.0.0.202105311346/tools/bin/../lib/gcc/arm-none-eabi/9.3.1/../../../../arm-none-eabi/lib/thumb/v7e-m+fp/hard\libc_nano.a(lib_a-stdio.o)
 .debug_frame   0x00000000000011d4       0x40 c:/st/stm32cubeide_1.8.0/stm32cubeide/plugins/com.st.stm32cube.ide.mcu.externaltools.gnu-tools-for-stm32.9-2020-q2-update.win32_2.0.0.202105311346/tools/bin/../lib/gcc/arm-none-eabi/9.3.1/../../../../arm-none-eabi/lib/thumb/v7e-m+fp/hard\libc_nano.a(lib_a-wbuf.o)
 .debug_frame   0x0000000000001214       0x2c c:/st/stm32cubeide_1.8.0/stm32cubeide/plugins/com.st.stm32cube.ide.mcu.externaltools.gnu-tools-for-stm32.9-2020-q2-update.win32_2.0.0.202105311346/tools/bin/../lib/gcc/arm-none-eabi/9.3.1/../../../../arm-none-eabi/lib/thumb/v7e-m+fp/hard\libc_nano.a(lib_a-writer.o)
 .debug_frame   0x0000000000001240       0x2c c:/st/stm32cubeide_1.8.0/stm32cubeide/plugins/com.st.stm32cube.ide.mcu.externaltools.gnu-tools-for-stm32.9-2020-q2-update.win32_2.0.0.202105311346/tools/bin/../lib/gcc/arm-none-eabi/9.3.1/../../../../arm-none-eabi/lib/thumb/v7e-m+fp/hard\libc_nano.a(lib_a-wsetup.o)
 .debug_frame   0x000000000000126c       0x2c c:/st/stm32cubeide_1.8.0/stm32cubeide/plugins/com.st.stm32cube.ide.mcu.externaltools.gnu-tools-for-stm32.9-2020-q2-update.win32_2.0.0.202105311346/tools/bin/../lib/gcc/arm-none-eabi/9.3.1/../../../../arm-none-eabi/lib/thumb/v7e-m+fp/hard\libc_nano.a(lib_a-closer.o)