clocks_lib.c:11:13:select_clk_source	16	static
clocks_lib.c:15:17:get_AHB_prescaler	16	static
clocks_lib.c:55:16:get_PLLM	4	static
clocks_lib.c:60:17:get_PLLN	4	static
clocks_lib.c:65:16:get_PLLP	16	static
clocks_lib.c:86:17:get_clk_value	24	static
clocks_lib.c:97:17:calculate_PLL_clk	16	static
clocks_lib.c:104:6:init_SYSCLK_HSE	8	static
clocks_lib.c:112:6:init_SYSCLK_PLL	32	static
clocks_lib.c:157:6:init_peripheral_prescalers	16	static
clocks_lib.c:164:9:get_APB1_prescaler	16	static
clocks_lib.c:190:9:get_APB2_prescaler	16	static
clocks_lib.c:216:10:get_SYSCLK	24	static
clocks_lib.c:238:10:get_AHB_clock	16	static
clocks_lib.c:243:10:get_APB1_clock	16	static
clocks_lib.c:248:10:get_APB2_clock	16	static
